Component: ARM Compiler 5.06 update 7 (build 960) Tool: armlink [4d3601]

==============================================================================

Section Cross References

    startup_stm32h743xx.o(STACK) refers (Special) to heapauxi.o(.text) for __use_two_region_memory
    startup_stm32h743xx.o(HEAP) refers (Special) to heapauxi.o(.text) for __use_two_region_memory
    startup_stm32h743xx.o(RESET) refers (Special) to heapauxi.o(.text) for __use_two_region_memory
    startup_stm32h743xx.o(RESET) refers to startup_stm32h743xx.o(STACK) for __initial_sp
    startup_stm32h743xx.o(RESET) refers to startup_stm32h743xx.o(.text) for Reset_Handler
    startup_stm32h743xx.o(RESET) refers to stm32h7xx_it.o(i.NMI_Handler) for NMI_Handler
    startup_stm32h743xx.o(RESET) refers to stm32h7xx_it.o(i.HardFault_Handler) for HardFault_Handler
    startup_stm32h743xx.o(RESET) refers to stm32h7xx_it.o(i.MemManage_Handler) for MemManage_Handler
    startup_stm32h743xx.o(RESET) refers to stm32h7xx_it.o(i.BusFault_Handler) for BusFault_Handler
    startup_stm32h743xx.o(RESET) refers to stm32h7xx_it.o(i.UsageFault_Handler) for UsageFault_Handler
    startup_stm32h743xx.o(RESET) refers to port.o(.emb_text) for SVC_Handler
    startup_stm32h743xx.o(RESET) refers to stm32h7xx_it.o(i.DebugMon_Handler) for DebugMon_Handler
    startup_stm32h743xx.o(RESET) refers to stm32h7xx_it.o(i.SysTick_Handler) for SysTick_Handler
    startup_stm32h743xx.o(RESET) refers to stm32h7xx_it.o(i.FDCAN1_IT0_IRQHandler) for FDCAN1_IT0_IRQHandler
    startup_stm32h743xx.o(RESET) refers to stm32h7xx_it.o(i.FDCAN1_IT1_IRQHandler) for FDCAN1_IT1_IRQHandler
    startup_stm32h743xx.o(RESET) refers to stm32h7xx_it.o(i.TIM1_UP_IRQHandler) for TIM1_UP_IRQHandler
    startup_stm32h743xx.o(RESET) refers to stm32h7xx_it.o(i.TIM2_IRQHandler) for TIM2_IRQHandler
    startup_stm32h743xx.o(RESET) refers to stm32h7xx_it.o(i.TIM3_IRQHandler) for TIM3_IRQHandler
    startup_stm32h743xx.o(.text) refers (Special) to heapauxi.o(.text) for __use_two_region_memory
    startup_stm32h743xx.o(.text) refers to system_stm32h7xx.o(i.ExitRun0Mode) for ExitRun0Mode
    startup_stm32h743xx.o(.text) refers to system_stm32h7xx.o(i.SystemInit) for SystemInit
    startup_stm32h743xx.o(.text) refers to __main.o(!!!main) for __main
    startup_stm32h743xx.o(.text) refers to startup_stm32h743xx.o(HEAP) for Heap_Mem
    startup_stm32h743xx.o(.text) refers to startup_stm32h743xx.o(STACK) for Stack_Mem
    stm32h7xx_hal_tim.o(i.HAL_TIM_Base_DeInit) refers to tim.o(i.HAL_TIM_Base_MspDeInit) for HAL_TIM_Base_MspDeInit
    stm32h7xx_hal_tim.o(i.HAL_TIM_Base_Init) refers to tim.o(i.HAL_TIM_Base_MspInit) for HAL_TIM_Base_MspInit
    stm32h7xx_hal_tim.o(i.HAL_TIM_Base_Init) refers to stm32h7xx_hal_tim.o(i.TIM_Base_SetConfig) for TIM_Base_SetConfig
    stm32h7xx_hal_tim.o(i.HAL_TIM_Base_Start_DMA) refers to stm32h7xx_hal_dma.o(i.HAL_DMA_Start_IT) for HAL_DMA_Start_IT
    stm32h7xx_hal_tim.o(i.HAL_TIM_Base_Start_DMA) refers to stm32h7xx_hal_tim.o(i.TIM_DMAPeriodElapsedCplt) for TIM_DMAPeriodElapsedCplt
    stm32h7xx_hal_tim.o(i.HAL_TIM_Base_Start_DMA) refers to stm32h7xx_hal_tim.o(i.TIM_DMAPeriodElapsedHalfCplt) for TIM_DMAPeriodElapsedHalfCplt
    stm32h7xx_hal_tim.o(i.HAL_TIM_Base_Start_DMA) refers to stm32h7xx_hal_tim.o(i.TIM_DMAError) for TIM_DMAError
    stm32h7xx_hal_tim.o(i.HAL_TIM_Base_Stop_DMA) refers to stm32h7xx_hal_dma.o(i.HAL_DMA_Abort_IT) for HAL_DMA_Abort_IT
    stm32h7xx_hal_tim.o(i.HAL_TIM_ConfigClockSource) refers to stm32h7xx_hal_tim.o(i.TIM_ETR_SetConfig) for TIM_ETR_SetConfig
    stm32h7xx_hal_tim.o(i.HAL_TIM_ConfigClockSource) refers to stm32h7xx_hal_tim.o(i.TIM_TI1_ConfigInputStage) for TIM_TI1_ConfigInputStage
    stm32h7xx_hal_tim.o(i.HAL_TIM_ConfigClockSource) refers to stm32h7xx_hal_tim.o(i.TIM_ITRx_SetConfig) for TIM_ITRx_SetConfig
    stm32h7xx_hal_tim.o(i.HAL_TIM_ConfigClockSource) refers to stm32h7xx_hal_tim.o(i.TIM_TI2_ConfigInputStage) for TIM_TI2_ConfigInputStage
    stm32h7xx_hal_tim.o(i.HAL_TIM_ConfigOCrefClear) refers to stm32h7xx_hal_tim.o(i.TIM_ETR_SetConfig) for TIM_ETR_SetConfig
    stm32h7xx_hal_tim.o(i.HAL_TIM_DMABurst_MultiReadStart) refers to stm32h7xx_hal_dma.o(i.HAL_DMA_Start_IT) for HAL_DMA_Start_IT
    stm32h7xx_hal_tim.o(i.HAL_TIM_DMABurst_MultiReadStart) refers to stm32h7xx_hal_tim.o(i.TIM_DMAPeriodElapsedCplt) for TIM_DMAPeriodElapsedCplt
    stm32h7xx_hal_tim.o(i.HAL_TIM_DMABurst_MultiReadStart) refers to stm32h7xx_hal_tim.o(i.TIM_DMAPeriodElapsedHalfCplt) for TIM_DMAPeriodElapsedHalfCplt
    stm32h7xx_hal_tim.o(i.HAL_TIM_DMABurst_MultiReadStart) refers to stm32h7xx_hal_tim.o(i.TIM_DMAError) for TIM_DMAError
    stm32h7xx_hal_tim.o(i.HAL_TIM_DMABurst_MultiReadStart) refers to stm32h7xx_hal_tim.o(i.TIM_DMACaptureCplt) for TIM_DMACaptureCplt
    stm32h7xx_hal_tim.o(i.HAL_TIM_DMABurst_MultiReadStart) refers to stm32h7xx_hal_tim.o(i.TIM_DMACaptureHalfCplt) for TIM_DMACaptureHalfCplt
[...]
    __cxa_finalize                            - Undefined Weak Reference
    __rt_locale                               - Undefined Weak Reference
    __sigvec_lookup                           - Undefined Weak Reference
    _atexit_init                              - Undefined Weak Reference
    _call_atexit_fns                          - Undefined Weak Reference
    _clock_init                               - Undefined Weak Reference
    _fp_trap_init                             - Undefined Weak Reference
    _fp_trap_shutdown                         - Undefined Weak Reference
    _get_lc_collate                           - Undefined Weak Reference
    _get_lc_ctype                             - Undefined Weak Reference
    _get_lc_monetary                          - Undefined Weak Reference
    _get_lc_numeric                           - Undefined Weak Reference
    _get_lc_time                              - Undefined Weak Reference
    _getenv_init                              - Undefined Weak Reference
    _handle_redirection                       - Undefined Weak Reference
    _init_alloc                               - Undefined Weak Reference
    _init_user_alloc                          - Undefined Weak Reference
    _initio                                   - Undefined Weak Reference
    _printf_mbtowc                            - Undefined Weak Reference
    _printf_post_padding                      - Undefined Weak Reference
    _printf_pre_padding                       - Undefined Weak Reference
    _printf_truncate_signed                   - Undefined Weak Reference
    _printf_truncate_unsigned                 - Undefined Weak Reference
    _rand_init                                - Undefined Weak Reference
    _signal_finish                            - Undefined Weak Reference
    _signal_init                              - Undefined Weak Reference
    _terminate_alloc                          - Undefined Weak Reference
    _terminate_user_alloc                     - Undefined Weak Reference
    _terminateio                              - Undefined Weak Reference
    __Vectors_Size                           0x00000298   Number         0  startup_stm32h743xx.o ABSOLUTE
    __Vectors                                0x08000000   Data           4  startup_stm32h743xx.o(RESET)
    __Vectors_End                            0x08000298   Data           0  startup_stm32h743xx.o(RESET)
    __main                                   0x08000299   Thumb Code     8  __main.o(!!!main)
    __scatterload                            0x080002a1   Thumb Code     0  __scatter.o(!!!scatter)
    __scatterload_rt2                        0x080002a1   Thumb Code    44  __scatter.o(!!!scatter)
    __scatterload_rt2_thumb_only             0x080002a1   Thumb Code     0  __scatter.o(!!!scatter)
    __scatterload_null                       0x080002af   Thumb Code     0  __scatter.o(!!!scatter)
    __scatterload_copy                       0x080002d5   Thumb Code    26  __scatter_copy.o(!!handler_copy)
    __scatterload_zeroinit                   0x080002f1   Thumb Code    28  __scatter_zi.o(!!handler_zi)
    __rt_lib_init                            0x0800030d   Thumb Code     0  libinit.o(.ARM.Collect$$libinit$$00000000)
    __rt_lib_init_fp_1                       0x0800030f   Thumb Code     0  libinit2.o(.ARM.Collect$$libinit$$00000001)
    __rt_lib_init_alloca_1                   0x08000313   Thumb Code     0  libinit2.o(.ARM.Collect$$libinit$$0000002E)
    __rt_lib_init_argv_1                     0x08000313   Thumb Code     0  libinit2.o(.ARM.Collect$$libinit$$0000002C)
    __rt_lib_init_atexit_1                   0x08000313   Thumb Code     0  libinit2.o(.ARM.Collect$$libinit$$0000001B)
    __rt_lib_init_clock_1                    0x08000313   Thumb Code     0  libinit2.o(.ARM.Collect$$libinit$$00000021)
    __rt_lib_init_cpp_2                      0x08000313   Thumb Code     0  libinit2.o(.ARM.Collect$$libinit$$00000031)
    __rt_lib_init_exceptions_1               0x08000313   Thumb Code     0  libinit2.o(.ARM.Collect$$libinit$$00000030)
    __rt_lib_init_fp_trap_1                  0x08000313   Thumb Code     0  libinit2.o(.ARM.Collect$$libinit$$0000001F)
    __rt_lib_init_getenv_1                   0x08000313   Thumb Code     0  libinit2.o(.ARM.Collect$$libinit$$00000023)
    __rt_lib_init_heap_1                     0x08000313   Thumb Code     0  libinit2.o(.ARM.Collect$$libinit$$0000000A)
    __rt_lib_init_lc_collate_1               0x08000313   Thumb Code     0  libinit2.o(.ARM.Collect$$libinit$$00000011)
    __rt_lib_init_lc_ctype_1                 0x08000313   Thumb Code     0  libinit2.o(.ARM.Collect$$libinit$$00000013)
    __rt_lib_init_lc_monetary_1              0x08000313   Thumb Code     0  libinit2.o(.ARM.Collect$$libinit$$00000015)
    __rt_lib_init_lc_numeric_1               0x08000313   Thumb Code     0  libinit2.o(.ARM.Collect$$libinit$$00000017)
    __rt_lib_init_lc_time_1                  0x08000313   Thumb Code     0  libinit2.o(.ARM.Collect$$libinit$$00000019)
    __rt_lib_init_preinit_1                  0x08000313   Thumb Code     0  libinit2.o(.ARM.Collect$$libinit$$00000004)
    __rt_lib_init_rand_1                     0x08000313   Thumb Code     0  libinit2.o(.ARM.Collect$$libinit$$0000000E)
    __rt_lib_init_signal_1                   0x08000313   Thumb Code     0  libinit2.o(.ARM.Collect$$libinit$$0000001D)
    __rt_lib_init_stdio_1                    0x08000313   Thumb Code     0  libinit2.o(.ARM.Collect$$libinit$$00000025)
    __rt_lib_init_user_alloc_1               0x08000313   Thumb Code     0  libinit2.o(.ARM.Collect$$libinit$$0000000C)
    __rt_lib_init_cpp_1                      0x08000317   Thumb Code     0  libinit2.o(.ARM.Collect$$libinit$$00000032)
    __rt_lib_init_return                     0x08000317   Thumb Code     0  libinit2.o(.ARM.Collect$$libinit$$00000033)
    __rt_lib_shutdown                        0x08000319   Thumb Code     0  libshutdown.o(.ARM.Collect$$libshutdown$$00000000)
    __rt_lib_shutdown_cpp_1                  0x0800031b   Thumb Code     0  libshutdown2.o(.ARM.Collect$$libshutdown$$00000004)
    __rt_lib_shutdown_fini_1                 0x0800031b   Thumb Code     0  libshutdown2.o(.ARM.Collect$$libshutdown$$00000002)
    __rt_lib_shutdown_fp_trap_1              0x0800031b   Thumb Code     0  libshutdown2.o(.ARM.Collect$$libshutdown$$00000009)
    __rt_lib_shutdown_heap_1                 0x0800031b   Thumb Code     0  libshutdown2.o(.ARM.Collect$$libshutdown$$00000011)
    __rt_lib_shutdown_return                 0x0800031b   Thumb Code     0  libshutdown2.o(.ARM.Collect$$libshutdown$$00000012)
    __rt_lib_shutdown_signal_1               0x0800031b   Thumb Code     0  libshutdown2.o(.ARM.Collect$$libshutdown$$0000000C)
    __rt_lib_shutdown_stdio_1                0x0800031b   Thumb Code     0  libshutdown2.o(.ARM.Collect$$libshutdown$$00000006)
    __rt_lib_shutdown_user_alloc_1           0x0800031b   Thumb Code     0  libshutdown2.o(.ARM.Collect$$libshutdown$$0000000E)
    __rt_entry                               0x0800031d   Thumb Code     0  __rtentry.o(.ARM.Collect$$rtentry$$00000000)
    __rt_entry_presh_1                       0x0800031d   Thumb Code     0  __rtentry2.o(.ARM.Collect$$rtentry$$00000002)
    __rt_entry_sh                            0x0800031d   Thumb Code     0  __rtentry4.o(.ARM.Collect$$rtentry$$00000004)
    __rt_entry_li                            0x08000323   Thumb Code     0  __rtentry2.o(.ARM.Collect$$rtentry$$0000000A)
    __rt_entry_postsh_1                      0x08000323   Thumb Code     0  __rtentry2.o(.ARM.Collect$$rtentry$$00000009)
    __rt_entry_main                          0x08000327   Thumb Code     0  __rtentry2.o(.ARM.Collect$$rtentry$$0000000D)
    __rt_entry_postli_1                      0x08000327   Thumb Code     0  __rtentry2.o(.ARM.Collect$$rtentry$$0000000C)
    __rt_exit                                0x0800032f   Thumb Code     0  rtexit.o(.ARM.Collect$$rtexit$$00000000)
    __rt_exit_ls                             0x08000331   Thumb Code     0  rtexit2.o(.ARM.Collect$$rtexit$$00000003)
    __rt_exit_prels_1                        0x08000331   Thumb Code     0  rtexit2.o(.ARM.Collect$$rtexit$$00000002)
    __rt_exit_exit                           0x08000335   Thumb Code     0  rtexit2.o(.ARM.Collect$$rtexit$$00000004)
    SVC_Handler                              0x0800033d   Thumb Code    28  port.o(.emb_text)
    __asm___6_port_c_39a90d8d__prvStartFirstTask 0x0800035d   Thumb Code    36  port.o(.emb_text)
    __asm___6_port_c_39a90d8d__prvEnableVFP  0x08000385   Thumb Code    16  port.o(.emb_text)
    PendSV_Handler                           0x08000399   Thumb Code    92  port.o(.emb_text)
    vPortGetIPSR                             0x080003f9   Thumb Code     6  port.o(.emb_text)
    Reset_Handler                            0x08000401   Thumb Code    12  startup_stm32h743xx.o(.text)
    ADC3_IRQHandler                          0x0800041f   Thumb Code     0  startup_stm32h743xx.o(.text)
    ADC_IRQHandler                           0x0800041f   Thumb Code     0  startup_stm32h743xx.o(.text)
    BDMA_Channel0_IRQHandler                 0x0800041f   Thumb Code     0  startup_stm32h743xx.o(.text)
    BDMA_Channel1_IRQHandler                 0x0800041f   Thumb Code     0  startup_stm32h743xx.o(.text)
    BDMA_Channel2_IRQHandler                 0x0800041f   Thumb Code     0  startup_stm32h743xx.o(.text)
    BDMA_Channel3_IRQHandler                 0x0800041f   Thumb Code     0  startup_stm32h743xx.o(.text)
    BDMA_Channel4_IRQHandler                 0x0800041f   Thumb Code     0  startup_stm32h743xx.o(.text)
    BDMA_Channel5_IRQHandler                 0x0800041f   Thumb Code     0  startup_stm32h743xx.o(.text)
    BDMA_Channel6_IRQHandler                 0x0800041f   Thumb Code     0  startup_stm32h743xx.o(.text)
    BDMA_Channel7_IRQHandler                 0x0800041f   Thumb Code     0  startup_stm32h743xx.o(.text)
    CEC_IRQHandler                           0x0800041f   Thumb Code     0  startup_stm32h743xx.o(.text)
    COMP1_IRQHandler                         0x0800041f   Thumb Code     0  startup_stm32h743xx.o(.text)
    CRS_IRQHandler                           0x0800041f   Thumb Code     0  startup_stm32h743xx.o(.text)
    DCMI_IRQHandler                          0x0800041f   Thumb Code     0  startup_stm32h743xx.o(.text)
    DFSDM1_FLT0_IRQHandler                   0x0800041f   Thumb Code     0  startup_stm32h743xx.o(.text)
    DFSDM1_FLT1_IRQHandler                   0x0800041f   Thumb Code     0  startup_stm32h743xx.o(.text)
    DFSDM1_FLT2_IRQHandler                   0x0800041f   Thumb Code     0  startup_stm32h743xx.o(.text)
    DFSDM1_FLT3_IRQHandler                   0x0800041f   Thumb Code     0  startup_stm32h743xx.o(.text)
    DMA1_Stream0_IRQHandler                  0x0800041f   Thumb Code     0  startup_stm32h743xx.o(.text)
    DMA1_Stream1_IRQHandler                  0x0800041f   Thumb Code     0  startup_stm32h743xx.o(.text)
    DMA1_Stream2_IRQHandler                  0x0800041f   Thumb Code     0  startup_stm32h743xx.o(.text)
    DMA1_Stream3_IRQHandler                  0x0800041f   Thumb Code     0  startup_stm32h743xx.o(.text)
    DMA1_Stream4_IRQHandler                  0x0800041f   Thumb Code     0  startup_stm32h743xx.o(.text)
    DMA1_Stream5_IRQHandler                  0x0800041f   Thumb Code     0  startup_stm32h743xx.o(.text)
    DMA1_Stream6_IRQHandler                  0x0800041f   Thumb Code     0  startup_stm32h743xx.o(.text)
    DMA1_Stream7_IRQHandler                  0x0800041f   Thumb Code     0  startup_stm32h743xx.o(.text)
    DMA2D_IRQHandler                         0x0800041f   Thumb Code     0  startup_stm32h743xx.o(.text)
    DMA2_Stream0_IRQHandler                  0x0800041f   Thumb Code     0  startup_stm32h743xx.o(.text)
    DMA2_Stream1_IRQHandler                  0x0800041f   Thumb Code     0  startup_stm32h743xx.o(.text)
    DMA2_Stream2_IRQHandler                  0x0800041f   Thumb Code     0  startup_stm32h743xx.o(.text)
    DMA2_Stream3_IRQHandler                  0x0800041f   Thumb Code     0  startup_stm32h743xx.o(.text)
    DMA2_Stream4_IRQHandler                  0x0800041f   Thumb Code     0  startup_stm32h743xx.o(.text)
    DMA2_Stream5_IRQHandler                  0x0800041f   Thumb Code     0  startup_stm32h743xx.o(.text)
    DMA2_Stream6_IRQHandler                  0x0800041f   Thumb Code     0  startup_stm32h743xx.o(.text)
    DMA2_Stream7_IRQHandler                  0x0800041f   Thumb Code     0  startup_stm32h743xx.o(.text)
    DMAMUX1_OVR_IRQHandler                   0x0800041f   Thumb Code     0  startup_stm32h743xx.o(.text)
    DMAMUX2_OVR_IRQHandler                   0x0800041f   Thumb Code     0  startup_stm32h743xx.o(.text)
    ECC_IRQHandler                           0x0800041f   Thumb Code     0  startup_stm32h743xx.o(.text)
    ETH_IRQHandler                           0x0800041f   Thumb Code     0  startup_stm32h743xx.o(.text)
    ETH_WKUP_IRQHandler                      0x0800041f   Thumb Code     0  startup_stm32h743xx.o(.text)
    EXTI0_IRQHandler                         0x0800041f   Thumb Code     0  startup_stm32h743xx.o(.text)
    EXTI15_10_IRQHandler                     0x0800041f   Thumb Code     0  startup_stm32h743xx.o(.text)
    EXTI1_IRQHandler                         0x0800041f   Thumb Code     0  startup_stm32h743xx.o(.text)
    EXTI2_IRQHandler                         0x0800041f   Thumb Code     0  startup_stm32h743xx.o(.text)
    EXTI3_IRQHandler                         0x0800041f   Thumb Code     0  startup_stm32h743xx.o(.text)
    EXTI4_IRQHandler                         0x0800041f   Thumb Code     0  startup_stm32h743xx.o(.text)
    EXTI9_5_IRQHandler                       0x0800041f   Thumb Code     0  startup_stm32h743xx.o(.text)
    FDCAN2_IT0_IRQHandler                    0x0800041f   Thumb Code     0  startup_stm32h743xx.o(.text)
    FDCAN2_IT1_IRQHandler                    0x0800041f   Thumb Code     0  startup_stm32h743xx.o(.text)
    FDCAN_CAL_IRQHandler                     0x0800041f   Thumb Code     0  startup_stm32h743xx.o(.text)
    FLASH_IRQHandler                         0x0800041f   Thumb Code     0  startup_stm32h743xx.o(.text)
    FMC_IRQHandler                           0x0800041f   Thumb Code     0  startup_stm32h743xx.o(.text)
    FPU_IRQHandler                           0x0800041f   Thumb Code     0  startup_stm32h743xx.o(.text)
    HRTIM1_FLT_IRQHandler                    0x0800041f   Thumb Code     0  startup_stm32h743xx.o(.text)
    HRTIM1_Master_IRQHandler                 0x0800041f   Thumb Code     0  startup_stm32h743xx.o(.text)
    HRTIM1_TIMA_IRQHandler                   0x0800041f   Thumb Code     0  startup_stm32h743xx.o(.text)
    HRTIM1_TIMB_IRQHandler                   0x0800041f   Thumb Code     0  startup_stm32h743xx.o(.text)
    HRTIM1_TIMC_IRQHandler                   0x0800041f   Thumb Code     0  startup_stm32h743xx.o(.text)
    HRTIM1_TIMD_IRQHandler                   0x0800041f   Thumb Code     0  startup_stm32h743xx.o(.text)
    HRTIM1_TIME_IRQHandler                   0x0800041f   Thumb Code     0  startup_stm32h743xx.o(.text)
    HSEM1_IRQHandler                         0x0800041f   Thumb Code     0  startup_stm32h743xx.o(.text)
    I2C1_ER_IRQHandler                       0x0800041f   Thumb Code     0  startup_stm32h743xx.o(.text)
    I2C1_EV_IRQHandler                       0x0800041f   Thumb Code     0  startup_stm32h743xx.o(.text)
    I2C2_ER_IRQHandler                       0x0800041f   Thumb Code     0  startup_stm32h743xx.o(.text)
    I2C2_EV_IRQHandler                       0x0800041f   Thumb Code     0  startup_stm32h743xx.o(.text)
    I2C3_ER_IRQHandler                       0x0800041f   Thumb Code     0  startup_stm32h743xx.o(.text)
    I2C3_EV_IRQHandler                       0x0800041f   Thumb Code     0  startup_stm32h743xx.o(.text)
    I2C4_ER_IRQHandler                       0x0800041f   Thumb Code     0  startup_stm32h743xx.o(.text)
    I2C4_EV_IRQHandler                       0x0800041f   Thumb Code     0  startup_stm32h743xx.o(.text)
    JPEG_IRQHandler                          0x0800041f   Thumb Code     0  startup_stm32h743xx.o(.text)
    LPTIM1_IRQHandler                        0x0800041f   Thumb Code     0  startup_stm32h743xx.o(.text)
    LPTIM2_IRQHandler                        0x0800041f   Thumb Code     0  startup_stm32h743xx.o(.text)
    LPTIM3_IRQHandler                        0x0800041f   Thumb Code     0  startup_stm32h743xx.o(.text)
    LPTIM4_IRQHandler                        0x0800041f   Thumb Code     0  startup_stm32h743xx.o(.text)
    LPTIM5_IRQHandler                        0x0800041f   Thumb Code     0  startup_stm32h743xx.o(.text)
    LPUART1_IRQHandler                       0x0800041f   Thumb Code     0  startup_stm32h743xx.o(.text)
    LTDC_ER_IRQHandler                       0x0800041f   Thumb Code     0  startup_stm32h743xx.o(.text)
    LTDC_IRQHandler                          0x0800041f   Thumb Code     0  startup_stm32h743xx.o(.text)
    MDIOS_IRQHandler                         0x0800041f   Thumb Code     0  startup_stm32h743xx.o(.text)
    MDIOS_WKUP_IRQHandler                    0x0800041f   Thumb Code     0  startup_stm32h743xx.o(.text)
    MDMA_IRQHandler                          0x0800041f   Thumb Code     0  startup_stm32h743xx.o(.text)
    OTG_FS_EP1_IN_IRQHandler                 0x0800041f   Thumb Code     0  startup_stm32h743xx.o(.text)
    OTG_FS_EP1_OUT_IRQHandler                0x0800041f   Thumb Code     0  startup_stm32h743xx.o(.text)
    OTG_FS_IRQHandler                        0x0800041f   Thumb Code     0  startup_stm32h743xx.o(.text)
    OTG_FS_WKUP_IRQHandler                   0x0800041f   Thumb Code     0  startup_stm32h743xx.o(.text)
    OTG_HS_EP1_IN_IRQHandler                 0x0800041f   Thumb Code     0  startup_stm32h743xx.o(.text)
    OTG_HS_EP1_OUT_IRQHandler                0x0800041f   Thumb Code     0  startup_stm32h743xx.o(.text)
    OTG_HS_IRQHandler                        0x0800041f   Thumb Code     0  startup_stm32h743xx.o(.text)
    OTG_HS_WKUP_IRQHandler                   0x0800041f   Thumb Code     0  startup_stm32h743xx.o(.text)
    PVD_AVD_IRQHandler                       0x0800041f   Thumb Code     0  startup_stm32h743xx.o(.text)
    QUADSPI_IRQHandler                       0x0800041f   Thumb Code     0  startup_stm32h743xx.o(.text)
    RCC_IRQHandler                           0x0800041f   Thumb Code     0  startup_stm32h743xx.o(.text)
    RNG_IRQHandler                           0x0800041f   Thumb Code     0  startup_stm32h743xx.o(.text)
    RTC_Alarm_IRQHandler                     0x0800041f   Thumb Code     0  startup_stm32h743xx.o(.text)
    RTC_WKUP_IRQHandler                      0x0800041f   Thumb Code     0  startup_stm32h743xx.o(.text)
    SAI1_IRQHandler                          0x0800041f   Thumb Code     0  startup_stm32h743xx.o(.text)
    SAI2_IRQHandler                          0x0800041f   Thumb Code     0  startup_stm32h743xx.o(.text)
    SAI3_IRQHandler                          0x0800041f   Thumb Code     0  startup_stm32h743xx.o(.text)
    SAI4_IRQHandler                          0x0800041f   Thumb Code     0  startup_stm32h743xx.o(.text)
    SDMMC1_IRQHandler                        0x0800041f   Thumb Code     0  startup_stm32h743xx.o(.text)
    SDMMC2_IRQHandler                        0x0800041f   Thumb Code     0  startup_stm32h743xx.o(.text)
    SPDIF_RX_IRQHandler                      0x0800041f   Thumb Code     0  startup_stm32h743xx.o(.text)
    SPI1_IRQHandler                          0x0800041f   Thumb Code     0  startup_stm32h743xx.o(.text)
    SPI2_IRQHandler                          0x0800041f   Thumb Code     0  startup_stm32h743xx.o(.text)
    SPI3_IRQHandler                          0x0800041f   Thumb Code     0  startup_stm32h743xx.o(.text)
    SPI4_IRQHandler                          0x0800041f   Thumb Code     0  startup_stm32h743xx.o(.text)
    SPI5_IRQHandler                          0x0800041f   Thumb Code     0  startup_stm32h743xx.o(.text)
    SPI6_IRQHandler                          0x0800041f   Thumb Code     0  startup_stm32h743xx.o(.text)
    SWPMI1_IRQHandler                        0x0800041f   Thumb Code     0  startup_stm32h743xx.o(.text)
    TAMP_STAMP_IRQHandler                    0x0800041f   Thumb Code     0  startup_stm32h743xx.o(.text)
    TIM15_IRQHandler                         0x0800041f   Thumb Code     0  startup_stm32h743xx.o(.text)
    TIM16_IRQHandler                         0x0800041f   Thumb Code     0  startup_stm32h743xx.o(.text)
    TIM17_IRQHandler                         0x0800041f   Thumb Code     0  startup_stm32h743xx.o(.text)
    TIM1_BRK_IRQHandler                      0x0800041f   Thumb Code     0  startup_stm32h743xx.o(.text)
    TIM1_CC_IRQHandler                       0x0800041f   Thumb Code     0  startup_stm32h743xx.o(.text)
    TIM1_TRG_COM_IRQHandler                  0x0800041f   Thumb Code     0  startup_stm32h743xx.o(.text)
    TIM4_IRQHandler                          0x0800041f   Thumb Code     0  startup_stm32h743xx.o(.text)
    TIM5_IRQHandler                          0x0800041f   Thumb Code     0  startup_stm32h743xx.o(.text)
    TIM6_DAC_IRQHandler                      0x0800041f   Thumb Code     0  startup_stm32h743xx.o(.text)
    TIM7_IRQHandler                          0x0800041f   Thumb Code     0  startup_stm32h743xx.o(.text)
    TIM8_BRK_TIM12_IRQHandler                0x0800041f   Thumb Code     0  startup_stm32h743xx.o(.text)
    TIM8_CC_IRQHandler                       0x0800041f   Thumb Code     0  startup_stm32h743xx.o(.text)
    TIM8_TRG_COM_TIM14_IRQHandler            0x0800041f   Thumb Code     0  startup_stm32h743xx.o(.text)
    TIM8_UP_TIM13_IRQHandler                 0x0800041f   Thumb Code     0  startup_stm32h743xx.o(.text)
    UART4_IRQHandler                         0x0800041f   Thumb Code     0  startup_stm32h743xx.o(.text)
    UART5_IRQHandler                         0x0800041f   Thumb Code     0  startup_stm32h743xx.o(.text)
    UART7_IRQHandler                         0x0800041f   Thumb Code     0  startup_stm32h743xx.o(.text)
    UART8_IRQHandler                         0x0800041f   Thumb Code     0  startup_stm32h743xx.o(.text)
    USART1_IRQHandler                        0x0800041f   Thumb Code     0  startup_stm32h743xx.o(.text)
    USART2_IRQHandler                        0x0800041f   Thumb Code     0  startup_stm32h743xx.o(.text)
    USART3_IRQHandler                        0x0800041f   Thumb Code     0  startup_stm32h743xx.o(.text)
    USART6_IRQHandler                        0x0800041f   Thumb Code     0  startup_stm32h743xx.o(.text)
    WAKEUP_PIN_IRQHandler                    0x0800041f   Thumb Code     0  startup_stm32h743xx.o(.text)
    WWDG_IRQHandler                          0x0800041f   Thumb Code     0  startup_stm32h743xx.o(.text)
    __user_initial_stackheap                 0x08000421   Thumb Code     0  startup_stm32h743xx.o(.text)
    __aeabi_uldivmod                         0x08000449   Thumb Code     0  lludivv7m.o(.text)
    _ll_udiv                                 0x08000449   Thumb Code   238  lludivv7m.o(.text)
    __aeabi_memcpy4                          0x08000537   Thumb Code     0  rt_memcpy_w.o(.text)
    __aeabi_memcpy8                          0x08000537   Thumb Code     0  rt_memcpy_w.o(.text)
    __rt_memcpy_w                            0x08000537   Thumb Code   100  rt_memcpy_w.o(.text)
    _memcpy_lastbytes_aligned                0x0800057f   Thumb Code     0  rt_memcpy_w.o(.text)
    __aeabi_memset                           0x0800059b   Thumb Code    16  aeabi_memset.o(.text)
    __aeabi_memclr                           0x080005ab   Thumb Code     0  rt_memclr.o(.text)
    __rt_memclr                              0x080005ab   Thumb Code    68  rt_memclr.o(.text)
    _memset                                  0x080005af   Thumb Code     0  rt_memclr.o(.text)
    __aeabi_memclr4                          0x080005ef   Thumb Code     0  rt_memclr_w.o(.text)
    __aeabi_memclr8                          0x080005ef   Thumb Code     0  rt_memclr_w.o(.text)
    __rt_memclr_w                            0x080005ef   Thumb Code    78  rt_memclr_w.o(.text)
    _memset_w                                0x080005f3   Thumb Code     0  rt_memclr_w.o(.text)
    __use_two_region_memory                  0x0800063d   Thumb Code     2  heapauxi.o(.text)
    __rt_heap_escrow$2region                 0x0800063f   Thumb Code     2  heapauxi.o(.text)
    __rt_heap_expand$2region                 0x08000641   Thumb Code     2  heapauxi.o(.text)
    __cpp_initialize__aeabi_                 0x08000645   Thumb Code    26  init_aeabi.o(.text)
    __user_libspace                          0x08000669   Thumb Code     8  libspace.o(.text)
    __user_perproc_libspace                  0x08000669   Thumb Code     0  libspace.o(.text)
    __user_perthread_libspace                0x08000669   Thumb Code     0  libspace.o(.text)
    __user_setup_stackheap                   0x08000671   Thumb Code    74  sys_stackheap_outer.o(.text)
    exit                                     0x080006bb   Thumb Code    18  exit.o(.text)
    _sys_exit                                0x080006cd   Thumb Code     8  sys_exit.o(.text)
    __I$use$semihosting                      0x080006d9   Thumb Code     0  use_no_semi.o(.text)
    __use_no_semihosting_swi                 0x080006d9   Thumb Code     2  use_no_semi.o(.text)
    BusFault_Handler                         0x080006db   Thumb Code     4  stm32h7xx_it.o(i.BusFault_Handler)
    __semihosting_library_function           0x080006db   Thumb Code     0  indicate_semi.o(.text)
    DebugMon_Handler                         0x080006df   Thumb Code     2  stm32h7xx_it.o(i.DebugMon_Handler)
    Delay_us                                 0x080006e1   Thumb Code    44  delay.o(i.Delay_us)
    Error_Handler                            0x08000715   Thumb Code     6  main.o(i.Error_Handler)
    ExitRun0Mode                             0x0800071d   Thumb Code    30  system_stm32h7xx.o(i.ExitRun0Mode)
    FDCAN1_IT0_IRQHandler                    0x08000741   Thumb Code    10  stm32h7xx_it.o(i.FDCAN1_IT0_IRQHandler)
    FDCAN1_IT1_IRQHandler                    0x08000751   Thumb Code    10  stm32h7xx_it.o(i.FDCAN1_IT1_IRQHandler)
    HAL_FDCAN_ActivateNotification           0x08000a51   Thumb Code   158  stm32h7xx_hal_fdcan.o(i.HAL_FDCAN_ActivateNotification)
    HAL_FDCAN_AddMessageToTxFifoQ            0x08000af9   Thumb Code   144  stm32h7xx_hal_fdcan.o(i.HAL_FDCAN_AddMessageToTxFifoQ)
    HAL_FDCAN_ClockCalibrationCallback       0x08000b89   Thumb Code     2  stm32h7xx_hal_fdcan.o(i.HAL_FDCAN_ClockCalibrationCallback)
    HAL_FDCAN_ConfigFilter                   0x08000b8b   Thumb Code   168  stm32h7xx_hal_fdcan.o(i.HAL_FDCAN_ConfigFilter)
    HAL_FDCAN_ConfigGlobalFilter             0x08000c33   Thumb Code    52  stm32h7xx_hal_fdcan.o(i.HAL_FDCAN_ConfigGlobalFilter)
    HAL_FDCAN_ErrorCallback                  0x08000c67   Thumb Code     2  stm32h7xx_hal_fdcan.o(i.HAL_FDCAN_ErrorCallback)
    HAL_FDCAN_ErrorStatusCallback            0x08000c69   Thumb Code    26  drv_can.o(i.HAL_FDCAN_ErrorStatusCallback)
    HAL_FDCAN_GetRxMessage                   0x08000c85   Thumb Code   494  stm32h7xx_hal_fdcan.o(i.HAL_FDCAN_GetRxMessage)
    HAL_FDCAN_HighPriorityMessageCallback    0x08000e79   Thumb Code     2  stm32h7xx_hal_fdcan.o(i.HAL_FDCAN_HighPriorityMessageCallback)
    HAL_FDCAN_IRQHandler                     0x08000e7d   Thumb Code   966  stm32h7xx_hal_fdcan.o(i.HAL_FDCAN_IRQHandler)
    HAL_FDCAN_Init                           0x08001251   Thumb Code   726  stm32h7xx_hal_fdcan.o(i.HAL_FDCAN_Init)
    HAL_FDCAN_MspInit                        0x08001531   Thumb Code   178  fdcan.o(i.HAL_FDCAN_MspInit)
    HAL_FDCAN_RxBufferNewMessageCallback     0x080015f1   Thumb Code     2  stm32h7xx_hal_fdcan.o(i.HAL_FDCAN_RxBufferNewMessageCallback)
    HAL_FDCAN_RxFifo0Callback                0x080015f5   Thumb Code    82  drv_can.o(i.HAL_FDCAN_RxFifo0Callback)
    HAL_FDCAN_RxFifo1Callback                0x08001655   Thumb Code     2  stm32h7xx_hal_fdcan.o(i.HAL_FDCAN_RxFifo1Callback)
    HAL_FDCAN_Start                          0x08001657   Thumb Code    52  stm32h7xx_hal_fdcan.o(i.HAL_FDCAN_Start)
    HAL_FDCAN_Stop                           0x0800168b   Thumb Code   162  stm32h7xx_hal_fdcan.o(i.HAL_FDCAN_Stop)
    HAL_FDCAN_TT_GlobalTimeCallback          0x0800172d   Thumb Code     2  stm32h7xx_hal_fdcan.o(i.HAL_FDCAN_TT_GlobalTimeCallback)
    HAL_FDCAN_TT_ScheduleSyncCallback        0x0800172f   Thumb Code     2  stm32h7xx_hal_fdcan.o(i.HAL_FDCAN_TT_ScheduleSyncCallback)
    HAL_FDCAN_TT_StopWatchCallback           0x08001731   Thumb Code     2  stm32h7xx_hal_fdcan.o(i.HAL_FDCAN_TT_StopWatchCallback)
    HAL_FDCAN_TT_TimeMarkCallback            0x08001733   Thumb Code     2  stm32h7xx_hal_fdcan.o(i.HAL_FDCAN_TT_TimeMarkCallback)
    HAL_FDCAN_TimeoutOccurredCallback        0x08001735   Thumb Code     2  stm32h7xx_hal_fdcan.o(i.HAL_FDCAN_TimeoutOccurredCallback)
    HAL_FDCAN_TimestampWraparoundCallback    0x08001737   Thumb Code     2  stm32h7xx_hal_fdcan.o(i.HAL_FDCAN_TimestampWraparoundCallback)
    HAL_FDCAN_TxBufferAbortCallback          0x08001739   Thumb Code     2  stm32h7xx_hal_fdcan.o(i.HAL_FDCAN_TxBufferAbortCallback)
    HAL_FDCAN_TxBufferCompleteCallback       0x0800173b   Thumb Code     2  stm32h7xx_hal_fdcan.o(i.HAL_FDCAN_TxBufferCompleteCallback)
    HAL_FDCAN_TxEventFifoCallback            0x0800173d   Thumb Code     2  stm32h7xx_hal_fdcan.o(i.HAL_FDCAN_TxEventFifoCallback)
    HAL_FDCAN_TxFifoEmptyCallback            0x0800173f   Thumb Code     2  stm32h7xx_hal_fdcan.o(i.HAL_FDCAN_TxFifoEmptyCallback)
    HAL_GPIO_Init                            0x08001741   Thumb Code   456  stm32h7xx_hal_gpio.o(i.HAL_GPIO_Init)
    HAL_GPIO_ReadPin                         0x0800193d   Thumb Code    16  stm32h7xx_hal_gpio.o(i.HAL_GPIO_ReadPin)
    HAL_GPIO_WritePin                        0x0800194d   Thumb Code    12  stm32h7xx_hal_gpio.o(i.HAL_GPIO_WritePin)
    HAL_GetREVID                             0x08001959   Thumb Code     8  stm32h7xx_hal.o(i.HAL_GetREVID)
    HAL_GetTick                              0x08001965   Thumb Code     6  stm32h7xx_hal.o(i.HAL_GetTick)
    HAL_IncTick                              0x08001971   Thumb Code    16  stm32h7xx_hal.o(i.HAL_IncTick)
    HAL_Init                                 0x08001989   Thumb Code    80  stm32h7xx_hal.o(i.HAL_Init)
    HAL_InitTick                             0x080019e9   Thumb Code   128  stm32h7xx_hal_timebase_tim.o(i.HAL_InitTick)
    HAL_MPU_ConfigRegion                     0x08001a7d   Thumb Code    86  stm32h7xx_hal_cortex.o(i.HAL_MPU_ConfigRegion)
    HAL_MPU_Disable                          0x08001ad9   Thumb Code    38  stm32h7xx_hal_cortex.o(i.HAL_MPU_Disable)
    HAL_MPU_Enable                           0x08001b05   Thumb Code    58  stm32h7xx_hal_cortex.o(i.HAL_MPU_Enable)
    HAL_MspInit                              0x08001b45   Thumb Code    42  stm32h7xx_hal_msp.o(i.HAL_MspInit)
    HAL_NVIC_EnableIRQ                       0x08001b75   Thumb Code    40  stm32h7xx_hal_cortex.o(i.HAL_NVIC_EnableIRQ)
    HAL_NVIC_SetPriority                     0x08001b9d   Thumb Code   122  stm32h7xx_hal_cortex.o(i.HAL_NVIC_SetPriority)
    HAL_NVIC_SetPriorityGrouping             0x08001c19   Thumb Code    32  stm32h7xx_hal_cortex.o(i.HAL_NVIC_SetPriorityGrouping)
    HAL_PWREx_ConfigSupply                   0x08001c41   Thumb Code    90  stm32h7xx_hal_pwr_ex.o(i.HAL_PWREx_ConfigSupply)
    HAL_RCCEx_GetD3PCLK1Freq                 0x08001ca1   Thumb Code    26  stm32h7xx_hal_rcc_ex.o(i.HAL_RCCEx_GetD3PCLK1Freq)
    HAL_RCCEx_GetPLL2ClockFreq               0x08001cc5   Thumb Code   536  stm32h7xx_hal_rcc_ex.o(i.HAL_RCCEx_GetPLL2ClockFreq)
    HAL_RCCEx_GetPLL3ClockFreq               0x08001ef5   Thumb Code   536  stm32h7xx_hal_rcc_ex.o(i.HAL_RCCEx_GetPLL3ClockFreq)
    HAL_RCCEx_PeriphCLKConfig                0x08002125   Thumb Code  3432  stm32h7xx_hal_rcc_ex.o(i.HAL_RCCEx_PeriphCLKConfig)
    HAL_RCC_ClockConfig                      0x08002e8d   Thumb Code   774  stm32h7xx_hal_rcc.o(i.HAL_RCC_ClockConfig)
    HAL_RCC_GetClockConfig                   0x080031ad   Thumb Code    98  stm32h7xx_hal_rcc.o(i.HAL_RCC_GetClockConfig)
    HAL_RCC_GetHCLKFreq                      0x08003219   Thumb Code    60  stm32h7xx_hal_rcc.o(i.HAL_RCC_GetHCLKFreq)
    HAL_RCC_GetPCLK1Freq                     0x08003265   Thumb Code    26  stm32h7xx_hal_rcc.o(i.HAL_RCC_GetPCLK1Freq)
    HAL_RCC_GetPCLK2Freq                     0x08003289   Thumb Code    26  stm32h7xx_hal_rcc.o(i.HAL_RCC_GetPCLK2Freq)
    HAL_RCC_GetSysClockFreq                  0x080032ad   Thumb Code   524  stm32h7xx_hal_rcc.o(i.HAL_RCC_GetSysClockFreq)
    HAL_RCC_OscConfig                        0x080034d9   Thumb Code  2130  stm32h7xx_hal_rcc.o(i.HAL_RCC_OscConfig)
    HAL_TIMEx_Break2Callback                 0x08003d31   Thumb Code     2  stm32h7xx_hal_tim_ex.o(i.HAL_TIMEx_Break2Callback)
    HAL_TIMEx_BreakCallback                  0x08003d33   Thumb Code     2  stm32h7xx_hal_tim_ex.o(i.HAL_TIMEx_BreakCallback)
    HAL_TIMEx_CommutCallback                 0x08003d35   Thumb Code     2  stm32h7xx_hal_tim_ex.o(i.HAL_TIMEx_CommutCallback)
    HAL_TIMEx_MasterConfigSynchronization    0x08003d39   Thumb Code   174  stm32h7xx_hal_tim_ex.o(i.HAL_TIMEx_MasterConfigSynchronization)
    HAL_TIM_Base_Init                        0x08003e05   Thumb Code   110  stm32h7xx_hal_tim.o(i.HAL_TIM_Base_Init)
    HAL_TIM_Base_MspInit                     0x08003e75   Thumb Code   112  tim.o(i.HAL_TIM_Base_MspInit)
    HAL_TIM_Base_Start_IT                    0x08003eed   Thumb Code   146  stm32h7xx_hal_tim.o(i.HAL_TIM_Base_Start_IT)
    HAL_TIM_Base_Stop_IT                     0x08003fa1   Thumb Code    62  stm32h7xx_hal_tim.o(i.HAL_TIM_Base_Stop_IT)
    HAL_TIM_ConfigClockSource                0x08003fe1   Thumb Code   304  stm32h7xx_hal_tim.o(i.HAL_TIM_ConfigClockSource)
    HAL_TIM_IC_CaptureCallback               0x08004115   Thumb Code     2  stm32h7xx_hal_tim.o(i.HAL_TIM_IC_CaptureCallback)
    HAL_TIM_IRQHandler                       0x08004117   Thumb Code   408  stm32h7xx_hal_tim.o(i.HAL_TIM_IRQHandler)
    HAL_TIM_OC_DelayElapsedCallback          0x080042af   Thumb Code     2  stm32h7xx_hal_tim.o(i.HAL_TIM_OC_DelayElapsedCallback)
    HAL_TIM_PWM_PulseFinishedCallback        0x080042b1   Thumb Code     2  stm32h7xx_hal_tim.o(i.HAL_TIM_PWM_PulseFinishedCallback)
    HAL_TIM_PeriodElapsedCallback            0x080042b5   Thumb Code    40  car.o(i.HAL_TIM_PeriodElapsedCallback)
    HAL_TIM_TriggerCallback                  0x080042ed   Thumb Code     2  stm32h7xx_hal_tim.o(i.HAL_TIM_TriggerCallback)
    HAL_UARTEx_DisableFifoMode               0x080042ef   Thumb Code    78  stm32h7xx_hal_uart_ex.o(i.HAL_UARTEx_DisableFifoMode)
    HAL_UARTEx_SetRxFifoThreshold            0x0800433d   Thumb Code    94  stm32h7xx_hal_uart_ex.o(i.HAL_UARTEx_SetRxFifoThreshold)
    HAL_UARTEx_SetTxFifoThreshold            0x0800439b   Thumb Code    94  stm32h7xx_hal_uart_ex.o(i.HAL_UARTEx_SetTxFifoThreshold)
    HAL_UART_Init                            0x080043f9   Thumb Code   120  stm32h7xx_hal_uart.o(i.HAL_UART_Init)
    HAL_UART_MspInit                         0x08004471   Thumb Code   390  usart.o(i.HAL_UART_MspInit)
    HardFault_Handler                        0x08004611   Thumb Code     4  stm32h7xx_it.o(i.HardFault_Handler)
    I2C_ReadReg                              0x08004615   Thumb Code    86  myi2c.o(i.I2C_ReadReg)
    JY901S_Acc                               0x0800466d   Thumb Code   100  jy901s.o(i.JY901S_Acc)
    JY901S_Gyro                              0x080046d9   Thumb Code   134  jy901s.o(i.JY901S_Gyro)
    MX_FDCAN1_Init                           0x08004779   Thumb Code   126  fdcan.o(i.MX_FDCAN1_Init)
    MX_GPIO_Init                             0x08004801   Thumb Code   156  gpio.o(i.MX_GPIO_Init)
    MX_TIM2_Init                             0x080048a5   Thumb Code   102  tim.o(i.MX_TIM2_Init)
    MX_TIM3_Init                             0x08004911   Thumb Code   102  tim.o(i.MX_TIM3_Init)
    MX_USART1_UART_Init                      0x08004981   Thumb Code    98  usart.o(i.MX_USART1_UART_Init)
    MX_USART2_UART_Init                      0x080049ed   Thumb Code    98  usart.o(i.MX_USART2_UART_Init)
    MX_USART3_UART_Init                      0x08004a59   Thumb Code    98  usart.o(i.MX_USART3_UART_Init)
    MemManage_Handler                        0x08004ac5   Thumb Code     4  stm32h7xx_it.o(i.MemManage_Handler)
    MyI2C_R_SDA                              0x08004ac9   Thumb Code    16  myi2c.o(i.MyI2C_R_SDA)
    MyI2C_ReceiveAck                         0x08004add   Thumb Code    30  myi2c.o(i.MyI2C_ReceiveAck)
    MyI2C_ReceiveByte                        0x08004afb   Thumb Code    52  myi2c.o(i.MyI2C_ReceiveByte)
    MyI2C_SendAck                            0x08004b2f   Thumb Code    24  myi2c.o(i.MyI2C_SendAck)
    MyI2C_SendByte                           0x08004b47   Thumb Code    42  myi2c.o(i.MyI2C_SendByte)
    MyI2C_Start                              0x08004b71   Thumb Code    28  myi2c.o(i.MyI2C_Start)
    MyI2C_Stop                               0x08004b8d   Thumb Code    22  myi2c.o(i.MyI2C_Stop)
    MyI2C_W_SCL                              0x08004ba5   Thumb Code    22  myi2c.o(i.MyI2C_W_SCL)
    MyI2C_W_SDA                              0x08004bc1   Thumb Code    22  myi2c.o(i.MyI2C_W_SDA)
    NMI_Handler                              0x08004bdd   Thumb Code     4  stm32h7xx_it.o(i.NMI_Handler)
    SysTick_Handler                          0x08004ea9   Thumb Code    16  stm32h7xx_it.o(i.SysTick_Handler)
    SystemInit                               0x08004eb9   Thumb Code   256  system_stm32h7xx.o(i.SystemInit)
    TIM1_UP_IRQHandler                       0x08004fe1   Thumb Code    10  stm32h7xx_it.o(i.TIM1_UP_IRQHandler)
    TIM2_IRQHandler                          0x08004ff1   Thumb Code    10  stm32h7xx_it.o(i.TIM2_IRQHandler)
    TIM3_IRQHandler                          0x08005001   Thumb Code    10  stm32h7xx_it.o(i.TIM3_IRQHandler)
    TIM_Base_SetConfig                       0x08005011   Thumb Code   178  stm32h7xx_hal_tim.o(i.TIM_Base_SetConfig)
    TIM_ETR_SetConfig                        0x080050e5   Thumb Code    22  stm32h7xx_hal_tim.o(i.TIM_ETR_SetConfig)
    UART_AdvFeatureConfig                    0x080051bd   Thumb Code   248  stm32h7xx_hal_uart.o(i.UART_AdvFeatureConfig)
    UART_CheckIdleState                      0x080052b5   Thumb Code   234  stm32h7xx_hal_uart.o(i.UART_CheckIdleState)
    UART_SetConfig                           0x0800540d   Thumb Code  1402  stm32h7xx_hal_uart.o(i.UART_SetConfig)
    UART_WaitOnFlagUntilTimeout              0x08005999   Thumb Code   172  stm32h7xx_hal_uart.o(i.UART_WaitOnFlagUntilTimeout)
    UsageFault_Handler                       0x08005a45   Thumb Code     4  stm32h7xx_it.o(i.UsageFault_Handler)
    Debug_Task(void*)                        0x08005a49   Thumb Code    24  car.o(i._Z10Debug_TaskPv)
    Control_Task(void*)                      0x08005abb   Thumb Code    16  car.o(i._Z12Control_TaskPv)
    Motor_Check_Task(void*)                  0x08005ae5   Thumb Code    54  car.o(i._Z16Motor_Check_TaskPv)
    allocate_tx_data(const FDCAN_HandleTypeDef*, const Enum_Motor_DJI_ID&) 0x08005b35   Thumb Code    68  dvc_motor_dji.o(i._Z16allocate_tx_dataPK19FDCAN_HandleTypeDefRK17Enum_Motor_DJI_ID)
    CAN_Transmit_Data(FDCAN_HandleTypeDef*, unsigned short, unsigned char*, unsigned short) 0x08005b91   Thumb Code    46  drv_can.o(i._Z17CAN_Transmit_DataP19FDCAN_HandleTypeDeftPht)
    Motor_Control_Task(void*)                0x08005bc1   Thumb Code   178  car.o(i._Z18Motor_Control_TaskPv)
    SystemClock_Config()                     0x08005c99   Thumb Code   204  main.o(i._Z18SystemClock_Configv)
    Basic_Math_Rad_To_Deg(float)             0x08005d6d   Thumb Code    14  alg_basic_1.o(i._Z21Basic_Math_Rad_To_Degf)
    Can_Callback_Function(FDCAN_RxHeaderTypeDef&, unsigned char*) 0x08005d81   Thumb Code   130  car.o(i._Z21Can_Callback_FunctionR21FDCAN_RxHeaderTypeDefPh)
    can_filter_mask_config(FDCAN_HandleTypeDef*) 0x08005e1d   Thumb Code   116  drv_can.o(i._Z22can_filter_mask_configP19FDCAN_HandleTypeDef)
    Basic_Math_Endian_Reverse_16(void*, void*) 0x08005e95   Thumb Code    34  alg_basic_1.o(i._Z28Basic_Math_Endian_Reverse_16PvS_)
    TIM_1ms_CAN_PeriodElapsedCallback()      0x08005eb9   Thumb Code    86  drv_can.o(i._Z33TIM_1ms_CAN_PeriodElapsedCallbackv)
    CAN_Init(FDCAN_HandleTypeDef*, void(*)(FDCAN_RxHeaderTypeDef&, unsigned char*)) 0x08005f2d   Thumb Code    26  drv_can.o(i._Z8CAN_InitP19FDCAN_HandleTypeDefPFvR21FDCAN_RxHeaderTypeDefPhE)
    Car_Init()                               0x08005f4d   Thumb Code   166  car.o(i._Z8Car_Initv)
    Car_Start(void*)                         0x08006031   Thumb Code   122  car.o(i._Z9Car_StartPv)
    Data_Task(void*)                         0x08006125   Thumb Code    60  car.o(i._Z9Data_TaskPv)
    Class_Motor_DJI_C620::Data_Process()     0x08006181   Thumb Code   232  dvc_motor_dji.o(i._ZN20Class_Motor_DJI_C62012Data_ProcessEv)
    Class_Motor_DJI_C620::Set_Target_Torque(const float&) 0x08006271   Thumb Code    10  car.o(i._ZN20Class_Motor_DJI_C62017Set_Target_TorqueERKf)
    Class_Motor_DJI_C620::CAN_RxCpltCallback() 0x0800627b   Thumb Code    18  dvc_motor_dji.o(i._ZN20Class_Motor_DJI_C62018CAN_RxCpltCallbackEv)
    Class_Motor_DJI_C620::TIM_Calculate_PeriodElapsedCallback() 0x0800628d   Thumb Code   186  dvc_motor_dji.o(i._ZN20Class_Motor_DJI_C62035TIM_Calculate_PeriodElapsedCallbackEv)
    Class_Motor_DJI_C620::TIM_100ms_Alive_PeriodElapsedCallback() 0x0800634d   Thumb Code    28  dvc_motor_dji.o(i._ZN20Class_Motor_DJI_C62037TIM_100ms_Alive_PeriodElapsedCallbackEv)
    Class_Motor_DJI_C620::Init(const FDCAN_HandleTypeDef*, const Enum_Motor_DJI_ID&) 0x08006369   Thumb Code    24  dvc_motor_dji.o(i._ZN20Class_Motor_DJI_C6204InitEPK19FDCAN_HandleTypeDefRK17Enum_Motor_DJI_ID)
    Class_Motor_DJI_C620::Output()           0x08006385   Thumb Code    44  dvc_motor_dji.o(i._ZN20Class_Motor_DJI_C6206OutputEv)
    Class_Motor_DJI_C620::Class_Motor_DJI_C620() 0x080063b1   Thumb Code    88  car.o(i._ZN20Class_Motor_DJI_C620C1Ev)
    Class_Motor_DJI_C620::Class_Motor_DJI_C620__sub_object() 0x080063b1   Thumb Code     0  car.o(i._ZN20Class_Motor_DJI_C620C1Ev)
    Class_Motor_DJI_GIM6010::Data_Process(unsigned char) 0x08006421   Thumb Code   172  dvc_motor_dji.o(i._ZN23Class_Motor_DJI_GIM601012Data_ProcessEh)
    Class_Motor_DJI_GIM6010::Set_Target_Torque(const float&) 0x080064d1   Thumb Code    10  car.o(i._ZN23Class_Motor_DJI_GIM601017Set_Target_TorqueERKf)
    Class_Motor_DJI_GIM6010::CAN_RxCpltCallback(unsigned char) 0x080064db   Thumb Code    22  dvc_motor_dji.o(i._ZN23Class_Motor_DJI_GIM601018CAN_RxCpltCallbackEh)
    Class_Motor_DJI_GIM6010::TIM_Calculate_PeriodElapsedCallback() 0x080064f1   Thumb Code    36  dvc_motor_dji.o(i._ZN23Class_Motor_DJI_GIM601035TIM_Calculate_PeriodElapsedCallbackEv)
    Class_Motor_DJI_GIM6010::TIM_100ms_Alive_PeriodElapsedCallback() 0x08006519   Thumb Code    28  dvc_motor_dji.o(i._ZN23Class_Motor_DJI_GIM601037TIM_100ms_Alive_PeriodElapsedCallbackEv)
    Class_Motor_DJI_GIM6010::Init(const FDCAN_HandleTypeDef*, const Enum_Motor_DJI_ID&, const float&) 0x08006535   Thumb Code    94  dvc_motor_dji.o(i._ZN23Class_Motor_DJI_GIM60104InitEPK19FDCAN_HandleTypeDefRK17Enum_Motor_DJI_IDRKf)
    Class_Motor_DJI_GIM6010::Output()        0x080065a9   Thumb Code    50  dvc_motor_dji.o(i._ZN23Class_Motor_DJI_GIM60106OutputEv)
    Class_Motor_DJI_GIM6010::Class_Motor_DJI_GIM6010() 0x080065dd   Thumb Code    62  car.o(i._ZN23Class_Motor_DJI_GIM6010C1Ev)
    Class_Motor_DJI_GIM6010::Class_Motor_DJI_GIM6010__sub_object() 0x080065dd   Thumb Code     0  car.o(i._ZN23Class_Motor_DJI_GIM6010C1Ev)
    main                                     0x0800669d   Thumb Code    48  main.o(i.main)
    pvPortMalloc                             0x08006b89   Thumb Code   288  heap_4.o(i.pvPortMalloc)
    pxPortInitialiseStack                    0x08006cbd   Thumb Code    38  port.o(i.pxPortInitialiseStack)
    ulTaskGenericNotifyTake                  0x08006ce9   Thumb Code   164  tasks.o(i.ulTaskGenericNotifyTake)
    uxListRemove                             0x08006d95   Thumb Code    40  list.o(i.uxListRemove)
    vListInitialise                          0x08006dbd   Thumb Code    26  list.o(i.vListInitialise)
    vListInitialiseItem                      0x08006dd7   Thumb Code     6  list.o(i.vListInitialiseItem)
    vListInsert                              0x08006ddd   Thumb Code    52  list.o(i.vListInsert)
    vListInsertEnd                           0x08006e11   Thumb Code    24  list.o(i.vListInsertEnd)
    vPortEnterCritical                       0x08006e29   Thumb Code    84  port.o(i.vPortEnterCritical)
    vPortExitCritical                        0x08006e85   Thumb Code    60  port.o(i.vPortExitCritical)
    vPortFree                                0x08006ec5   Thumb Code   140  heap_4.o(i.vPortFree)
    vPortSetupTimerInterrupt                 0x08006f59   Thumb Code    36  port.o(i.vPortSetupTimerInterrupt)
    vTaskDelay                               0x08006f81   Thumb Code    86  tasks.o(i.vTaskDelay)
    vTaskDelete                              0x08006fe1   Thumb Code   214  tasks.o(i.vTaskDelete)
    vTaskStartScheduler                      0x080070e1   Thumb Code   120  tasks.o(i.vTaskStartScheduler)
    vTaskSuspendAll                          0x08007179   Thumb Code    12  tasks.o(i.vTaskSuspendAll)
    vTaskSwitchContext                       0x08007189   Thumb Code   122  tasks.o(i.vTaskSwitchContext)
    xPortStartScheduler                      0x08007219   Thumb Code   252  port.o(i.xPortStartScheduler)
    xPortSysTickHandler                      0x0800732d   Thumb Code    50  port.o(i.xPortSysTickHandler)
    xTaskCreate                              0x08007365   Thumb Code   104  tasks.o(i.xTaskCreate)
    xTaskDelayUntil                          0x080073cd   Thumb Code   214  tasks.o(i.xTaskDelayUntil)
    xTaskGenericNotify                       0x080074b1   Thumb Code   458  tasks.o(i.xTaskGenericNotify)
    xTaskGetSchedulerState                   0x08007691   Thumb Code    24  tasks.o(i.xTaskGetSchedulerState)
    xTaskGetTickCount                        0x080076b1   Thumb Code     6  tasks.o(i.xTaskGetTickCount)
    xTaskIncrementTick                       0x080076bd   Thumb Code   402  tasks.o(i.xTaskIncrementTick)
    xTaskResumeAll                           0x0800787d   Thumb Code   342  tasks.o(i.xTaskResumeAll)
    T1 Basic_Math_Constrain<float>(T1*, T1, T1) 0x080079f9   Thumb Code    48  dvc_motor_dji.o(t._Z20Basic_Math_ConstrainIfET_PS0_S0_S0_)
    _fp_init                                 0x08007a29   Thumb Code    10  fpinit.o(x$fpl$fpinit)
    __fplib_config_fpu_vfp                   0x08007a31   Thumb Code     0  fpinit.o(x$fpl$fpinit)
    __fplib_config_pureend_doubles           0x08007a31   Thumb Code     0  fpinit.o(x$fpl$fpinit)
    UARTPrescTable                           0x08007a90   Data          24  stm32h7xx_hal_uart.o(.constdata)
    D1CorePrescTable                         0x08007ab8   Data          16  system_stm32h7xx.o(.constdata)
    BASIC_MATH_RPM_TO_RADPS                  0x08007ac8   Data           4  alg_basic_1.o(.constdata)
    BASIC_MATH_DEG_TO_RAD                    0x08007acc   Data           4  alg_basic_1.o(.constdata)
    BASIC_MATH_RAD_TO_DEG                    0x08007ad0   Data           4  alg_basic_1.o(.constdata)
    BASIC_MATH_CELSIUS_TO_KELVIN             0x08007ad4   Data           4  alg_basic_1.o(.constdata)
    Region$$Table$$Base                      0x08007ad8   Number         0  anon$$obj.o(Region$$Table)
    Region$$Table$$Limit                     0x08007af8   Number         0  anon$$obj.o(Region$$Table)
    SHT$$INIT_ARRAY$$Base                    0x08007af8   Number         0  car.o(.init_array)
    SHT$$INIT_ARRAY$$Limit                   0x08007afc   Number         0  init_aeabi.o(.init_array)
    uwTick                                   0x24000000   Data           4  stm32h7xx_hal.o(.data)
    uwTickPrio                               0x24000004   Data           4  stm32h7xx_hal.o(.data)
    uwTickFreq                               0x24000008   Data           1  stm32h7xx_hal.o(.data)
    SystemCoreClock                          0x2400000c   Data           4  system_stm32h7xx.o(.data)
    SystemD2Clock                            0x24000010   Data           4  system_stm32h7xx.o(.data)
    pxCurrentTCB                             0x2400003c   Data           4  tasks.o(.data)
    uxTopUsedPriority                        0x24000074   Data           4  tasks.o(.data)
    delayflag                                0x2400007c   Data           1  delay.o(.data)
    CAN1_0x200_Tx_Data                       0x24000080   Data           8  drv_can.o(.data)
    CAN1_0x2E_Tx_Data                        0x24000088   Data           8  drv_can.o(.data)
    CAN1_0x4E_Tx_Data                        0x24000090   Data           8  drv_can.o(.data)
    CAN1_0x6E_Tx_Data                        0x24000098   Data           8  drv_can.o(.data)
    CAN1_0x8E_Tx_Data                        0x240000a0   Data           8  drv_can.o(.data)
    car_start_handle                         0x240000b0   Data           4  car.o(.data)
    data_task_handle                         0x240000b4   Data           4  car.o(.data)
    motor_control_task_handle                0x240000b8   Data           4  car.o(.data)
    motor_check_task_handle                  0x240000bc   Data           4  car.o(.data)
    control_task_handle                      0x240000c0   Data           4  car.o(.data)
    debug_task_handle                        0x240000c4   Data           4  car.o(.data)
    init_finished                            0x240000c8   Data           1  car.o(.data)
    refangle                                 0x240000cc   Data           4  car.o(.data)
    gyx                                      0x240000d0   Data           8  car.o(.data)
    gyy                                      0x240000d8   Data           8  car.o(.data)
    gyz                                      0x240000e0   Data           8  car.o(.data)
    y                                        0x240000e8   Data           8  car.o(.data)
    accx                                     0x240000f0   Data           8  car.o(.data)
    accy                                     0x240000f8   Data           8  car.o(.data)
    accz                                     0x24000100   Data           8  car.o(.data)
    target                                   0x24000108   Data           4  car.o(.data)
    l                                        0x2400010c   Data           4  car.o(.data)
    r                                        0x24000110   Data           4  car.o(.data)
    debugflag                                0x24000114   Data           1  car.o(.data)
    hfdcan1                                  0x24006608   Data         160  fdcan.o(.bss)
    htim2                                    0x240066a8   Data          76  tim.o(.bss)
    htim3                                    0x240066f4   Data          76  tim.o(.bss)
    huart1                                   0x24006740   Data         148  usart.o(.bss)
    huart2                                   0x240067d4   Data         148  usart.o(.bss)
    huart3                                   0x24006868   Data         148  usart.o(.bss)
    htim1                                    0x240068fc   Data          76  stm32h7xx_hal_timebase_tim.o(.bss)
    CAN1_Manage_Object                       0x24006948   Data         120  drv_can.o(.bss)
    motor_3508_L                             0x240069c0   Data          92  car.o(.bss)
    motor_3508_R                             0x24006a1c   Data          92  car.o(.bss)
    motor_GIM6010_L_1                        0x24006a78   Data          84  car.o(.bss)
    motor_GIM6010_L_2                        0x24006acc   Data          84  car.o(.bss)
    motor_GIM6010_R_1                        0x24006b20   Data          84  car.o(.bss)
    motor_GIM6010_R_2                        0x24006b74   Data          84  car.o(.bss)
    __libspace_start                         0x24006bc8   Data          96  libspace.o(.bss)
    __temporary_stack_top$libspace           0x24006c28   Data           0  libspace.o(.bss)



==============================================================================

Memory Map of the image

  Image Entry point : 0x08000299

  Load Region LR_IROM1 (Base: 0x08000000, Size: 0x00007c14, Max: 0x00200000, ABSOLUTE)

    Execution Region ER_IROM1 (Exec base: 0x08000000, Load base: 0x08000000, Size: 0x00007afc, Max: 0x00200000, ABSOLUTE)

    Exec Addr    Load Addr    Size         Type   Attr      Idx    E Section Name        Object

    0x08000000   0x08000000   0x00000298   Data   RO            3    RESET               startup_stm32h743xx.o
    0x08000298   0x08000298   0x00000008   Code   RO        14030  * !!!main             c_w.l(__main.o)
    0x080002a0   0x080002a0   0x00000034   Code   RO        14440    !!!scatter          c_w.l(__scatter.o)
    0x080002d4   0x080002d4   0x0000001a   Code   RO        14442    !!handler_copy      c_w.l(__scatter_copy.o)
    0x080002ee   0x080002ee   0x00000002   PAD
    0x080002f0   0x080002f0   0x0000001c   Code   RO        14444    !!handler_zi        c_w.l(__scatter_zi.o)
    0x0800030c   0x0800030c   0x00000002   Code   RO        14364    .ARM.Collect$$libinit$$00000000  c_w.l(libinit.o)
    0x0800030e   0x0800030e   0x00000004   Code   RO        14204    .ARM.Collect$$libinit$$00000001  c_w.l(libinit2.o)
    0x08000312   0x08000312   0x00000000   Code   RO        14207    .ARM.Collect$$libinit$$00000004  c_w.l(libinit2.o)
    0x08000312   0x08000312   0x00000000   Code   RO        14210    .ARM.Collect$$libinit$$0000000A  c_w.l(libinit2.o)
    0x08000312   0x08000312   0x00000000   Code   RO        14212    .ARM.Collect$$libinit$$0000000C  c_w.l(libinit2.o)
    0x08000312   0x08000312   0x00000000   Code   RO        14214    .ARM.Collect$$libinit$$0000000E  c_w.l(libinit2.o)
    0x08000312   0x08000312   0x00000000   Code   RO        14217    .ARM.Collect$$libinit$$00000011  c_w.l(libinit2.o)
    0x08000312   0x08000312   0x00000000   Code   RO        14219    .ARM.Collect$$libinit$$00000013  c_w.l(libinit2.o)
    0x08000312   0x08000312   0x00000000   Code   RO        14221    .ARM.Collect$$libinit$$00000015  c_w.l(libinit2.o)
    0x08000312   0x08000312   0x00000000   Code   RO        14223    .ARM.Collect$$libinit$$00000017  c_w.l(libinit2.o)
    0x08000312   0x08000312   0x00000000   Code   RO        14225    .ARM.Collect$$libinit$$00000019  c_w.l(libinit2.o)
    0x08000312   0x08000312   0x00000000   Code   RO        14227    .ARM.Collect$$libinit$$0000001B  c_w.l(libinit2.o)
    0x08000312   0x08000312   0x00000000   Code   RO        14229    .ARM.Collect$$libinit$$0000001D  c_w.l(libinit2.o)
    0x08000312   0x08000312   0x00000000   Code   RO        14231    .ARM.Collect$$libinit$$0000001F  c_w.l(libinit2.o)
    0x08000312   0x08000312   0x00000000   Code   RO        14233    .ARM.Collect$$libinit$$00000021  c_w.l(libinit2.o)
    0x08000312   0x08000312   0x00000000   Code   RO        14235    .ARM.Collect$$libinit$$00000023  c_w.l(libinit2.o)
    0x08000312   0x08000312   0x00000000   Code   RO        14237    .ARM.Collect$$libinit$$00000025  c_w.l(libinit2.o)
    0x08000312   0x08000312   0x00000000   Code   RO        14241    .ARM.Collect$$libinit$$0000002C  c_w.l(libinit2.o)
    0x08000312   0x08000312   0x00000000   Code   RO        14243    .ARM.Collect$$libinit$$0000002E  c_w.l(libinit2.o)
    0x08000312   0x08000312   0x00000000   Code   RO        14245    .ARM.Collect$$libinit$$00000030  c_w.l(libinit2.o)
    0x08000312   0x08000312   0x00000004   Code   RO        14246    .ARM.Collect$$libinit$$00000031  c_w.l(libinit2.o)
    0x08000316   0x08000316   0x00000000   Code   RO        14247    .ARM.Collect$$libinit$$00000032  c_w.l(libinit2.o)
    0x08000316   0x08000316   0x00000002   Code   RO        14248    .ARM.Collect$$libinit$$00000033  c_w.l(libinit2.o)
    0x08000318   0x08000318   0x00000002   Code   RO        14405    .ARM.Collect$$libshutdown$$00000000  c_w.l(libshutdown.o)
    0x0800031a   0x0800031a   0x00000000   Code   RO        14421    .ARM.Collect$$libshutdown$$00000002  c_w.l(libshutdown2.o)
    0x0800031a   0x0800031a   0x00000000   Code   RO        14423    .ARM.Collect$$libshutdown$$00000004  c_w.l(libshutdown2.o)
    0x0800031a   0x0800031a   0x00000000   Code   RO        14425    .ARM.Collect$$libshutdown$$00000006  c_w.l(libshutdown2.o)
    0x0800031a   0x0800031a   0x00000000   Code   RO        14428    .ARM.Collect$$libshutdown$$00000009  c_w.l(libshutdown2.o)
    0x0800031a   0x0800031a   0x00000000   Code   RO        14431    .ARM.Collect$$libshutdown$$0000000C  c_w.l(libshutdown2.o)
    0x0800031a   0x0800031a   0x00000000   Code   RO        14433    .ARM.Collect$$libshutdown$$0000000E  c_w.l(libshutdown2.o)
    0x0800031a   0x0800031a   0x00000000   Code   RO        14436    .ARM.Collect$$libshutdown$$00000011  c_w.l(libshutdown2.o)
    0x0800031a   0x0800031a   0x00000002   Code   RO        14437    .ARM.Collect$$libshutdown$$00000012  c_w.l(libshutdown2.o)
    0x0800031c   0x0800031c   0x00000000   Code   RO        14188    .ARM.Collect$$rtentry$$00000000  c_w.l(__rtentry.o)
    0x0800031c   0x0800031c   0x00000000   Code   RO        14311    .ARM.Collect$$rtentry$$00000002  c_w.l(__rtentry2.o)
    0x0800031c   0x0800031c   0x00000006   Code   RO        14323    .ARM.Collect$$rtentry$$00000004  c_w.l(__rtentry4.o)
    0x08000322   0x08000322   0x00000000   Code   RO        14313    .ARM.Collect$$rtentry$$00000009  c_w.l(__rtentry2.o)
    0x08000322   0x08000322   0x00000004   Code   RO        14314    .ARM.Collect$$rtentry$$0000000A  c_w.l(__rtentry2.o)
    0x08000326   0x08000326   0x00000000   Code   RO        14316    .ARM.Collect$$rtentry$$0000000C  c_w.l(__rtentry2.o)
    0x08000326   0x08000326   0x00000008   Code   RO        14317    .ARM.Collect$$rtentry$$0000000D  c_w.l(__rtentry2.o)
    0x0800032e   0x0800032e   0x00000002   Code   RO        14367    .ARM.Collect$$rtexit$$00000000  c_w.l(rtexit.o)
    0x08000330   0x08000330   0x00000000   Code   RO        14387    .ARM.Collect$$rtexit$$00000002  c_w.l(rtexit2.o)
    0x08000330   0x08000330   0x00000004   Code   RO        14388    .ARM.Collect$$rtexit$$00000003  c_w.l(rtexit2.o)
    0x08000334   0x08000334   0x00000006   Code   RO        14389    .ARM.Collect$$rtexit$$00000004  c_w.l(rtexit2.o)
    0x0800033a   0x0800033a   0x00000002   PAD
    0x0800033c   0x0800033c   0x000000c2   Code   RO         4839    .emb_text           port.o
    0x080003fe   0x080003fe   0x00000002   PAD
    0x08000400   0x08000400   0x00000048   Code   RO            4    .text               startup_stm32h743xx.o
    0x08000448   0x08000448   0x000000ee   Code   RO        13971    .text               c_w.l(lludivv7m.o)
    0x08000536   0x08000536   0x00000064   Code   RO        14018    .text               c_w.l(rt_memcpy_w.o)
    0x0800059a   0x0800059a   0x00000010   Code   RO        14022    .text               c_w.l(aeabi_memset.o)
    0x080005aa   0x080005aa   0x00000044   Code   RO        14024    .text               c_w.l(rt_memclr.o)
    0x080005ee   0x080005ee   0x0000004e   Code   RO        14026    .text               c_w.l(rt_memclr_w.o)
    0x0800063c   0x0800063c   0x00000006   Code   RO        14028    .text               c_w.l(heapauxi.o)
    0x08000642   0x08000642   0x00000002   PAD
    0x08000644   0x08000644   0x00000024   Code   RO        14035    .text               c_w.l(init_aeabi.o)
    0x08000668   0x08000668   0x00000008   Code   RO        14344    .text               c_w.l(libspace.o)
    0x08000670   0x08000670   0x0000004a   Code   RO        14347    .text               c_w.l(sys_stackheap_outer.o)
    0x080006ba   0x080006ba   0x00000012   Code   RO        14349    .text               c_w.l(exit.o)
    0x080006cc   0x080006cc   0x0000000c   Code   RO        14381    .text               c_w.l(sys_exit.o)
    0x080006d8   0x080006d8   0x00000002   Code   RO        14383    .text               c_w.l(use_no_semi.o)
    0x080006da   0x080006da   0x00000000   Code   RO        14385    .text               c_w.l(indicate_semi.o)
    0x080006da   0x080006da   0x00000004   Code   RO         6443    i.BusFault_Handler  stm32h7xx_it.o
    0x080006de   0x080006de   0x00000002   Code   RO         6444    i.DebugMon_Handler  stm32h7xx_it.o
    0x080006e0   0x080006e0   0x00000034   Code   RO         6740    i.Delay_us          delay.o
    0x08000714   0x08000714   0x00000006   Code   RO         5937    i.Error_Handler     main.o
    0x0800071a   0x0800071a   0x00000002   PAD
    0x0800071c   0x0800071c   0x00000024   Code   RO         4799    i.ExitRun0Mode      system_stm32h7xx.o
    0x08000740   0x08000740   0x00000010   Code   RO         6445    i.FDCAN1_IT0_IRQHandler  stm32h7xx_it.o
    0x08000750   0x08000750   0x00000010   Code   RO         6446    i.FDCAN1_IT1_IRQHandler  stm32h7xx_it.o
    0x08000760   0x08000760   0x00000220   Code   RO         1304    i.FDCAN_CalcultateRamBlockAddresses  stm32h7xx_hal_fdcan.o
    0x08000980   0x08000980   0x000000d0   Code   RO         1305    i.FDCAN_CopyMessageToRAM  stm32h7xx_hal_fdcan.o
    0x08000a50   0x08000a50   0x000000a8   Code   RO         1307    i.HAL_FDCAN_ActivateNotification  stm32h7xx_hal_fdcan.o
    0x08000af8   0x08000af8   0x00000090   Code   RO         1309    i.HAL_FDCAN_AddMessageToTxFifoQ  stm32h7xx_hal_fdcan.o
    0x08000b88   0x08000b88   0x00000002   Code   RO         1310    i.HAL_FDCAN_ClockCalibrationCallback  stm32h7xx_hal_fdcan.o
    0x08000b8a   0x08000b8a   0x000000a8   Code   RO         1314    i.HAL_FDCAN_ConfigFilter  stm32h7xx_hal_fdcan.o
    0x08000c32   0x08000c32   0x00000034   Code   RO         1315    i.HAL_FDCAN_ConfigGlobalFilter  stm32h7xx_hal_fdcan.o
    0x08000c66   0x08000c66   0x00000002   Code   RO         1336    i.HAL_FDCAN_ErrorCallback  stm32h7xx_hal_fdcan.o
    0x08000c68   0x08000c68   0x0000001a   Code   RO         7031    i.HAL_FDCAN_ErrorStatusCallback  drv_can.o
    0x08000c82   0x08000c82   0x00000002   PAD
    0x08000c84   0x08000c84   0x000001f4   Code   RO         1348    i.HAL_FDCAN_GetRxMessage  stm32h7xx_hal_fdcan.o
    0x08000e78   0x08000e78   0x00000002   Code   RO         1354    i.HAL_FDCAN_HighPriorityMessageCallback  stm32h7xx_hal_fdcan.o
    0x08000e7a   0x08000e7a   0x00000002   PAD
    0x08000e7c   0x08000e7c   0x000003d4   Code   RO         1355    i.HAL_FDCAN_IRQHandler  stm32h7xx_hal_fdcan.o
    0x08001250   0x08001250   0x000002e0   Code   RO         1356    i.HAL_FDCAN_Init    stm32h7xx_hal_fdcan.o
    0x08001530   0x08001530   0x000000c0   Code   RO         6279    i.HAL_FDCAN_MspInit  fdcan.o
    0x080015f0   0x080015f0   0x00000002   Code   RO         1365    i.HAL_FDCAN_RxBufferNewMessageCallback  stm32h7xx_hal_fdcan.o
    0x080015f2   0x080015f2   0x00000002   PAD
    0x080015f4   0x080015f4   0x00000060   Code   RO         7032    i.HAL_FDCAN_RxFifo0Callback  drv_can.o
    0x08001654   0x08001654   0x00000002   Code   RO         1367    i.HAL_FDCAN_RxFifo1Callback  stm32h7xx_hal_fdcan.o
    0x08001656   0x08001656   0x00000034   Code   RO         1368    i.HAL_FDCAN_Start   stm32h7xx_hal_fdcan.o
    0x0800168a   0x0800168a   0x000000a2   Code   RO         1369    i.HAL_FDCAN_Stop    stm32h7xx_hal_fdcan.o
    0x0800172c   0x0800172c   0x00000002   Code   RO         1390    i.HAL_FDCAN_TT_GlobalTimeCallback  stm32h7xx_hal_fdcan.o
    0x0800172e   0x0800172e   0x00000002   Code   RO         1391    i.HAL_FDCAN_TT_ScheduleSyncCallback  stm32h7xx_hal_fdcan.o
    0x08001730   0x08001730   0x00000002   Code   RO         1396    i.HAL_FDCAN_TT_StopWatchCallback  stm32h7xx_hal_fdcan.o
    0x08001732   0x08001732   0x00000002   Code   RO         1397    i.HAL_FDCAN_TT_TimeMarkCallback  stm32h7xx_hal_fdcan.o
    0x08001734   0x08001734   0x00000002   Code   RO         1398    i.HAL_FDCAN_TimeoutOccurredCallback  stm32h7xx_hal_fdcan.o
    0x08001736   0x08001736   0x00000002   Code   RO         1399    i.HAL_FDCAN_TimestampWraparoundCallback  stm32h7xx_hal_fdcan.o
    0x08001738   0x08001738   0x00000002   Code   RO         1400    i.HAL_FDCAN_TxBufferAbortCallback  stm32h7xx_hal_fdcan.o
    0x0800173a   0x0800173a   0x00000002   Code   RO         1401    i.HAL_FDCAN_TxBufferCompleteCallback  stm32h7xx_hal_fdcan.o
    0x0800173c   0x0800173c   0x00000002   Code   RO         1402    i.HAL_FDCAN_TxEventFifoCallback  stm32h7xx_hal_fdcan.o
    0x0800173e   0x0800173e   0x00000002   Code   RO         1403    i.HAL_FDCAN_TxFifoEmptyCallback  stm32h7xx_hal_fdcan.o
    0x08001740   0x08001740   0x000001fc   Code   RO         2487    i.HAL_GPIO_Init     stm32h7xx_hal_gpio.o
    0x0800193c   0x0800193c   0x00000010   Code   RO         2489    i.HAL_GPIO_ReadPin  stm32h7xx_hal_gpio.o
    0x0800194c   0x0800194c   0x0000000c   Code   RO         2491    i.HAL_GPIO_WritePin  stm32h7xx_hal_gpio.o
    0x08001958   0x08001958   0x0000000c   Code   RO         3359    i.HAL_GetREVID      stm32h7xx_hal.o
    0x08001964   0x08001964   0x0000000c   Code   RO         3360    i.HAL_GetTick       stm32h7xx_hal.o
    0x08001970   0x08001970   0x00000018   Code   RO         3366    i.HAL_IncTick       stm32h7xx_hal.o
    0x08001988   0x08001988   0x00000060   Code   RO         3367    i.HAL_Init          stm32h7xx_hal.o
    0x080019e8   0x080019e8   0x00000094   Code   RO         6564    i.HAL_InitTick      stm32h7xx_hal_timebase_tim.o
    0x08001a7c   0x08001a7c   0x0000005c   Code   RO         1147    i.HAL_MPU_ConfigRegion  stm32h7xx_hal_cortex.o
    0x08001ad8   0x08001ad8   0x0000002c   Code   RO         1148    i.HAL_MPU_Disable   stm32h7xx_hal_cortex.o
    0x08001b04   0x08001b04   0x00000040   Code   RO         1150    i.HAL_MPU_Enable    stm32h7xx_hal_cortex.o
    0x08001b44   0x08001b44   0x00000030   Code   RO         6540    i.HAL_MspInit       stm32h7xx_hal_msp.o
    0x08001b74   0x08001b74   0x00000028   Code   RO         1154    i.HAL_NVIC_EnableIRQ  stm32h7xx_hal_cortex.o
    0x08001b9c   0x08001b9c   0x0000007a   Code   RO         1160    i.HAL_NVIC_SetPriority  stm32h7xx_hal_cortex.o
    0x08001c16   0x08001c16   0x00000002   PAD
    0x08001c18   0x08001c18   0x00000028   Code   RO         1161    i.HAL_NVIC_SetPriorityGrouping  stm32h7xx_hal_cortex.o
    0x08001c40   0x08001c40   0x00000060   Code   RO         3088    i.HAL_PWREx_ConfigSupply  stm32h7xx_hal_pwr_ex.o
    0x08001ca0   0x08001ca0   0x00000024   Code   RO         2038    i.HAL_RCCEx_GetD3PCLK1Freq  stm32h7xx_hal_rcc_ex.o
    0x08001cc4   0x08001cc4   0x00000230   Code   RO         2040    i.HAL_RCCEx_GetPLL2ClockFreq  stm32h7xx_hal_rcc_ex.o
    0x08001ef4   0x08001ef4   0x00000230   Code   RO         2041    i.HAL_RCCEx_GetPLL3ClockFreq  stm32h7xx_hal_rcc_ex.o
    0x08002124   0x08002124   0x00000d68   Code   RO         2047    i.HAL_RCCEx_PeriphCLKConfig  stm32h7xx_hal_rcc_ex.o
    0x08002e8c   0x08002e8c   0x00000320   Code   RO         1923    i.HAL_RCC_ClockConfig  stm32h7xx_hal_rcc.o
    0x080031ac   0x080031ac   0x0000006c   Code   RO         1927    i.HAL_RCC_GetClockConfig  stm32h7xx_hal_rcc.o
    0x08003218   0x08003218   0x0000004c   Code   RO         1928    i.HAL_RCC_GetHCLKFreq  stm32h7xx_hal_rcc.o
    0x08003264   0x08003264   0x00000024   Code   RO         1930    i.HAL_RCC_GetPCLK1Freq  stm32h7xx_hal_rcc.o
    0x08003288   0x08003288   0x00000024   Code   RO         1931    i.HAL_RCC_GetPCLK2Freq  stm32h7xx_hal_rcc.o
    0x080032ac   0x080032ac   0x0000022c   Code   RO         1932    i.HAL_RCC_GetSysClockFreq  stm32h7xx_hal_rcc.o
    0x080034d8   0x080034d8   0x00000858   Code   RO         1935    i.HAL_RCC_OscConfig  stm32h7xx_hal_rcc.o
    0x08003d30   0x08003d30   0x00000002   Code   RO          855    i.HAL_TIMEx_Break2Callback  stm32h7xx_hal_tim_ex.o
    0x08003d32   0x08003d32   0x00000002   Code   RO          856    i.HAL_TIMEx_BreakCallback  stm32h7xx_hal_tim_ex.o
    0x08003d34   0x08003d34   0x00000002   Code   RO          857    i.HAL_TIMEx_CommutCallback  stm32h7xx_hal_tim_ex.o
    0x08003d36   0x08003d36   0x00000002   PAD
    0x08003d38   0x08003d38   0x000000cc   Code   RO          877    i.HAL_TIMEx_MasterConfigSynchronization  stm32h7xx_hal_tim_ex.o
    0x08003e04   0x08003e04   0x0000006e   Code   RO           15    i.HAL_TIM_Base_Init  stm32h7xx_hal_tim.o
    0x08003e72   0x08003e72   0x00000002   PAD
    0x08003e74   0x08003e74   0x00000078   Code   RO         6342    i.HAL_TIM_Base_MspInit  tim.o
    0x08003eec   0x08003eec   0x000000b4   Code   RO           20    i.HAL_TIM_Base_Start_IT  stm32h7xx_hal_tim.o
    0x08003fa0   0x08003fa0   0x0000003e   Code   RO           23    i.HAL_TIM_Base_Stop_IT  stm32h7xx_hal_tim.o
    0x08003fde   0x08003fde   0x00000002   PAD
    0x08003fe0   0x08003fe0   0x00000134   Code   RO           24    i.HAL_TIM_ConfigClockSource  stm32h7xx_hal_tim.o
    0x08004114   0x08004114   0x00000002   Code   RO           49    i.HAL_TIM_IC_CaptureCallback  stm32h7xx_hal_tim.o
    0x08004116   0x08004116   0x00000198   Code   RO           63    i.HAL_TIM_IRQHandler  stm32h7xx_hal_tim.o
    0x080042ae   0x080042ae   0x00000002   Code   RO           66    i.HAL_TIM_OC_DelayElapsedCallback  stm32h7xx_hal_tim.o
    0x080042b0   0x080042b0   0x00000002   Code   RO           93    i.HAL_TIM_PWM_PulseFinishedCallback  stm32h7xx_hal_tim.o
    0x080042b2   0x080042b2   0x00000002   PAD
    0x080042b4   0x080042b4   0x00000038   Code   RO         7109    i.HAL_TIM_PeriodElapsedCallback  car.o
    0x080042ec   0x080042ec   0x00000002   Code   RO          106    i.HAL_TIM_TriggerCallback  stm32h7xx_hal_tim.o
    0x080042ee   0x080042ee   0x0000004e   Code   RO         4676    i.HAL_UARTEx_DisableFifoMode  stm32h7xx_hal_uart_ex.o
    0x0800433c   0x0800433c   0x0000005e   Code   RO         4685    i.HAL_UARTEx_SetRxFifoThreshold  stm32h7xx_hal_uart_ex.o
    0x0800439a   0x0800439a   0x0000005e   Code   RO         4686    i.HAL_UARTEx_SetTxFifoThreshold  stm32h7xx_hal_uart_ex.o
    0x080043f8   0x080043f8   0x00000078   Code   RO         4280    i.HAL_UART_Init     stm32h7xx_hal_uart.o
    0x08004470   0x08004470   0x000001a0   Code   RO         6390    i.HAL_UART_MspInit  usart.o
    0x08004610   0x08004610   0x00000004   Code   RO         6447    i.HardFault_Handler  stm32h7xx_it.o
    0x08004614   0x08004614   0x00000056   Code   RO         6603    i.I2C_ReadReg       myi2c.o
    0x0800466a   0x0800466a   0x00000002   PAD
    0x0800466c   0x0800466c   0x0000006c   Code   RO         6698    i.JY901S_Acc        jy901s.o
    0x080046d8   0x080046d8   0x000000a0   Code   RO         6700    i.JY901S_Gyro       jy901s.o
    0x08004778   0x08004778   0x00000088   Code   RO         6280    i.MX_FDCAN1_Init    fdcan.o
    0x08004800   0x08004800   0x000000a4   Code   RO         6248    i.MX_GPIO_Init      gpio.o
    0x080048a4   0x080048a4   0x0000006c   Code   RO         6343    i.MX_TIM2_Init      tim.o
    0x08004910   0x08004910   0x00000070   Code   RO         6344    i.MX_TIM3_Init      tim.o
    0x08004980   0x08004980   0x0000006c   Code   RO         6391    i.MX_USART1_UART_Init  usart.o
    0x080049ec   0x080049ec   0x0000006c   Code   RO         6392    i.MX_USART2_UART_Init  usart.o
    0x08004a58   0x08004a58   0x0000006c   Code   RO         6393    i.MX_USART3_UART_Init  usart.o
    0x08004ac4   0x08004ac4   0x00000004   Code   RO         6448    i.MemManage_Handler  stm32h7xx_it.o
    0x08004ac8   0x08004ac8   0x00000014   Code   RO         6605    i.MyI2C_R_SDA       myi2c.o
    0x08004adc   0x08004adc   0x0000001e   Code   RO         6606    i.MyI2C_ReceiveAck  myi2c.o
    0x08004afa   0x08004afa   0x00000034   Code   RO         6607    i.MyI2C_ReceiveByte  myi2c.o
    0x08004b2e   0x08004b2e   0x00000018   Code   RO         6608    i.MyI2C_SendAck     myi2c.o
    0x08004b46   0x08004b46   0x0000002a   Code   RO         6609    i.MyI2C_SendByte    myi2c.o
    0x08004b70   0x08004b70   0x0000001c   Code   RO         6610    i.MyI2C_Start       myi2c.o
    0x08004b8c   0x08004b8c   0x00000016   Code   RO         6611    i.MyI2C_Stop        myi2c.o
    0x08004ba2   0x08004ba2   0x00000002   PAD
    0x08004ba4   0x08004ba4   0x0000001c   Code   RO         6612    i.MyI2C_W_SCL       myi2c.o
    0x08004bc0   0x08004bc0   0x0000001c   Code   RO         6613    i.MyI2C_W_SDA       myi2c.o
    0x08004bdc   0x08004bdc   0x00000004   Code   RO         6449    i.NMI_Handler       stm32h7xx_it.o
    0x08004be0   0x08004be0   0x00000164   Code   RO         2050    i.RCCEx_PLL2_Config  stm32h7xx_hal_rcc_ex.o
    0x08004d44   0x08004d44   0x00000164   Code   RO         2051    i.RCCEx_PLL3_Config  stm32h7xx_hal_rcc_ex.o
    0x08004ea8   0x08004ea8   0x00000010   Code   RO         6450    i.SysTick_Handler   stm32h7xx_it.o
    0x08004eb8   0x08004eb8   0x00000128   Code   RO         4801    i.SystemInit        system_stm32h7xx.o
    0x08004fe0   0x08004fe0   0x00000010   Code   RO         6451    i.TIM1_UP_IRQHandler  stm32h7xx_it.o
    0x08004ff0   0x08004ff0   0x00000010   Code   RO         6452    i.TIM2_IRQHandler   stm32h7xx_it.o
    0x08005000   0x08005000   0x00000010   Code   RO         6453    i.TIM3_IRQHandler   stm32h7xx_it.o
    0x08005010   0x08005010   0x000000d4   Code   RO          108    i.TIM_Base_SetConfig  stm32h7xx_hal_tim.o
    0x080050e4   0x080050e4   0x00000016   Code   RO          119    i.TIM_ETR_SetConfig  stm32h7xx_hal_tim.o
    0x080050fa   0x080050fa   0x00000002   PAD
    0x080050fc   0x080050fc   0x00000018   Code   RO          120    i.TIM_ITRx_SetConfig  stm32h7xx_hal_tim.o
    0x08005114   0x08005114   0x00000026   Code   RO          128    i.TIM_TI1_ConfigInputStage  stm32h7xx_hal_tim.o
    0x0800513a   0x0800513a   0x00000028   Code   RO          130    i.TIM_TI2_ConfigInputStage  stm32h7xx_hal_tim.o
    0x08005162   0x08005162   0x00000002   PAD
    0x08005164   0x08005164   0x00000058   Code   RO         4690    i.UARTEx_SetNbDataToProcess  stm32h7xx_hal_uart_ex.o
    0x080051bc   0x080051bc   0x000000f8   Code   RO         4294    i.UART_AdvFeatureConfig  stm32h7xx_hal_uart.o
    0x080052b4   0x080052b4   0x000000ea   Code   RO         4295    i.UART_CheckIdleState  stm32h7xx_hal_uart.o
    0x0800539e   0x0800539e   0x00000002   PAD
    0x080053a0   0x080053a0   0x0000006c   Code   RO         4306    i.UART_EndRxTransfer  stm32h7xx_hal_uart.o
    0x0800540c   0x0800540c   0x0000058c   Code   RO         4313    i.UART_SetConfig    stm32h7xx_hal_uart.o
    0x08005998   0x08005998   0x000000ac   Code   RO         4320    i.UART_WaitOnFlagUntilTimeout  stm32h7xx_hal_uart.o
    0x08005a44   0x08005a44   0x00000004   Code   RO         6454    i.UsageFault_Handler  stm32h7xx_it.o
    0x08005a48   0x08005a48   0x0000001c   Code   RO         7110    i._Z10Debug_TaskPv  car.o
    0x08005a64   0x08005a64   0x00000056   Code   RO         5938    i._Z10MPU_Configv   main.o
    0x08005aba   0x08005aba   0x00000010   Code   RO         7111    i._Z12Control_TaskPv  car.o
    0x08005aca   0x08005aca   0x00000002   PAD
    0x08005acc   0x08005acc   0x00000018   Code   RO         6770    i._Z16Math_BitsToFloatj  dvc_motor_dji.o
    0x08005ae4   0x08005ae4   0x00000050   Code   RO         7112    i._Z16Motor_Check_TaskPv  car.o
    0x08005b34   0x08005b34   0x0000005c   Code   RO         6771    i._Z16allocate_tx_dataPK19FDCAN_HandleTypeDefRK17Enum_Motor_DJI_ID  dvc_motor_dji.o
    0x08005b90   0x08005b90   0x0000002e   Code   RO         7033    i._Z17CAN_Transmit_DataP19FDCAN_HandleTypeDeftPht  drv_can.o
    0x08005bbe   0x08005bbe   0x00000002   PAD
    0x08005bc0   0x08005bc0   0x000000d8   Code   RO         7113    i._Z18Motor_Control_TaskPv  car.o
    0x08005c98   0x08005c98   0x000000d4   Code   RO         5939    i._Z18SystemClock_Configv  main.o
    0x08005d6c   0x08005d6c   0x00000014   Code   RO         7254    i._Z21Basic_Math_Rad_To_Degf  alg_basic_1.o
    0x08005d80   0x08005d80   0x0000009c   Code   RO         7114    i._Z21Can_Callback_FunctionR21FDCAN_RxHeaderTypeDefPh  car.o
    0x08005e1c   0x08005e1c   0x00000078   Code   RO         7034    i._Z22can_filter_mask_configP19FDCAN_HandleTypeDef  drv_can.o
    0x08005e94   0x08005e94   0x00000022   Code   RO         7259    i._Z28Basic_Math_Endian_Reverse_16PvS_  alg_basic_1.o
    0x08005eb6   0x08005eb6   0x00000002   PAD
    0x08005eb8   0x08005eb8   0x00000074   Code   RO         7035    i._Z33TIM_1ms_CAN_PeriodElapsedCallbackv  drv_can.o
    0x08005f2c   0x08005f2c   0x00000020   Code   RO         7037    i._Z8CAN_InitP19FDCAN_HandleTypeDefPFvR21FDCAN_RxHeaderTypeDefPhE  drv_can.o
    0x08005f4c   0x08005f4c   0x000000e4   Code   RO         7115    i._Z8Car_Initv      car.o
    0x08006030   0x08006030   0x000000f4   Code   RO         7116    i._Z9Car_StartPv    car.o
    0x08006124   0x08006124   0x0000005c   Code   RO         7117    i._Z9Data_TaskPv    car.o
    0x08006180   0x08006180   0x000000f0   Code   RO         6772    i._ZN20Class_Motor_DJI_C62012Data_ProcessEv  dvc_motor_dji.o
    0x08006270   0x08006270   0x0000000a   Code   RO         7210    i._ZN20Class_Motor_DJI_C62017Set_Target_TorqueERKf  car.o
    0x0800627a   0x0800627a   0x00000012   Code   RO         6773    i._ZN20Class_Motor_DJI_C62018CAN_RxCpltCallbackEv  dvc_motor_dji.o
    0x0800628c   0x0800628c   0x000000c0   Code   RO         6774    i._ZN20Class_Motor_DJI_C62035TIM_Calculate_PeriodElapsedCallbackEv  dvc_motor_dji.o
    0x0800634c   0x0800634c   0x0000001c   Code   RO         6775    i._ZN20Class_Motor_DJI_C62037TIM_100ms_Alive_PeriodElapsedCallbackEv  dvc_motor_dji.o
    0x08006368   0x08006368   0x0000001c   Code   RO         6776    i._ZN20Class_Motor_DJI_C6204InitEPK19FDCAN_HandleTypeDefRK17Enum_Motor_DJI_ID  dvc_motor_dji.o
    0x08006384   0x08006384   0x0000002c   Code   RO         6777    i._ZN20Class_Motor_DJI_C6206OutputEv  dvc_motor_dji.o
    0x080063b0   0x080063b0   0x00000070   Code   RO         7198    i._ZN20Class_Motor_DJI_C620C1Ev  car.o
    0x08006420   0x08006420   0x000000b0   Code   RO         6778    i._ZN23Class_Motor_DJI_GIM601012Data_ProcessEh  dvc_motor_dji.o
    0x080064d0   0x080064d0   0x0000000a   Code   RO         7204    i._ZN23Class_Motor_DJI_GIM601017Set_Target_TorqueERKf  car.o
    0x080064da   0x080064da   0x00000016   Code   RO         6779    i._ZN23Class_Motor_DJI_GIM601018CAN_RxCpltCallbackEh  dvc_motor_dji.o
    0x080064f0   0x080064f0   0x00000028   Code   RO         6780    i._ZN23Class_Motor_DJI_GIM601035TIM_Calculate_PeriodElapsedCallbackEv  dvc_motor_dji.o
    0x08006518   0x08006518   0x0000001c   Code   RO         6781    i._ZN23Class_Motor_DJI_GIM601037TIM_100ms_Alive_PeriodElapsedCallbackEv  dvc_motor_dji.o
    0x08006534   0x08006534   0x00000074   Code   RO         6782    i._ZN23Class_Motor_DJI_GIM60104InitEPK19FDCAN_HandleTypeDefRK17Enum_Motor_DJI_IDRKf  dvc_motor_dji.o
    0x080065a8   0x080065a8   0x00000032   Code   RO         6783    i._ZN23Class_Motor_DJI_GIM60106OutputEv  dvc_motor_dji.o
    0x080065da   0x080065da   0x00000002   PAD
    0x080065dc   0x080065dc   0x00000048   Code   RO         7192    i._ZN23Class_Motor_DJI_GIM6010C1Ev  car.o
    0x08006624   0x08006624   0x00000010   Code   RO         1167    i.__NVIC_GetPriorityGrouping  stm32h7xx_hal_cortex.o
    0x08006634   0x08006634   0x00000028   Code   RO         1168    i.__NVIC_SetPriority  stm32h7xx_hal_cortex.o
    0x0800665c   0x0800665c   0x00000040   Code   RO         7118    i.__sti___7_Car_cpp_3aa1ef0f  car.o
    0x0800669c   0x0800669c   0x00000030   Code   RO         5940    i.main              main.o
    0x080066cc   0x080066cc   0x000000c0   Code   RO         5553    i.prvAddCurrentTaskToDelayedList  tasks.o
    0x0800678c   0x0800678c   0x000000ec   Code   RO         5554    i.prvAddNewTaskToReadyList  tasks.o
    0x08006878   0x08006878   0x00000048   Code   RO         5555    i.prvCheckTasksWaitingTermination  tasks.o
    0x080068c0   0x080068c0   0x00000012   Code   RO         5556    i.prvDeleteTCB      tasks.o
    0x080068d2   0x080068d2   0x00000002   PAD
    0x080068d4   0x080068d4   0x00000070   Code   RO         4932    i.prvHeapInit       heap_4.o
    0x08006944   0x08006944   0x00000028   Code   RO         5557    i.prvIdleTask       tasks.o
    0x0800696c   0x0800696c   0x000000d4   Code   RO         5558    i.prvInitialiseNewTask  tasks.o
    0x08006a40   0x08006a40   0x00000068   Code   RO         5559    i.prvInitialiseTaskLists  tasks.o
    0x08006aa8   0x08006aa8   0x00000068   Code   RO         4933    i.prvInsertBlockIntoFreeList  heap_4.o
    0x08006b10   0x08006b10   0x00000030   Code   RO         5561    i.prvResetNextTaskUnblockTime  tasks.o
    0x08006b40   0x08006b40   0x00000048   Code   RO         4840    i.prvTaskExitError  port.o
    0x08006b88   0x08006b88   0x00000134   Code   RO         4935    i.pvPortMalloc      heap_4.o
    0x08006cbc   0x08006cbc   0x0000002c   Code   RO         4841    i.pxPortInitialiseStack  port.o
    0x08006ce8   0x08006ce8   0x000000ac   Code   RO         5566    i.ulTaskGenericNotifyTake  tasks.o
    0x08006d94   0x08006d94   0x00000028   Code   RO         5133    i.uxListRemove      list.o
    0x08006dbc   0x08006dbc   0x0000001a   Code   RO         5134    i.vListInitialise   list.o
    0x08006dd6   0x08006dd6   0x00000006   Code   RO         5135    i.vListInitialiseItem  list.o
    0x08006ddc   0x08006ddc   0x00000034   Code   RO         5136    i.vListInsert       list.o
    0x08006e10   0x08006e10   0x00000018   Code   RO         5137    i.vListInsertEnd    list.o
    0x08006e28   0x08006e28   0x0000005c   Code   RO         4843    i.vPortEnterCritical  port.o
    0x08006e84   0x08006e84   0x00000040   Code   RO         4844    i.vPortExitCritical  port.o
    0x08006ec4   0x08006ec4   0x00000094   Code   RO         4936    i.vPortFree         heap_4.o
    0x08006f58   0x08006f58   0x00000028   Code   RO         4845    i.vPortSetupTimerInterrupt  port.o
    0x08006f80   0x08006f80   0x00000060   Code   RO         5574    i.vTaskDelay        tasks.o
    0x08006fe0   0x08006fe0   0x00000100   Code   RO         5575    i.vTaskDelete       tasks.o
    0x080070e0   0x080070e0   0x00000098   Code   RO         5590    i.vTaskStartScheduler  tasks.o
    0x08007178   0x08007178   0x00000010   Code   RO         5592    i.vTaskSuspendAll   tasks.o
    0x08007188   0x08007188   0x00000090   Code   RO         5593    i.vTaskSwitchContext  tasks.o
    0x08007218   0x08007218   0x00000114   Code   RO         4847    i.xPortStartScheduler  port.o
    0x0800732c   0x0800732c   0x00000038   Code   RO         4848    i.xPortSysTickHandler  port.o
    0x08007364   0x08007364   0x00000068   Code   RO         5596    i.xTaskCreate       tasks.o
    0x080073cc   0x080073cc   0x000000e4   Code   RO         5597    i.xTaskDelayUntil   tasks.o
    0x080074b0   0x080074b0   0x000001e0   Code   RO         5598    i.xTaskGenericNotify  tasks.o
    0x08007690   0x08007690   0x00000020   Code   RO         5603    i.xTaskGetSchedulerState  tasks.o
    0x080076b0   0x080076b0   0x0000000c   Code   RO         5604    i.xTaskGetTickCount  tasks.o
    0x080076bc   0x080076bc   0x000001c0   Code   RO         5606    i.xTaskIncrementTick  tasks.o
    0x0800787c   0x0800787c   0x0000017c   Code   RO         5610    i.xTaskResumeAll    tasks.o
    0x080079f8   0x080079f8   0x00000030   Code   RO         6867    t._Z20Basic_Math_ConstrainIfET_PS0_S0_S0_  dvc_motor_dji.o
    0x08007a28   0x08007a28   0x0000000a   Code   RO        14336    x$fpl$fpinit        fz_wv.l(fpinit.o)
    0x08007a32   0x08007a32   0x00000002   PAD
    0x08007a34   0x08007a34   0x0000005c   Data   RO         1404    .constdata          stm32h7xx_hal_fdcan.o
    0x08007a90   0x08007a90   0x00000018   Data   RO         4321    .constdata          stm32h7xx_hal_uart.o
    0x08007aa8   0x08007aa8   0x00000010   Data   RO         4692    .constdata          stm32h7xx_hal_uart_ex.o
    0x08007ab8   0x08007ab8   0x00000010   Data   RO         4802    .constdata          system_stm32h7xx.o
    0x08007ac8   0x08007ac8   0x00000010   Data   RO         7279    .constdata          alg_basic_1.o
    0x08007ad8   0x08007ad8   0x00000020   Data   RO        14438    Region$$Table       anon$$obj.o
    0x08007af8   0x08007af8   0x00000004   Data   RO         7131    .init_array         car.o
    0x08007afc   0x08007af8   0x00000000   Data   RO        14033    .init_array         c_w.l(init_aeabi.o)


    Execution Region RW_IRAM1 (Exec base: 0x20000000, Load base: 0x08007afc, Size: 0x00000000, Max: 0x00020000, ABSOLUTE)

    **** No section assigned to this execution region ****


    Execution Region RW_IRAM2 (Exec base: 0x24000000, Load base: 0x08007afc, Size: 0x00007228, Max: 0x00080000, ABSOLUTE)

    Exec Addr    Load Addr    Size         Type   Attr      Idx    E Section Name        Object

    0x24000000   0x08007afc   0x00000009   Data   RW         3389    .data               stm32h7xx_hal.o
    0x24000009   0x08007b05   0x00000003   PAD
    0x2400000c   0x08007b08   0x00000008   Data   RW         4803    .data               system_stm32h7xx.o
    0x24000014   0x08007b10   0x0000000c   Data   RW         4849    .data               port.o
    0x24000020   0x08007b1c   0x0000001c   Data   RW         4942    .data               heap_4.o
    0x2400003c   0x08007b38   0x00000040   Data   RW         5613    .data               tasks.o
    0x2400007c   0x08007b78   0x00000001   Data   RW         6741    .data               delay.o
    0x2400007d   0x08007b79   0x00000003   PAD
    0x24000080   0x08007b7c   0x0000002c   Data   RW         7046    .data               drv_can.o
    0x240000ac   0x08007ba8   0x00000004   PAD
    0x240000b0   0x08007bac   0x00000065   Data   RW         7130    .data               car.o
    0x24000115   0x08007c11   0x00000003   PAD
    0x24000118        -       0x00006400   Zero   RW         4941    .bss                heap_4.o
    0x24006518        -       0x000000f0   Zero   RW         5612    .bss                tasks.o
    0x24006608        -       0x000000a0   Zero   RW         6281    .bss                fdcan.o
    0x240066a8        -       0x00000098   Zero   RW         6345    .bss                tim.o
    0x24006740        -       0x000001bc   Zero   RW         6394    .bss                usart.o
    0x240068fc        -       0x0000004c   Zero   RW         6567    .bss                stm32h7xx_hal_timebase_tim.o
    0x24006948        -       0x00000078   Zero   RW         7045    .bss                drv_can.o
    0x240069c0        -       0x00000208   Zero   RW         7129    .bss                car.o
    0x24006bc8        -       0x00000060   Zero   RW        14345    .bss                c_w.l(libspace.o)
    0x24006c28        -       0x00000200   Zero   RW            2    HEAP                startup_stm32h743xx.o
    0x24006e28        -       0x00000400   Zero   RW            1    STACK               startup_stm32h743xx.o


==============================================================================

Image component sizes


      Code (inc. data)   RO Data    RW Data    ZI Data      Debug   Object Name

        54          6         16          0          0       2222   alg_basic_1.o
      1384        384          4        101        520      14427   car.o
         0          0          0          0          0       5996   croutine.o
        52          8          0          1          0        759   delay.o
       436         54          0         44        120       5589   drv_can.o
      1146         86          0          0          0    1048643   dvc_motor_dji.o
         0          0          0          0          0       6000   event_groups.o
       328         24          0          0        160       1999   fdcan.o
       164          8          0          0          0       1099   gpio.o
       672         58          0         28      25600      10359   heap_4.o
       268         34          0          0          0       1319   jy901s.o
       148          0          0          0          0       3586   list.o
       352          8          0          0          0    1248152   main.o
       360         16          0          0          0       5555   myi2c.o
       838         72          0         12          0      12804   port.o
        72         30        664          0       1536        856   startup_stm32h743xx.o
       144         34          0          9          0      22209   stm32h7xx_hal.o
       458         40          0          0          0      41624   stm32h7xx_hal_cortex.o
      3744         54         92          0          0      23729   stm32h7xx_hal_fdcan.o
       536         52          0          0          0       2955   stm32h7xx_hal_gpio.o
        48          6          0          0          0        958   stm32h7xx_hal_msp.o
        96          6          0          0          0        785   stm32h7xx_hal_pwr_ex.o
      3748        124          0          0          0       7769   stm32h7xx_hal_rcc.o
      5300        108          0          0          0       7473   stm32h7xx_hal_rcc_ex.o
      1412         86          0          0          0    1331046   stm32h7xx_hal_tim.o
       210         30          0          0          0       3312   stm32h7xx_hal_tim_ex.o
       148         20          0          0         76       1631   stm32h7xx_hal_timebase_tim.o
      2302        126         24          0          0      25606   stm32h7xx_hal_uart.o
       354         10         16          0          0       3837   stm32h7xx_hal_uart_ex.o
       118         30          0          0          0       5916   stm32h7xx_it.o
       332         46         16          8          0       1941   system_stm32h7xx.o
      3442        378          0         64        240      27543   tasks.o
       340         24          0          0        152       2559   tim.o
       740         56          0          0        444       3404   usart.o

    ----------------------------------------------------------------------
     29786       2018        864        280      28848    3883662   Object Totals
         0          0         32          0          0          0   (incl. Generated)
        40          0          0         13          0          0   (incl. Padding)

    ----------------------------------------------------------------------

      Code (inc. data)   RO Data    RW Data    ZI Data      Debug   Library Member Name

         8          0          0          0          0         68   __main.o
         0          0          0          0          0          0   __rtentry.o
        12          0          0          0          0          0   __rtentry2.o
         6          0          0          0          0          0   __rtentry4.o
        52          8          0          0          0          0   __scatter.o
        26          0          0          0          0          0   __scatter_copy.o
        28          0          0          0          0          0   __scatter_zi.o
        16          0          0          0          0         68   aeabi_memset.o
        18          0          0          0          0         80   exit.o
         6          0          0          0          0        152   heapauxi.o
         0          0          0          0          0          0   indicate_semi.o
        36         10          0          0          0         80   init_aeabi.o
         2          0          0          0          0          0   libinit.o
        10          0          0          0          0          0   libinit2.o
         2          0          0          0          0          0   libshutdown.o
         2          0          0          0          0          0   libshutdown2.o
         8          4          0          0         96         68   libspace.o
       238          0          0          0          0        100   lludivv7m.o
        68          0          0          0          0         68   rt_memclr.o
        78          0          0          0          0         80   rt_memclr_w.o
       100          0          0          0          0         80   rt_memcpy_w.o
         2          0          0          0          0          0   rtexit.o
        10          0          0          0          0          0   rtexit2.o
        12          4          0          0          0         68   sys_exit.o
        74          0          0          0          0         80   sys_stackheap_outer.o
         2          0          0          0          0         68   use_no_semi.o
        10          0          0          0          0        116   fpinit.o

    ----------------------------------------------------------------------
       834         26          0          0         96       1176   Library Totals
         8          0          0          0          0          0   (incl. Padding)

    ----------------------------------------------------------------------

      Code (inc. data)   RO Data    RW Data    ZI Data      Debug   Library Name

       816         26          0          0         96       1060   c_w.l
        10          0          0          0          0        116   fz_wv.l

    ----------------------------------------------------------------------
       834         26          0          0         96       1176   Library Totals

    ----------------------------------------------------------------------

==============================================================================


      Code (inc. data)   RO Data    RW Data    ZI Data      Debug   

     30620       2044        864        280      28944    3865370   Grand Totals
     30620       2044        864        280      28944    3865370   ELF Image Totals
     30620       2044        864        280          0          0   ROM Totals

==============================================================================

    Total RO  Size (Code + RO Data)                31484 (  30.75kB)
    Total RW  Size (RW Data + ZI Data)             29224 (  28.54kB)
    Total ROM Size (Code + RO Data + RW Data)      31764 (  31.02kB)

==============================================================================

