Component: ARM Compiler 5.06 update 7 (build 960) Tool: armlink [4d3601]

==============================================================================

Section Cross References

    startup_stm32h743xx.o(STACK) refers (Special) to heapauxi.o(.text) for __use_two_region_memory
    startup_stm32h743xx.o(HEAP) refers (Special) to heapauxi.o(.text) for __use_two_region_memory
    startup_stm32h743xx.o(RESET) refers (Special) to heapauxi.o(.text) for __use_two_region_memory
    startup_stm32h743xx.o(RESET) refers to startup_stm32h743xx.o(STACK) for __initial_sp
    startup_stm32h743xx.o(RESET) refers to startup_stm32h743xx.o(.text) for Reset_Handler
    startup_stm32h743xx.o(RESET) refers to stm32h7xx_it.o(i.NMI_Handler) for NMI_Handler
    startup_stm32h743xx.o(RESET) refers to stm32h7xx_it.o(i.HardFault_Handler) for HardFault_Handler
    startup_stm32h743xx.o(RESET) refers to stm32h7xx_it.o(i.MemManage_Handler) for MemManage_Handler
    startup_stm32h743xx.o(RESET) refers to stm32h7xx_it.o(i.BusFault_Handler) for BusFault_Handler
    startup_stm32h743xx.o(RESET) refers to stm32h7xx_it.o(i.UsageFault_Handler) for UsageFault_Handler
    startup_stm32h743xx.o(RESET) refers to port.o(.emb_text) for SVC_Handler
    startup_stm32h743xx.o(RESET) refers to stm32h7xx_it.o(i.DebugMon_Handler) for DebugMon_Handler
    startup_stm32h743xx.o(RESET) refers to stm32h7xx_it.o(i.SysTick_Handler) for SysTick_Handler
    startup_stm32h743xx.o(RESET) refers to stm32h7xx_it.o(i.FDCAN1_IT0_IRQHandler) for FDCAN1_IT0_IRQHandler
    startup_stm32h743xx.o(RESET) refers to stm32h7xx_it.o(i.FDCAN1_IT1_IRQHandler) for FDCAN1_IT1_IRQHandler
    startup_stm32h743xx.o(RESET) refers to stm32h7xx_it.o(i.TIM1_UP_IRQHandler) for TIM1_UP_IRQHandler
    startup_stm32h743xx.o(RESET) refers to stm32h7xx_it.o(i.TIM2_IRQHandler) for TIM2_IRQHandler
    startup_stm32h743xx.o(RESET) refers to stm32h7xx_it.o(i.TIM3_IRQHandler) for TIM3_IRQHandler
    startup_stm32h743xx.o(RESET) refers to stm32h7xx_it.o(i.USART1_IRQHandler) for USART1_IRQHandler
    startup_stm32h743xx.o(RESET) refers to stm32h7xx_it.o(i.USART2_IRQHandler) for USART2_IRQHandler
    startup_stm32h743xx.o(.text) refers (Special) to heapauxi.o(.text) for __use_two_region_memory
    startup_stm32h743xx.o(.text) refers to system_stm32h7xx.o(i.ExitRun0Mode) for ExitRun0Mode
    startup_stm32h743xx.o(.text) refers to system_stm32h7xx.o(i.SystemInit) for SystemInit
    startup_stm32h743xx.o(.text) refers to __main.o(!!!main) for __main
    startup_stm32h743xx.o(.text) refers to startup_stm32h743xx.o(HEAP) for Heap_Mem
    startup_stm32h743xx.o(.text) refers to startup_stm32h743xx.o(STACK) for Stack_Mem
    stm32h7xx_hal_tim.o(i.HAL_TIM_Base_DeInit) refers to tim.o(i.HAL_TIM_Base_MspDeInit) for HAL_TIM_Base_MspDeInit
    stm32h7xx_hal_tim.o(i.HAL_TIM_Base_Init) refers to tim.o(i.HAL_TIM_Base_MspInit) for HAL_TIM_Base_MspInit
    stm32h7xx_hal_tim.o(i.HAL_TIM_Base_Init) refers to stm32h7xx_hal_tim.o(i.TIM_Base_SetConfig) for TIM_Base_SetConfig
    stm32h7xx_hal_tim.o(i.HAL_TIM_Base_Start_DMA) refers to stm32h7xx_hal_dma.o(i.HAL_DMA_Start_IT) for HAL_DMA_Start_IT
    stm32h7xx_hal_tim.o(i.HAL_TIM_Base_Start_DMA) refers to stm32h7xx_hal_tim.o(i.TIM_DMAPeriodElapsedCplt) for TIM_DMAPeriodElapsedCplt
    stm32h7xx_hal_tim.o(i.HAL_TIM_Base_Start_DMA) refers to stm32h7xx_hal_tim.o(i.TIM_DMAPeriodElapsedHalfCplt) for TIM_DMAPeriodElapsedHalfCplt
    stm32h7xx_hal_tim.o(i.HAL_TIM_Base_Start_DMA) refers to stm32h7xx_hal_tim.o(i.TIM_DMAError) for TIM_DMAError
    stm32h7xx_hal_tim.o(i.HAL_TIM_Base_Stop_DMA) refers to stm32h7xx_hal_dma.o(i.HAL_DMA_Abort_IT) for HAL_DMA_Abort_IT
    stm32h7xx_hal_tim.o(i.HAL_TIM_ConfigClockSource) refers to stm32h7xx_hal_tim.o(i.TIM_ETR_SetConfig) for TIM_ETR_SetConfig
    stm32h7xx_hal_tim.o(i.HAL_TIM_ConfigClockSource) refers to stm32h7xx_hal_tim.o(i.TIM_TI1_ConfigInputStage) for TIM_TI1_ConfigInputStage
    stm32h7xx_hal_tim.o(i.HAL_TIM_ConfigClockSource) refers to stm32h7xx_hal_tim.o(i.TIM_ITRx_SetConfig) for TIM_ITRx_SetConfig
    stm32h7xx_hal_tim.o(i.HAL_TIM_ConfigClockSource) refers to stm32h7xx_hal_tim.o(i.TIM_TI2_ConfigInputStage) for TIM_TI2_ConfigInputStage
    stm32h7xx_hal_tim.o(i.HAL_TIM_ConfigOCrefClear) refers to stm32h7xx_hal_tim.o(i.TIM_ETR_SetConfig) for TIM_ETR_SetConfig
    stm32h7xx_hal_tim.o(i.HAL_TIM_DMABurst_MultiReadStart) refers to stm32h7xx_hal_dma.o(i.HAL_DMA_Start_IT) for HAL_DMA_Start_IT
    stm32h7xx_hal_tim.o(i.HAL_TIM_DMABurst_MultiReadStart) refers to stm32h7xx_hal_tim.o(i.TIM_DMAPeriodElapsedCplt) for TIM_DMAPeriodElapsedCplt
    stm32h7xx_hal_tim.o(i.HAL_TIM_DMABurst_MultiReadStart) refers to stm32h7xx_hal_tim.o(i.TIM_DMAPeriodElapsedHalfCplt) for TIM_DMAPeriodElapsedHalfCplt
    stm32h7xx_hal_tim.o(i.HAL_TIM_DMABurst_MultiReadStart) refers to stm32h7xx_hal_tim.o(i.TIM_DMAError) for TIM_DMAError
    stm32h7xx_hal_tim.o(i.HAL_TIM_DMABurst_MultiReadStart) refers to stm32h7xx_hal_tim.o(i.TIM_DMACaptureCplt) for TIM_DMACaptureCplt
[...]
    PVD_AVD_IRQHandler                       0x0800046f   Thumb Code     0  startup_stm32h743xx.o(.text)
    QUADSPI_IRQHandler                       0x0800046f   Thumb Code     0  startup_stm32h743xx.o(.text)
    RCC_IRQHandler                           0x0800046f   Thumb Code     0  startup_stm32h743xx.o(.text)
    RNG_IRQHandler                           0x0800046f   Thumb Code     0  startup_stm32h743xx.o(.text)
    RTC_Alarm_IRQHandler                     0x0800046f   Thumb Code     0  startup_stm32h743xx.o(.text)
    RTC_WKUP_IRQHandler                      0x0800046f   Thumb Code     0  startup_stm32h743xx.o(.text)
    SAI1_IRQHandler                          0x0800046f   Thumb Code     0  startup_stm32h743xx.o(.text)
    SAI2_IRQHandler                          0x0800046f   Thumb Code     0  startup_stm32h743xx.o(.text)
    SAI3_IRQHandler                          0x0800046f   Thumb Code     0  startup_stm32h743xx.o(.text)
    SAI4_IRQHandler                          0x0800046f   Thumb Code     0  startup_stm32h743xx.o(.text)
    SDMMC1_IRQHandler                        0x0800046f   Thumb Code     0  startup_stm32h743xx.o(.text)
    SDMMC2_IRQHandler                        0x0800046f   Thumb Code     0  startup_stm32h743xx.o(.text)
    SPDIF_RX_IRQHandler                      0x0800046f   Thumb Code     0  startup_stm32h743xx.o(.text)
    SPI1_IRQHandler                          0x0800046f   Thumb Code     0  startup_stm32h743xx.o(.text)
    SPI2_IRQHandler                          0x0800046f   Thumb Code     0  startup_stm32h743xx.o(.text)
    SPI3_IRQHandler                          0x0800046f   Thumb Code     0  startup_stm32h743xx.o(.text)
    SPI4_IRQHandler                          0x0800046f   Thumb Code     0  startup_stm32h743xx.o(.text)
    SPI5_IRQHandler                          0x0800046f   Thumb Code     0  startup_stm32h743xx.o(.text)
    SPI6_IRQHandler                          0x0800046f   Thumb Code     0  startup_stm32h743xx.o(.text)
    SWPMI1_IRQHandler                        0x0800046f   Thumb Code     0  startup_stm32h743xx.o(.text)
    TAMP_STAMP_IRQHandler                    0x0800046f   Thumb Code     0  startup_stm32h743xx.o(.text)
    TIM15_IRQHandler                         0x0800046f   Thumb Code     0  startup_stm32h743xx.o(.text)
    TIM16_IRQHandler                         0x0800046f   Thumb Code     0  startup_stm32h743xx.o(.text)
    TIM17_IRQHandler                         0x0800046f   Thumb Code     0  startup_stm32h743xx.o(.text)
    TIM1_BRK_IRQHandler                      0x0800046f   Thumb Code     0  startup_stm32h743xx.o(.text)
    TIM1_CC_IRQHandler                       0x0800046f   Thumb Code     0  startup_stm32h743xx.o(.text)
    TIM1_TRG_COM_IRQHandler                  0x0800046f   Thumb Code     0  startup_stm32h743xx.o(.text)
    TIM4_IRQHandler                          0x0800046f   Thumb Code     0  startup_stm32h743xx.o(.text)
    TIM5_IRQHandler                          0x0800046f   Thumb Code     0  startup_stm32h743xx.o(.text)
    TIM6_DAC_IRQHandler                      0x0800046f   Thumb Code     0  startup_stm32h743xx.o(.text)
    TIM7_IRQHandler                          0x0800046f   Thumb Code     0  startup_stm32h743xx.o(.text)
    TIM8_BRK_TIM12_IRQHandler                0x0800046f   Thumb Code     0  startup_stm32h743xx.o(.text)
    TIM8_CC_IRQHandler                       0x0800046f   Thumb Code     0  startup_stm32h743xx.o(.text)
    TIM8_TRG_COM_TIM14_IRQHandler            0x0800046f   Thumb Code     0  startup_stm32h743xx.o(.text)
    TIM8_UP_TIM13_IRQHandler                 0x0800046f   Thumb Code     0  startup_stm32h743xx.o(.text)
    UART4_IRQHandler                         0x0800046f   Thumb Code     0  startup_stm32h743xx.o(.text)
    UART5_IRQHandler                         0x0800046f   Thumb Code     0  startup_stm32h743xx.o(.text)
    UART7_IRQHandler                         0x0800046f   Thumb Code     0  startup_stm32h743xx.o(.text)
    UART8_IRQHandler                         0x0800046f   Thumb Code     0  startup_stm32h743xx.o(.text)
    USART3_IRQHandler                        0x0800046f   Thumb Code     0  startup_stm32h743xx.o(.text)
    USART6_IRQHandler                        0x0800046f   Thumb Code     0  startup_stm32h743xx.o(.text)
    WAKEUP_PIN_IRQHandler                    0x0800046f   Thumb Code     0  startup_stm32h743xx.o(.text)
    WWDG_IRQHandler                          0x0800046f   Thumb Code     0  startup_stm32h743xx.o(.text)
    __user_initial_stackheap                 0x08000471   Thumb Code     0  startup_stm32h743xx.o(.text)
    __aeabi_uldivmod                         0x08000499   Thumb Code     0  lludivv7m.o(.text)
    _ll_udiv                                 0x08000499   Thumb Code   238  lludivv7m.o(.text)
    __2printf                                0x08000589   Thumb Code    20  noretval__2printf.o(.text)
    _printf_pre_padding                      0x080005a1   Thumb Code    44  _printf_pad.o(.text)
    _printf_post_padding                     0x080005cd   Thumb Code    34  _printf_pad.o(.text)
    _printf_int_dec                          0x080005f1   Thumb Code   104  _printf_dec.o(.text)
    _printf_int_hex                          0x08000669   Thumb Code    84  _printf_hex_int.o(.text)
    _printf_longlong_hex                     0x08000669   Thumb Code     0  _printf_hex_int.o(.text)
    __printf                                 0x080006c1   Thumb Code   388  __printf_flags_ss_wp.o(.text)
    __aeabi_memcpy4                          0x08000849   Thumb Code     0  rt_memcpy_w.o(.text)
    __aeabi_memcpy8                          0x08000849   Thumb Code     0  rt_memcpy_w.o(.text)
    __rt_memcpy_w                            0x08000849   Thumb Code   100  rt_memcpy_w.o(.text)
    _memcpy_lastbytes_aligned                0x08000891   Thumb Code     0  rt_memcpy_w.o(.text)
    __aeabi_memset                           0x080008ad   Thumb Code    16  aeabi_memset.o(.text)
    __aeabi_memclr                           0x080008bd   Thumb Code     0  rt_memclr.o(.text)
    __rt_memclr                              0x080008bd   Thumb Code    68  rt_memclr.o(.text)
    _memset                                  0x080008c1   Thumb Code     0  rt_memclr.o(.text)
    __aeabi_memclr4                          0x08000901   Thumb Code     0  rt_memclr_w.o(.text)
    __aeabi_memclr8                          0x08000901   Thumb Code     0  rt_memclr_w.o(.text)
    __rt_memclr_w                            0x08000901   Thumb Code    78  rt_memclr_w.o(.text)
    _memset_w                                0x08000905   Thumb Code     0  rt_memclr_w.o(.text)
    __use_two_region_memory                  0x0800094f   Thumb Code     2  heapauxi.o(.text)
    __rt_heap_escrow$2region                 0x08000951   Thumb Code     2  heapauxi.o(.text)
    __rt_heap_expand$2region                 0x08000953   Thumb Code     2  heapauxi.o(.text)
    __cpp_initialize__aeabi_                 0x08000955   Thumb Code    26  init_aeabi.o(.text)
    _printf_int_common                       0x08000979   Thumb Code   178  _printf_intcommon.o(.text)
    _printf_char_common                      0x08000a37   Thumb Code    32  _printf_char_common.o(.text)
    _printf_char_file                        0x08000a5d   Thumb Code    32  _printf_char_file.o(.text)
    __user_libspace                          0x08000a81   Thumb Code     8  libspace.o(.text)
    __user_perproc_libspace                  0x08000a81   Thumb Code     0  libspace.o(.text)
    __user_perthread_libspace                0x08000a81   Thumb Code     0  libspace.o(.text)
    __user_setup_stackheap                   0x08000a89   Thumb Code    74  sys_stackheap_outer.o(.text)
    exit                                     0x08000ad3   Thumb Code    18  exit.o(.text)
    _sys_exit                                0x08000ae5   Thumb Code     8  sys_exit.o(.text)
    __I$use$semihosting                      0x08000af1   Thumb Code     0  use_no_semi.o(.text)
    __use_no_semihosting_swi                 0x08000af1   Thumb Code     2  use_no_semi.o(.text)
    BusFault_Handler                         0x08000af3   Thumb Code     4  stm32h7xx_it.o(i.BusFault_Handler)
    __semihosting_library_function           0x08000af3   Thumb Code     0  indicate_semi.o(.text)
    DebugMon_Handler                         0x08000af7   Thumb Code     2  stm32h7xx_it.o(i.DebugMon_Handler)
    Delay_us                                 0x08000af9   Thumb Code    44  delay.o(i.Delay_us)
    Error_Handler                            0x08000b2d   Thumb Code     6  main.o(i.Error_Handler)
    ExitRun0Mode                             0x08000b35   Thumb Code    30  system_stm32h7xx.o(i.ExitRun0Mode)
    FDCAN1_IT0_IRQHandler                    0x08000b59   Thumb Code    10  stm32h7xx_it.o(i.FDCAN1_IT0_IRQHandler)
    FDCAN1_IT1_IRQHandler                    0x08000b69   Thumb Code    10  stm32h7xx_it.o(i.FDCAN1_IT1_IRQHandler)
    HAL_DMA_Abort                            0x08000e69   Thumb Code  1236  stm32h7xx_hal_dma.o(i.HAL_DMA_Abort)
    HAL_DMA_Abort_IT                         0x08001345   Thumb Code   906  stm32h7xx_hal_dma.o(i.HAL_DMA_Abort_IT)
    HAL_FDCAN_ActivateNotification           0x080016dd   Thumb Code   158  stm32h7xx_hal_fdcan.o(i.HAL_FDCAN_ActivateNotification)
    HAL_FDCAN_AddMessageToTxFifoQ            0x08001785   Thumb Code   144  stm32h7xx_hal_fdcan.o(i.HAL_FDCAN_AddMessageToTxFifoQ)
    HAL_FDCAN_ClockCalibrationCallback       0x08001815   Thumb Code     2  stm32h7xx_hal_fdcan.o(i.HAL_FDCAN_ClockCalibrationCallback)
    HAL_FDCAN_ConfigFilter                   0x08001817   Thumb Code   168  stm32h7xx_hal_fdcan.o(i.HAL_FDCAN_ConfigFilter)
    HAL_FDCAN_ConfigGlobalFilter             0x080018bf   Thumb Code    52  stm32h7xx_hal_fdcan.o(i.HAL_FDCAN_ConfigGlobalFilter)
    HAL_FDCAN_ErrorCallback                  0x080018f3   Thumb Code     2  stm32h7xx_hal_fdcan.o(i.HAL_FDCAN_ErrorCallback)
    HAL_FDCAN_ErrorStatusCallback            0x080018f5   Thumb Code    26  drv_can.o(i.HAL_FDCAN_ErrorStatusCallback)
    HAL_FDCAN_GetRxMessage                   0x08001911   Thumb Code   494  stm32h7xx_hal_fdcan.o(i.HAL_FDCAN_GetRxMessage)
    HAL_FDCAN_HighPriorityMessageCallback    0x08001b05   Thumb Code     2  stm32h7xx_hal_fdcan.o(i.HAL_FDCAN_HighPriorityMessageCallback)
    HAL_FDCAN_IRQHandler                     0x08001b09   Thumb Code   966  stm32h7xx_hal_fdcan.o(i.HAL_FDCAN_IRQHandler)
    HAL_FDCAN_Init                           0x08001edd   Thumb Code   726  stm32h7xx_hal_fdcan.o(i.HAL_FDCAN_Init)
    HAL_FDCAN_MspInit                        0x080021bd   Thumb Code   178  fdcan.o(i.HAL_FDCAN_MspInit)
    HAL_FDCAN_RxBufferNewMessageCallback     0x0800227d   Thumb Code     2  stm32h7xx_hal_fdcan.o(i.HAL_FDCAN_RxBufferNewMessageCallback)
    HAL_FDCAN_RxFifo0Callback                0x08002281   Thumb Code    82  drv_can.o(i.HAL_FDCAN_RxFifo0Callback)
    HAL_FDCAN_RxFifo1Callback                0x080022e1   Thumb Code     2  stm32h7xx_hal_fdcan.o(i.HAL_FDCAN_RxFifo1Callback)
    HAL_FDCAN_Start                          0x080022e3   Thumb Code    52  stm32h7xx_hal_fdcan.o(i.HAL_FDCAN_Start)
    HAL_FDCAN_Stop                           0x08002317   Thumb Code   162  stm32h7xx_hal_fdcan.o(i.HAL_FDCAN_Stop)
    HAL_FDCAN_TT_GlobalTimeCallback          0x080023b9   Thumb Code     2  stm32h7xx_hal_fdcan.o(i.HAL_FDCAN_TT_GlobalTimeCallback)
    HAL_FDCAN_TT_ScheduleSyncCallback        0x080023bb   Thumb Code     2  stm32h7xx_hal_fdcan.o(i.HAL_FDCAN_TT_ScheduleSyncCallback)
    HAL_FDCAN_TT_StopWatchCallback           0x080023bd   Thumb Code     2  stm32h7xx_hal_fdcan.o(i.HAL_FDCAN_TT_StopWatchCallback)
    HAL_FDCAN_TT_TimeMarkCallback            0x080023bf   Thumb Code     2  stm32h7xx_hal_fdcan.o(i.HAL_FDCAN_TT_TimeMarkCallback)
    HAL_FDCAN_TimeoutOccurredCallback        0x080023c1   Thumb Code     2  stm32h7xx_hal_fdcan.o(i.HAL_FDCAN_TimeoutOccurredCallback)
    HAL_FDCAN_TimestampWraparoundCallback    0x080023c3   Thumb Code     2  stm32h7xx_hal_fdcan.o(i.HAL_FDCAN_TimestampWraparoundCallback)
    HAL_FDCAN_TxBufferAbortCallback          0x080023c5   Thumb Code     2  stm32h7xx_hal_fdcan.o(i.HAL_FDCAN_TxBufferAbortCallback)
    HAL_FDCAN_TxBufferCompleteCallback       0x080023c7   Thumb Code     2  stm32h7xx_hal_fdcan.o(i.HAL_FDCAN_TxBufferCompleteCallback)
    HAL_FDCAN_TxEventFifoCallback            0x080023c9   Thumb Code     2  stm32h7xx_hal_fdcan.o(i.HAL_FDCAN_TxEventFifoCallback)
    HAL_FDCAN_TxFifoEmptyCallback            0x080023cb   Thumb Code     2  stm32h7xx_hal_fdcan.o(i.HAL_FDCAN_TxFifoEmptyCallback)
    HAL_GPIO_Init                            0x080023cd   Thumb Code   456  stm32h7xx_hal_gpio.o(i.HAL_GPIO_Init)
    HAL_GPIO_ReadPin                         0x080025c9   Thumb Code    16  stm32h7xx_hal_gpio.o(i.HAL_GPIO_ReadPin)
    HAL_GPIO_WritePin                        0x080025d9   Thumb Code    12  stm32h7xx_hal_gpio.o(i.HAL_GPIO_WritePin)
    HAL_GetREVID                             0x080025e5   Thumb Code     8  stm32h7xx_hal.o(i.HAL_GetREVID)
    HAL_GetTick                              0x080025f1   Thumb Code     6  stm32h7xx_hal.o(i.HAL_GetTick)
    HAL_IncTick                              0x080025fd   Thumb Code    16  stm32h7xx_hal.o(i.HAL_IncTick)
    HAL_Init                                 0x08002615   Thumb Code    80  stm32h7xx_hal.o(i.HAL_Init)
    HAL_InitTick                             0x08002675   Thumb Code   128  stm32h7xx_hal_timebase_tim.o(i.HAL_InitTick)
    HAL_MPU_ConfigRegion                     0x08002709   Thumb Code    86  stm32h7xx_hal_cortex.o(i.HAL_MPU_ConfigRegion)
    HAL_MPU_Disable                          0x08002765   Thumb Code    38  stm32h7xx_hal_cortex.o(i.HAL_MPU_Disable)
    HAL_MPU_Enable                           0x08002791   Thumb Code    58  stm32h7xx_hal_cortex.o(i.HAL_MPU_Enable)
    HAL_MspInit                              0x080027d1   Thumb Code    42  stm32h7xx_hal_msp.o(i.HAL_MspInit)
    HAL_NVIC_EnableIRQ                       0x08002801   Thumb Code    40  stm32h7xx_hal_cortex.o(i.HAL_NVIC_EnableIRQ)
    HAL_NVIC_SetPriority                     0x08002829   Thumb Code   122  stm32h7xx_hal_cortex.o(i.HAL_NVIC_SetPriority)
    HAL_NVIC_SetPriorityGrouping             0x080028a5   Thumb Code    32  stm32h7xx_hal_cortex.o(i.HAL_NVIC_SetPriorityGrouping)
    HAL_PWREx_ConfigSupply                   0x080028cd   Thumb Code    90  stm32h7xx_hal_pwr_ex.o(i.HAL_PWREx_ConfigSupply)
    HAL_RCCEx_GetD3PCLK1Freq                 0x0800292d   Thumb Code    26  stm32h7xx_hal_rcc_ex.o(i.HAL_RCCEx_GetD3PCLK1Freq)
    HAL_RCCEx_GetPLL2ClockFreq               0x08002951   Thumb Code   536  stm32h7xx_hal_rcc_ex.o(i.HAL_RCCEx_GetPLL2ClockFreq)
    HAL_RCCEx_GetPLL3ClockFreq               0x08002b81   Thumb Code   536  stm32h7xx_hal_rcc_ex.o(i.HAL_RCCEx_GetPLL3ClockFreq)
    HAL_RCCEx_PeriphCLKConfig                0x08002db1   Thumb Code  3432  stm32h7xx_hal_rcc_ex.o(i.HAL_RCCEx_PeriphCLKConfig)
    HAL_RCC_ClockConfig                      0x08003b19   Thumb Code   774  stm32h7xx_hal_rcc.o(i.HAL_RCC_ClockConfig)
    HAL_RCC_GetClockConfig                   0x08003e39   Thumb Code    98  stm32h7xx_hal_rcc.o(i.HAL_RCC_GetClockConfig)
    HAL_RCC_GetHCLKFreq                      0x08003ea5   Thumb Code    60  stm32h7xx_hal_rcc.o(i.HAL_RCC_GetHCLKFreq)
    HAL_RCC_GetPCLK1Freq                     0x08003ef1   Thumb Code    26  stm32h7xx_hal_rcc.o(i.HAL_RCC_GetPCLK1Freq)
    HAL_RCC_GetPCLK2Freq                     0x08003f15   Thumb Code    26  stm32h7xx_hal_rcc.o(i.HAL_RCC_GetPCLK2Freq)
    HAL_RCC_GetSysClockFreq                  0x08003f39   Thumb Code   524  stm32h7xx_hal_rcc.o(i.HAL_RCC_GetSysClockFreq)
    HAL_RCC_OscConfig                        0x08004165   Thumb Code  2130  stm32h7xx_hal_rcc.o(i.HAL_RCC_OscConfig)
    HAL_TIMEx_Break2Callback                 0x080049bd   Thumb Code     2  stm32h7xx_hal_tim_ex.o(i.HAL_TIMEx_Break2Callback)
    HAL_TIMEx_BreakCallback                  0x080049bf   Thumb Code     2  stm32h7xx_hal_tim_ex.o(i.HAL_TIMEx_BreakCallback)
    HAL_TIMEx_CommutCallback                 0x080049c1   Thumb Code     2  stm32h7xx_hal_tim_ex.o(i.HAL_TIMEx_CommutCallback)
    HAL_TIMEx_MasterConfigSynchronization    0x080049c5   Thumb Code   174  stm32h7xx_hal_tim_ex.o(i.HAL_TIMEx_MasterConfigSynchronization)
    HAL_TIM_Base_Init                        0x08004a91   Thumb Code   110  stm32h7xx_hal_tim.o(i.HAL_TIM_Base_Init)
    HAL_TIM_Base_MspInit                     0x08004b01   Thumb Code   112  tim.o(i.HAL_TIM_Base_MspInit)
    HAL_TIM_Base_Start_IT                    0x08004b79   Thumb Code   146  stm32h7xx_hal_tim.o(i.HAL_TIM_Base_Start_IT)
    HAL_TIM_Base_Stop_IT                     0x08004c2d   Thumb Code    62  stm32h7xx_hal_tim.o(i.HAL_TIM_Base_Stop_IT)
    HAL_TIM_ConfigClockSource                0x08004c6d   Thumb Code   304  stm32h7xx_hal_tim.o(i.HAL_TIM_ConfigClockSource)
    HAL_TIM_IC_CaptureCallback               0x08004da1   Thumb Code     2  stm32h7xx_hal_tim.o(i.HAL_TIM_IC_CaptureCallback)
    HAL_TIM_IRQHandler                       0x08004da3   Thumb Code   408  stm32h7xx_hal_tim.o(i.HAL_TIM_IRQHandler)
    HAL_TIM_OC_DelayElapsedCallback          0x08004f3b   Thumb Code     2  stm32h7xx_hal_tim.o(i.HAL_TIM_OC_DelayElapsedCallback)
    HAL_TIM_PWM_PulseFinishedCallback        0x08004f3d   Thumb Code     2  stm32h7xx_hal_tim.o(i.HAL_TIM_PWM_PulseFinishedCallback)
    HAL_TIM_PeriodElapsedCallback            0x08004f41   Thumb Code    40  car.o(i.HAL_TIM_PeriodElapsedCallback)
    HAL_TIM_TriggerCallback                  0x08004f79   Thumb Code     2  stm32h7xx_hal_tim.o(i.HAL_TIM_TriggerCallback)
    HAL_UARTEx_DisableFifoMode               0x08004f7b   Thumb Code    78  stm32h7xx_hal_uart_ex.o(i.HAL_UARTEx_DisableFifoMode)
    HAL_UARTEx_RxEventCallback               0x08004fc9   Thumb Code     2  stm32h7xx_hal_uart.o(i.HAL_UARTEx_RxEventCallback)
    HAL_UARTEx_RxFifoFullCallback            0x08004fcb   Thumb Code     2  stm32h7xx_hal_uart_ex.o(i.HAL_UARTEx_RxFifoFullCallback)
    HAL_UARTEx_SetRxFifoThreshold            0x08004fcd   Thumb Code    94  stm32h7xx_hal_uart_ex.o(i.HAL_UARTEx_SetRxFifoThreshold)
    HAL_UARTEx_SetTxFifoThreshold            0x0800502b   Thumb Code    94  stm32h7xx_hal_uart_ex.o(i.HAL_UARTEx_SetTxFifoThreshold)
    HAL_UARTEx_TxFifoEmptyCallback           0x08005089   Thumb Code     2  stm32h7xx_hal_uart_ex.o(i.HAL_UARTEx_TxFifoEmptyCallback)
    HAL_UARTEx_WakeupCallback                0x0800508b   Thumb Code     2  stm32h7xx_hal_uart_ex.o(i.HAL_UARTEx_WakeupCallback)
    HAL_UART_AbortReceiveCpltCallback        0x0800508d   Thumb Code     2  stm32h7xx_hal_uart.o(i.HAL_UART_AbortReceiveCpltCallback)
    HAL_UART_AbortReceive_IT                 0x08005091   Thumb Code   248  stm32h7xx_hal_uart.o(i.HAL_UART_AbortReceive_IT)
    HAL_UART_ErrorCallback                   0x08005191   Thumb Code    34  uart_protocol_test.o(i.HAL_UART_ErrorCallback)
    HAL_UART_GetError                        0x080051bd   Thumb Code     8  stm32h7xx_hal_uart.o(i.HAL_UART_GetError)
    HAL_UART_IRQHandler                      0x080051c5   Thumb Code  1206  stm32h7xx_hal_uart.o(i.HAL_UART_IRQHandler)
    HAL_UART_Init                            0x0800567b   Thumb Code   120  stm32h7xx_hal_uart.o(i.HAL_UART_Init)
    HAL_UART_MspInit                         0x080056f5   Thumb Code   424  usart.o(i.HAL_UART_MspInit)
    HAL_UART_Receive_IT                      0x080058b5   Thumb Code    88  stm32h7xx_hal_uart.o(i.HAL_UART_Receive_IT)
    HAL_UART_RxCpltCallback                  0x08005911   Thumb Code    26  uart_protocol_test.o(i.HAL_UART_RxCpltCallback)
    HAL_UART_Transmit                        0x08005935   Thumb Code   194  stm32h7xx_hal_uart.o(i.HAL_UART_Transmit)
    HAL_UART_TxCpltCallback                  0x080059f7   Thumb Code     2  stm32h7xx_hal_uart.o(i.HAL_UART_TxCpltCallback)
    HardFault_Handler                        0x080059f9   Thumb Code     4  stm32h7xx_it.o(i.HardFault_Handler)
    I2C_ReadReg                              0x080059fd   Thumb Code    86  myi2c.o(i.I2C_ReadReg)
    JY901S_Acc                               0x08005a55   Thumb Code   100  jy901s.o(i.JY901S_Acc)
    JY901S_Angle                             0x08005ac1   Thumb Code   100  jy901s.o(i.JY901S_Angle)
    JY901S_Gyro                              0x08005b2d   Thumb Code   126  jy901s.o(i.JY901S_Gyro)
    MX_FDCAN1_Init                           0x08005bbd   Thumb Code   126  fdcan.o(i.MX_FDCAN1_Init)
    MX_GPIO_Init                             0x08005c45   Thumb Code   156  gpio.o(i.MX_GPIO_Init)
    MX_TIM2_Init                             0x08005ce9   Thumb Code   102  tim.o(i.MX_TIM2_Init)
    MX_TIM3_Init                             0x08005d55   Thumb Code   102  tim.o(i.MX_TIM3_Init)
    MX_USART1_UART_Init                      0x08005dc5   Thumb Code    98  usart.o(i.MX_USART1_UART_Init)
    MX_USART2_UART_Init                      0x08005e31   Thumb Code    98  usart.o(i.MX_USART2_UART_Init)
    MX_USART3_UART_Init                      0x08005e9d   Thumb Code    98  usart.o(i.MX_USART3_UART_Init)
    MemManage_Handler                        0x08005f09   Thumb Code     4  stm32h7xx_it.o(i.MemManage_Handler)
    MyI2C_R_SDA                              0x08005f0d   Thumb Code    16  myi2c.o(i.MyI2C_R_SDA)
    MyI2C_ReceiveAck                         0x08005f21   Thumb Code    30  myi2c.o(i.MyI2C_ReceiveAck)
    MyI2C_ReceiveByte                        0x08005f3f   Thumb Code    52  myi2c.o(i.MyI2C_ReceiveByte)
    MyI2C_SendAck                            0x08005f73   Thumb Code    24  myi2c.o(i.MyI2C_SendAck)
    MyI2C_SendByte                           0x08005f8b   Thumb Code    42  myi2c.o(i.MyI2C_SendByte)
    MyI2C_Start                              0x08005fb5   Thumb Code    28  myi2c.o(i.MyI2C_Start)
    MyI2C_Stop                               0x08005fd1   Thumb Code    22  myi2c.o(i.MyI2C_Stop)
    MyI2C_W_SCL                              0x08005fe9   Thumb Code    22  myi2c.o(i.MyI2C_W_SCL)
    MyI2C_W_SDA                              0x08006005   Thumb Code    22  myi2c.o(i.MyI2C_W_SDA)
    NMI_Handler                              0x08006021   Thumb Code     4  stm32h7xx_it.o(i.NMI_Handler)
    SysTick_Handler                          0x080062ed   Thumb Code    16  stm32h7xx_it.o(i.SysTick_Handler)
    SystemInit                               0x080062fd   Thumb Code   256  system_stm32h7xx.o(i.SystemInit)
    TIM1_UP_IRQHandler                       0x08006425   Thumb Code    10  stm32h7xx_it.o(i.TIM1_UP_IRQHandler)
    TIM2_IRQHandler                          0x08006435   Thumb Code    10  stm32h7xx_it.o(i.TIM2_IRQHandler)
    TIM3_IRQHandler                          0x08006445   Thumb Code    10  stm32h7xx_it.o(i.TIM3_IRQHandler)
    TIM_Base_SetConfig                       0x08006455   Thumb Code   178  stm32h7xx_hal_tim.o(i.TIM_Base_SetConfig)
    TIM_ETR_SetConfig                        0x08006529   Thumb Code    22  stm32h7xx_hal_tim.o(i.TIM_ETR_SetConfig)
    UART_AdvFeatureConfig                    0x08006601   Thumb Code   248  stm32h7xx_hal_uart.o(i.UART_AdvFeatureConfig)
    UART_CheckIdleState                      0x080066f9   Thumb Code   234  stm32h7xx_hal_uart.o(i.UART_CheckIdleState)
    UART_SetConfig                           0x08006ec9   Thumb Code  1402  stm32h7xx_hal_uart.o(i.UART_SetConfig)
    UART_Start_Receive_IT                    0x08007455   Thumb Code   332  stm32h7xx_hal_uart.o(i.UART_Start_Receive_IT)
    UART_WaitOnFlagUntilTimeout              0x080075b1   Thumb Code   172  stm32h7xx_hal_uart.o(i.UART_WaitOnFlagUntilTimeout)
    USART1_IRQHandler                        0x0800765d   Thumb Code    10  stm32h7xx_it.o(i.USART1_IRQHandler)
    USART2_IRQHandler                        0x0800766d   Thumb Code    10  stm32h7xx_it.o(i.USART2_IRQHandler)
    UartProtocolTest_FillActuatorCommand     0x0800767d   Thumb Code   374  uart_protocol_test.o(i.UartProtocolTest_FillActuatorCommand)
    UartProtocolTest_GetStats                0x0800781d   Thumb Code   200  uart_protocol_test.o(i.UartProtocolTest_GetStats)
    UartProtocolTest_Init                    0x080078e9   Thumb Code    96  uart_protocol_test.o(i.UartProtocolTest_Init)
    UartProtocolTest_Process                 0x08007971   Thumb Code     8  uart_protocol_test.o(i.UartProtocolTest_Process)
    UartProtocolTest_ResetStats              0x08007979   Thumb Code    80  uart_protocol_test.o(i.UartProtocolTest_ResetStats)
    UsageFault_Handler                       0x080079cd   Thumb Code     4  stm32h7xx_it.o(i.UsageFault_Handler)
    Debug_Task(void*)                        0x080079d1   Thumb Code   150  car.o(i._Z10Debug_TaskPv)
    Control_Task(void*)                      0x08007ac7   Thumb Code    16  car.o(i._Z12Control_TaskPv)
    Motor_Check_Task(void*)                  0x08007af1   Thumb Code    54  car.o(i._Z16Motor_Check_TaskPv)
    allocate_tx_data(const FDCAN_HandleTypeDef*, const Enum_Motor_DJI_ID&) 0x08007b41   Thumb Code    68  dvc_motor_dji.o(i._Z16allocate_tx_dataPK19FDCAN_HandleTypeDefRK17Enum_Motor_DJI_ID)
    CAN_Transmit_Data(FDCAN_HandleTypeDef*, unsigned short, unsigned char*, unsigned short) 0x08007b9d   Thumb Code    46  drv_can.o(i._Z17CAN_Transmit_DataP19FDCAN_HandleTypeDeftPht)
    Motor_Control_Task(void*)                0x08007bcd   Thumb Code   426  car.o(i._Z18Motor_Control_TaskPv)
    SystemClock_Config()                     0x08007dc5   Thumb Code   204  main.o(i._Z18SystemClock_Configv)
    Basic_Math_Rad_To_Deg(float)             0x08007ee1   Thumb Code    14  alg_basic_1.o(i._Z21Basic_Math_Rad_To_Degf)
    Can_Callback_Function(FDCAN_RxHeaderTypeDef&, unsigned char*) 0x08007ef5   Thumb Code   130  car.o(i._Z21Can_Callback_FunctionR21FDCAN_RxHeaderTypeDefPh)
    can_filter_mask_config(FDCAN_HandleTypeDef*) 0x08007f91   Thumb Code   116  drv_can.o(i._Z22can_filter_mask_configP19FDCAN_HandleTypeDef)
    Basic_Math_Endian_Reverse_16(void*, void*) 0x08008009   Thumb Code    34  alg_basic_1.o(i._Z28Basic_Math_Endian_Reverse_16PvS_)
    TIM_1ms_CAN_PeriodElapsedCallback()      0x0800802d   Thumb Code    86  drv_can.o(i._Z33TIM_1ms_CAN_PeriodElapsedCallbackv)
    CAN_Init(FDCAN_HandleTypeDef*, void(*)(FDCAN_RxHeaderTypeDef&, unsigned char*)) 0x080080a1   Thumb Code    26  drv_can.o(i._Z8CAN_InitP19FDCAN_HandleTypeDefPFvR21FDCAN_RxHeaderTypeDefPhE)
    Car_Init()                               0x080080c1   Thumb Code   170  car.o(i._Z8Car_Initv)
    Car_Start(void*)                         0x080081a9   Thumb Code   122  car.o(i._Z9Car_StartPv)
    Data_Task(void*)                         0x0800829d   Thumb Code   298  car.o(i._Z9Data_TaskPv)
    Class_Motor_DJI_C620::Data_Process()     0x080083fd   Thumb Code   232  dvc_motor_dji.o(i._ZN20Class_Motor_DJI_C62012Data_ProcessEv)
    Class_Motor_DJI_C620::Set_Target_Torque(const float&) 0x080084ed   Thumb Code    10  car.o(i._ZN20Class_Motor_DJI_C62017Set_Target_TorqueERKf)
    Class_Motor_DJI_C620::CAN_RxCpltCallback() 0x080084f7   Thumb Code    18  dvc_motor_dji.o(i._ZN20Class_Motor_DJI_C62018CAN_RxCpltCallbackEv)
    Class_Motor_DJI_C620::TIM_Calculate_PeriodElapsedCallback() 0x08008509   Thumb Code   186  dvc_motor_dji.o(i._ZN20Class_Motor_DJI_C62035TIM_Calculate_PeriodElapsedCallbackEv)
    Class_Motor_DJI_C620::TIM_100ms_Alive_PeriodElapsedCallback() 0x080085c9   Thumb Code    28  dvc_motor_dji.o(i._ZN20Class_Motor_DJI_C62037TIM_100ms_Alive_PeriodElapsedCallbackEv)
    Class_Motor_DJI_C620::Init(const FDCAN_HandleTypeDef*, const Enum_Motor_DJI_ID&) 0x080085e5   Thumb Code    24  dvc_motor_dji.o(i._ZN20Class_Motor_DJI_C6204InitEPK19FDCAN_HandleTypeDefRK17Enum_Motor_DJI_ID)
    Class_Motor_DJI_C620::Output()           0x08008601   Thumb Code    44  dvc_motor_dji.o(i._ZN20Class_Motor_DJI_C6206OutputEv)
    Class_Motor_DJI_C620::Class_Motor_DJI_C620() 0x0800862d   Thumb Code    88  car.o(i._ZN20Class_Motor_DJI_C620C1Ev)
    Class_Motor_DJI_C620::Class_Motor_DJI_C620__sub_object() 0x0800862d   Thumb Code     0  car.o(i._ZN20Class_Motor_DJI_C620C1Ev)
    Class_Motor_DJI_GIM6010::Data_Process(unsigned char) 0x0800869d   Thumb Code   200  dvc_motor_dji.o(i._ZN23Class_Motor_DJI_GIM601012Data_ProcessEh)
    Class_Motor_DJI_GIM6010::Set_Target_Torque(const float&) 0x08008769   Thumb Code    10  car.o(i._ZN23Class_Motor_DJI_GIM601017Set_Target_TorqueERKf)
    Class_Motor_DJI_GIM6010::CAN_RxCpltCallback(unsigned char) 0x08008773   Thumb Code    22  dvc_motor_dji.o(i._ZN23Class_Motor_DJI_GIM601018CAN_RxCpltCallbackEh)
    Class_Motor_DJI_GIM6010::TIM_Calculate_PeriodElapsedCallback() 0x08008789   Thumb Code    36  dvc_motor_dji.o(i._ZN23Class_Motor_DJI_GIM601035TIM_Calculate_PeriodElapsedCallbackEv)
    Class_Motor_DJI_GIM6010::TIM_100ms_Alive_PeriodElapsedCallback() 0x080087b1   Thumb Code    28  dvc_motor_dji.o(i._ZN23Class_Motor_DJI_GIM601037TIM_100ms_Alive_PeriodElapsedCallbackEv)
    Class_Motor_DJI_GIM6010::Init(const FDCAN_HandleTypeDef*, const Enum_Motor_DJI_ID&, const float&) 0x080087cd   Thumb Code    94  dvc_motor_dji.o(i._ZN23Class_Motor_DJI_GIM60104InitEPK19FDCAN_HandleTypeDefRK17Enum_Motor_DJI_IDRKf)
    Class_Motor_DJI_GIM6010::Output()        0x08008841   Thumb Code    50  dvc_motor_dji.o(i._ZN23Class_Motor_DJI_GIM60106OutputEv)
    Class_Motor_DJI_GIM6010::Class_Motor_DJI_GIM6010() 0x08008875   Thumb Code    62  car.o(i._ZN23Class_Motor_DJI_GIM6010C1Ev)
    Class_Motor_DJI_GIM6010::Class_Motor_DJI_GIM6010__sub_object() 0x08008875   Thumb Code     0  car.o(i._ZN23Class_Motor_DJI_GIM6010C1Ev)
    Class_Motor_DJI_C620::Get_Now_Omega() const 0x0800944d   Thumb Code     6  uart_protocol_test.o(i._ZNK20Class_Motor_DJI_C62013Get_Now_OmegaEv)
    Class_Motor_DJI_C620::Get_Now_Torque() const 0x08009453   Thumb Code     6  uart_protocol_test.o(i._ZNK20Class_Motor_DJI_C62014Get_Now_TorqueEv)
    Class_Motor_DJI_GIM6010::Get_Status() const 0x08009459   Thumb Code     8  uart_protocol_test.o(i._ZNK23Class_Motor_DJI_GIM601010Get_StatusEv)
    Class_Motor_DJI_GIM6010::Get_Now_Angle() const 0x08009461   Thumb Code     6  car.o(i._ZNK23Class_Motor_DJI_GIM601013Get_Now_AngleEv)
    Class_Motor_DJI_GIM6010::Get_Now_Omega() const 0x08009467   Thumb Code     6  car.o(i._ZNK23Class_Motor_DJI_GIM601013Get_Now_OmegaEv)
    Class_Motor_DJI_GIM6010::Get_Now_Torque() const 0x0800946d   Thumb Code     6  uart_protocol_test.o(i._ZNK23Class_Motor_DJI_GIM601014Get_Now_TorqueEv)
    _is_digit                                0x080094ed   Thumb Code    14  __printf_wp.o(i._is_digit)
    ferror                                   0x080094fb   Thumb Code     6  usart.o(i.ferror)
    fputc                                    0x08009501   Thumb Code    22  usart.o(i.fputc)
    main                                     0x0800951d   Thumb Code    48  main.o(i.main)
    pvPortMalloc                             0x08009a09   Thumb Code   288  heap_4.o(i.pvPortMalloc)
    pxPortInitialiseStack                    0x08009b3d   Thumb Code    38  port.o(i.pxPortInitialiseStack)
    ulTaskGenericNotifyTake                  0x08009b69   Thumb Code   164  tasks.o(i.ulTaskGenericNotifyTake)
    uxListRemove                             0x08009c15   Thumb Code    40  list.o(i.uxListRemove)
    vListInitialise                          0x08009c3d   Thumb Code    26  list.o(i.vListInitialise)
    vListInitialiseItem                      0x08009c57   Thumb Code     6  list.o(i.vListInitialiseItem)
    vListInsert                              0x08009c5d   Thumb Code    52  list.o(i.vListInsert)
    vListInsertEnd                           0x08009c91   Thumb Code    24  list.o(i.vListInsertEnd)
    vPortEnterCritical                       0x08009ca9   Thumb Code    84  port.o(i.vPortEnterCritical)
    vPortExitCritical                        0x08009d05   Thumb Code    60  port.o(i.vPortExitCritical)
    vPortFree                                0x08009d45   Thumb Code   140  heap_4.o(i.vPortFree)
    vPortSetupTimerInterrupt                 0x08009dd9   Thumb Code    36  port.o(i.vPortSetupTimerInterrupt)
    vTaskDelay                               0x08009e01   Thumb Code    86  tasks.o(i.vTaskDelay)
    vTaskDelete                              0x08009e61   Thumb Code   214  tasks.o(i.vTaskDelete)
    vTaskStartScheduler                      0x08009f61   Thumb Code   120  tasks.o(i.vTaskStartScheduler)
    vTaskSuspendAll                          0x08009ff9   Thumb Code    12  tasks.o(i.vTaskSuspendAll)
    vTaskSwitchContext                       0x0800a009   Thumb Code   122  tasks.o(i.vTaskSwitchContext)
    xPortStartScheduler                      0x0800a099   Thumb Code   252  port.o(i.xPortStartScheduler)
    xPortSysTickHandler                      0x0800a1ad   Thumb Code    50  port.o(i.xPortSysTickHandler)
    xTaskCreate                              0x0800a1e5   Thumb Code   104  tasks.o(i.xTaskCreate)
    xTaskDelayUntil                          0x0800a24d   Thumb Code   214  tasks.o(i.xTaskDelayUntil)
    xTaskGenericNotify                       0x0800a331   Thumb Code   458  tasks.o(i.xTaskGenericNotify)
    xTaskGetSchedulerState                   0x0800a511   Thumb Code    24  tasks.o(i.xTaskGetSchedulerState)
    xTaskGetTickCount                        0x0800a531   Thumb Code     6  tasks.o(i.xTaskGetTickCount)
    xTaskIncrementTick                       0x0800a53d   Thumb Code   402  tasks.o(i.xTaskIncrementTick)
    xTaskResumeAll                           0x0800a6fd   Thumb Code   342  tasks.o(i.xTaskResumeAll)
    T1 Basic_Math_Constrain<float>(T1*, T1, T1) 0x0800a879   Thumb Code    48  dvc_motor_dji.o(t._Z20Basic_Math_ConstrainIfET_PS0_S0_S0_)
    _fp_init                                 0x0800a8a9   Thumb Code    10  fpinit.o(x$fpl$fpinit)
    __fplib_config_fpu_vfp                   0x0800a8b1   Thumb Code     0  fpinit.o(x$fpl$fpinit)
    __fplib_config_pureend_doubles           0x0800a8b1   Thumb Code     0  fpinit.o(x$fpl$fpinit)
    UARTPrescTable                           0x0800a910   Data          24  stm32h7xx_hal_uart.o(.constdata)
    D1CorePrescTable                         0x0800a938   Data          16  system_stm32h7xx.o(.constdata)
    BASIC_MATH_RPM_TO_RADPS                  0x0800a948   Data           4  alg_basic_1.o(.constdata)
    BASIC_MATH_DEG_TO_RAD                    0x0800a94c   Data           4  alg_basic_1.o(.constdata)
    BASIC_MATH_RAD_TO_DEG                    0x0800a950   Data           4  alg_basic_1.o(.constdata)
    BASIC_MATH_CELSIUS_TO_KELVIN             0x0800a954   Data           4  alg_basic_1.o(.constdata)
    Region$$Table$$Base                      0x0800aa48   Number         0  anon$$obj.o(Region$$Table)
    Region$$Table$$Limit                     0x0800aa68   Number         0  anon$$obj.o(Region$$Table)
    SHT$$INIT_ARRAY$$Base                    0x0800aa68   Number         0  car.o(.init_array)
    SHT$$INIT_ARRAY$$Limit                   0x0800aa6c   Number         0  init_aeabi.o(.init_array)
    uwTick                                   0x24000000   Data           4  stm32h7xx_hal.o(.data)
    uwTickPrio                               0x24000004   Data           4  stm32h7xx_hal.o(.data)
    uwTickFreq                               0x24000008   Data           1  stm32h7xx_hal.o(.data)
    SystemCoreClock                          0x2400000c   Data           4  system_stm32h7xx.o(.data)
    SystemD2Clock                            0x24000010   Data           4  system_stm32h7xx.o(.data)
    pxCurrentTCB                             0x2400003c   Data           4  tasks.o(.data)
    uxTopUsedPriority                        0x24000074   Data           4  tasks.o(.data)
    __stdout                                 0x2400007c   Data           4  usart.o(.data)
    delayflag                                0x24000080   Data           1  delay.o(.data)
    CAN1_0x200_Tx_Data                       0x24000094   Data           8  drv_can.o(.data)
    CAN1_0x2E_Tx_Data                        0x2400009c   Data           8  drv_can.o(.data)
    CAN1_0x4E_Tx_Data                        0x240000a4   Data           8  drv_can.o(.data)
    CAN1_0x6E_Tx_Data                        0x240000ac   Data           8  drv_can.o(.data)
    CAN1_0x8E_Tx_Data                        0x240000b4   Data           8  drv_can.o(.data)
    car_start_handle                         0x240000c0   Data           4  car.o(.data)
    data_task_handle                         0x240000c4   Data           4  car.o(.data)
    motor_control_task_handle                0x240000c8   Data           4  car.o(.data)
    motor_check_task_handle                  0x240000cc   Data           4  car.o(.data)
    control_task_handle                      0x240000d0   Data           4  car.o(.data)
    debug_task_handle                        0x240000d4   Data           4  car.o(.data)
    init_finished                            0x240000d8   Data           1  car.o(.data)
    gyx                                      0x240000dc   Data           4  car.o(.data)
    gyy                                      0x240000e0   Data           4  car.o(.data)
    gyz                                      0x240000e4   Data           4  car.o(.data)
    y                                        0x240000e8   Data           4  car.o(.data)
    accx                                     0x240000ec   Data           4  car.o(.data)
    accy                                     0x240000f0   Data           4  car.o(.data)
    accz                                     0x240000f4   Data           4  car.o(.data)
    imu_roll                                 0x240000f8   Data           4  car.o(.data)
    imu_pitch                                0x240000fc   Data           4  car.o(.data)
    imu_yaw                                  0x24000100   Data           4  car.o(.data)
    r_hip_angle                              0x24000104   Data           4  car.o(.data)
    r_knee_angle                             0x24000108   Data           4  car.o(.data)
    l_hip_angle                              0x2400010c   Data           4  car.o(.data)
    l_knee_angle                             0x24000110   Data           4  car.o(.data)
    r_knee_relative_angle                    0x24000114   Data           4  car.o(.data)
    l_knee_relative_angle                    0x24000118   Data           4  car.o(.data)
    r_hip_omega                              0x2400011c   Data           4  car.o(.data)
    r_knee_omega                             0x24000120   Data           4  car.o(.data)
    l_hip_omega                              0x24000124   Data           4  car.o(.data)
    l_knee_omega                             0x24000128   Data           4  car.o(.data)
    knee_limit_flag                          0x2400012c   Data           1  car.o(.data)
    debugflag                                0x2400012d   Data           1  car.o(.data)
    uart2_protocol_test_stats                0x24000130   Data          96  uart_protocol_test.o(.data)
    hfdcan1                                  0x24006698   Data         160  fdcan.o(.bss)
    htim2                                    0x24006738   Data          76  tim.o(.bss)
    htim3                                    0x24006784   Data          76  tim.o(.bss)
    huart1                                   0x240067d0   Data         148  usart.o(.bss)
    huart2                                   0x24006864   Data         148  usart.o(.bss)
    huart3                                   0x240068f8   Data         148  usart.o(.bss)
    htim1                                    0x2400698c   Data          76  stm32h7xx_hal_timebase_tim.o(.bss)
    CAN1_Manage_Object                       0x240069d8   Data         120  drv_can.o(.bss)
    motor_3508_L                             0x24006a50   Data          92  car.o(.bss)
    motor_3508_R                             0x24006aac   Data          92  car.o(.bss)
    motor_GIM6010_L_hip                      0x24006b08   Data          84  car.o(.bss)
    motor_GIM6010_L_knee                     0x24006b5c   Data          84  car.o(.bss)
    motor_GIM6010_R_hip                      0x24006bb0   Data          84  car.o(.bss)
    motor_GIM6010_R_knee                     0x24006c04   Data          84  car.o(.bss)
    __libspace_start                         0x24006e30   Data          96  libspace.o(.bss)
    __temporary_stack_top$libspace           0x24006e90   Data           0  libspace.o(.bss)



==============================================================================

Memory Map of the image

  Image Entry point : 0x08000299

  Load Region LR_IROM1 (Base: 0x08000000, Size: 0x0000ac14, Max: 0x00200000, ABSOLUTE, COMPRESSED[0x0000aa84])

    Execution Region ER_IROM1 (Exec base: 0x08000000, Load base: 0x08000000, Size: 0x0000aa6c, Max: 0x00200000, ABSOLUTE)

    Exec Addr    Load Addr    Size         Type   Attr      Idx    E Section Name        Object

    0x08000000   0x08000000   0x00000298   Data   RO            3    RESET               startup_stm32h743xx.o
    0x08000298   0x08000298   0x00000008   Code   RO        14547  * !!!main             c_w.l(__main.o)
    0x080002a0   0x080002a0   0x00000034   Code   RO        14961    !!!scatter          c_w.l(__scatter.o)
    0x080002d4   0x080002d4   0x0000005a   Code   RO        14959    !!dczerorl2         c_w.l(__dczerorl2.o)
    0x0800032e   0x0800032e   0x00000002   PAD
    0x08000330   0x08000330   0x0000001c   Code   RO        14963    !!handler_zi        c_w.l(__scatter_zi.o)
    0x0800034c   0x0800034c   0x00000000   Code   RO        14528    .ARM.Collect$$_printf_percent$$00000000  c_w.l(_printf_percent.o)
    0x0800034c   0x0800034c   0x00000006   Code   RO        14527    .ARM.Collect$$_printf_percent$$0000000A  c_w.l(_printf_u.o)
    0x08000352   0x08000352   0x00000006   Code   RO        14526    .ARM.Collect$$_printf_percent$$0000000C  c_w.l(_printf_x.o)
    0x08000358   0x08000358   0x00000004   Code   RO        14722    .ARM.Collect$$_printf_percent$$00000017  c_w.l(_printf_percent_end.o)
    0x0800035c   0x0800035c   0x00000002   Code   RO        14883    .ARM.Collect$$libinit$$00000000  c_w.l(libinit.o)
    0x0800035e   0x0800035e   0x00000004   Code   RO        14723    .ARM.Collect$$libinit$$00000001  c_w.l(libinit2.o)
    0x08000362   0x08000362   0x00000000   Code   RO        14726    .ARM.Collect$$libinit$$00000004  c_w.l(libinit2.o)
    0x08000362   0x08000362   0x00000000   Code   RO        14729    .ARM.Collect$$libinit$$0000000A  c_w.l(libinit2.o)
    0x08000362   0x08000362   0x00000000   Code   RO        14731    .ARM.Collect$$libinit$$0000000C  c_w.l(libinit2.o)
    0x08000362   0x08000362   0x00000000   Code   RO        14733    .ARM.Collect$$libinit$$0000000E  c_w.l(libinit2.o)
    0x08000362   0x08000362   0x00000000   Code   RO        14736    .ARM.Collect$$libinit$$00000011  c_w.l(libinit2.o)
    0x08000362   0x08000362   0x00000000   Code   RO        14738    .ARM.Collect$$libinit$$00000013  c_w.l(libinit2.o)
    0x08000362   0x08000362   0x00000000   Code   RO        14740    .ARM.Collect$$libinit$$00000015  c_w.l(libinit2.o)
    0x08000362   0x08000362   0x00000000   Code   RO        14742    .ARM.Collect$$libinit$$00000017  c_w.l(libinit2.o)
    0x08000362   0x08000362   0x00000000   Code   RO        14744    .ARM.Collect$$libinit$$00000019  c_w.l(libinit2.o)
    0x08000362   0x08000362   0x00000000   Code   RO        14746    .ARM.Collect$$libinit$$0000001B  c_w.l(libinit2.o)
    0x08000362   0x08000362   0x00000000   Code   RO        14748    .ARM.Collect$$libinit$$0000001D  c_w.l(libinit2.o)
    0x08000362   0x08000362   0x00000000   Code   RO        14750    .ARM.Collect$$libinit$$0000001F  c_w.l(libinit2.o)
    0x08000362   0x08000362   0x00000000   Code   RO        14752    .ARM.Collect$$libinit$$00000021  c_w.l(libinit2.o)
    0x08000362   0x08000362   0x00000000   Code   RO        14754    .ARM.Collect$$libinit$$00000023  c_w.l(libinit2.o)
    0x08000362   0x08000362   0x00000000   Code   RO        14756    .ARM.Collect$$libinit$$00000025  c_w.l(libinit2.o)
    0x08000362   0x08000362   0x00000000   Code   RO        14760    .ARM.Collect$$libinit$$0000002C  c_w.l(libinit2.o)
    0x08000362   0x08000362   0x00000000   Code   RO        14762    .ARM.Collect$$libinit$$0000002E  c_w.l(libinit2.o)
    0x08000362   0x08000362   0x00000000   Code   RO        14764    .ARM.Collect$$libinit$$00000030  c_w.l(libinit2.o)
    0x08000362   0x08000362   0x00000004   Code   RO        14765    .ARM.Collect$$libinit$$00000031  c_w.l(libinit2.o)
    0x08000366   0x08000366   0x00000000   Code   RO        14766    .ARM.Collect$$libinit$$00000032  c_w.l(libinit2.o)
    0x08000366   0x08000366   0x00000002   Code   RO        14767    .ARM.Collect$$libinit$$00000033  c_w.l(libinit2.o)
    0x08000368   0x08000368   0x00000002   Code   RO        14924    .ARM.Collect$$libshutdown$$00000000  c_w.l(libshutdown.o)
    0x0800036a   0x0800036a   0x00000000   Code   RO        14940    .ARM.Collect$$libshutdown$$00000002  c_w.l(libshutdown2.o)
    0x0800036a   0x0800036a   0x00000000   Code   RO        14942    .ARM.Collect$$libshutdown$$00000004  c_w.l(libshutdown2.o)
    0x0800036a   0x0800036a   0x00000000   Code   RO        14944    .ARM.Collect$$libshutdown$$00000006  c_w.l(libshutdown2.o)
    0x0800036a   0x0800036a   0x00000000   Code   RO        14947    .ARM.Collect$$libshutdown$$00000009  c_w.l(libshutdown2.o)
    0x0800036a   0x0800036a   0x00000000   Code   RO        14950    .ARM.Collect$$libshutdown$$0000000C  c_w.l(libshutdown2.o)
    0x0800036a   0x0800036a   0x00000000   Code   RO        14952    .ARM.Collect$$libshutdown$$0000000E  c_w.l(libshutdown2.o)
    0x0800036a   0x0800036a   0x00000000   Code   RO        14955    .ARM.Collect$$libshutdown$$00000011  c_w.l(libshutdown2.o)
    0x0800036a   0x0800036a   0x00000002   Code   RO        14956    .ARM.Collect$$libshutdown$$00000012  c_w.l(libshutdown2.o)
    0x0800036c   0x0800036c   0x00000000   Code   RO        14705    .ARM.Collect$$rtentry$$00000000  c_w.l(__rtentry.o)
    0x0800036c   0x0800036c   0x00000000   Code   RO        14830    .ARM.Collect$$rtentry$$00000002  c_w.l(__rtentry2.o)
    0x0800036c   0x0800036c   0x00000006   Code   RO        14842    .ARM.Collect$$rtentry$$00000004  c_w.l(__rtentry4.o)
    0x08000372   0x08000372   0x00000000   Code   RO        14832    .ARM.Collect$$rtentry$$00000009  c_w.l(__rtentry2.o)
    0x08000372   0x08000372   0x00000004   Code   RO        14833    .ARM.Collect$$rtentry$$0000000A  c_w.l(__rtentry2.o)
    0x08000376   0x08000376   0x00000000   Code   RO        14835    .ARM.Collect$$rtentry$$0000000C  c_w.l(__rtentry2.o)
    0x08000376   0x08000376   0x00000008   Code   RO        14836    .ARM.Collect$$rtentry$$0000000D  c_w.l(__rtentry2.o)
    0x0800037e   0x0800037e   0x00000002   Code   RO        14886    .ARM.Collect$$rtexit$$00000000  c_w.l(rtexit.o)
    0x08000380   0x08000380   0x00000000   Code   RO        14906    .ARM.Collect$$rtexit$$00000002  c_w.l(rtexit2.o)
    0x08000380   0x08000380   0x00000004   Code   RO        14907    .ARM.Collect$$rtexit$$00000003  c_w.l(rtexit2.o)
    0x08000384   0x08000384   0x00000006   Code   RO        14908    .ARM.Collect$$rtexit$$00000004  c_w.l(rtexit2.o)
    0x0800038a   0x0800038a   0x00000002   PAD
    0x0800038c   0x0800038c   0x000000c2   Code   RO         4839    .emb_text           port.o
    0x0800044e   0x0800044e   0x00000002   PAD
    0x08000450   0x08000450   0x00000048   Code   RO            4    .text               startup_stm32h743xx.o
    0x08000498   0x08000498   0x000000ee   Code   RO        14460    .text               c_w.l(lludivv7m.o)
    0x08000586   0x08000586   0x00000002   PAD
    0x08000588   0x08000588   0x00000018   Code   RO        14472    .text               c_w.l(noretval__2printf.o)
    0x080005a0   0x080005a0   0x0000004e   Code   RO        14478    .text               c_w.l(_printf_pad.o)
    0x080005ee   0x080005ee   0x00000002   PAD
    0x080005f0   0x080005f0   0x00000078   Code   RO        14482    .text               c_w.l(_printf_dec.o)
    0x08000668   0x08000668   0x00000058   Code   RO        14487    .text               c_w.l(_printf_hex_int.o)
    0x080006c0   0x080006c0   0x00000188   Code   RO        14522    .text               c_w.l(__printf_flags_ss_wp.o)
    0x08000848   0x08000848   0x00000064   Code   RO        14535    .text               c_w.l(rt_memcpy_w.o)
    0x080008ac   0x080008ac   0x00000010   Code   RO        14539    .text               c_w.l(aeabi_memset.o)
    0x080008bc   0x080008bc   0x00000044   Code   RO        14541    .text               c_w.l(rt_memclr.o)
    0x08000900   0x08000900   0x0000004e   Code   RO        14543    .text               c_w.l(rt_memclr_w.o)
    0x0800094e   0x0800094e   0x00000006   Code   RO        14545    .text               c_w.l(heapauxi.o)
    0x08000954   0x08000954   0x00000024   Code   RO        14552    .text               c_w.l(init_aeabi.o)
    0x08000978   0x08000978   0x000000b2   Code   RO        14712    .text               c_w.l(_printf_intcommon.o)
    0x08000a2a   0x08000a2a   0x00000002   PAD
    0x08000a2c   0x08000a2c   0x00000030   Code   RO        14714    .text               c_w.l(_printf_char_common.o)
    0x08000a5c   0x08000a5c   0x00000024   Code   RO        14720    .text               c_w.l(_printf_char_file.o)
    0x08000a80   0x08000a80   0x00000008   Code   RO        14863    .text               c_w.l(libspace.o)
    0x08000a88   0x08000a88   0x0000004a   Code   RO        14866    .text               c_w.l(sys_stackheap_outer.o)
    0x08000ad2   0x08000ad2   0x00000012   Code   RO        14868    .text               c_w.l(exit.o)
    0x08000ae4   0x08000ae4   0x0000000c   Code   RO        14900    .text               c_w.l(sys_exit.o)
    0x08000af0   0x08000af0   0x00000002   Code   RO        14902    .text               c_w.l(use_no_semi.o)
    0x08000af2   0x08000af2   0x00000000   Code   RO        14904    .text               c_w.l(indicate_semi.o)
    0x08000af2   0x08000af2   0x00000004   Code   RO         6463    i.BusFault_Handler  stm32h7xx_it.o
    0x08000af6   0x08000af6   0x00000002   Code   RO         6464    i.DebugMon_Handler  stm32h7xx_it.o
    0x08000af8   0x08000af8   0x00000034   Code   RO         6772    i.Delay_us          delay.o
    0x08000b2c   0x08000b2c   0x00000006   Code   RO         5937    i.Error_Handler     main.o
    0x08000b32   0x08000b32   0x00000002   PAD
    0x08000b34   0x08000b34   0x00000024   Code   RO         4799    i.ExitRun0Mode      system_stm32h7xx.o
    0x08000b58   0x08000b58   0x00000010   Code   RO         6465    i.FDCAN1_IT0_IRQHandler  stm32h7xx_it.o
    0x08000b68   0x08000b68   0x00000010   Code   RO         6466    i.FDCAN1_IT1_IRQHandler  stm32h7xx_it.o
    0x08000b78   0x08000b78   0x00000220   Code   RO         1304    i.FDCAN_CalcultateRamBlockAddresses  stm32h7xx_hal_fdcan.o
    0x08000d98   0x08000d98   0x000000d0   Code   RO         1305    i.FDCAN_CopyMessageToRAM  stm32h7xx_hal_fdcan.o
    0x08000e68   0x08000e68   0x000004dc   Code   RO         2639    i.HAL_DMA_Abort     stm32h7xx_hal_dma.o
    0x08001344   0x08001344   0x00000398   Code   RO         2640    i.HAL_DMA_Abort_IT  stm32h7xx_hal_dma.o
    0x080016dc   0x080016dc   0x000000a8   Code   RO         1307    i.HAL_FDCAN_ActivateNotification  stm32h7xx_hal_fdcan.o
    0x08001784   0x08001784   0x00000090   Code   RO         1309    i.HAL_FDCAN_AddMessageToTxFifoQ  stm32h7xx_hal_fdcan.o
    0x08001814   0x08001814   0x00000002   Code   RO         1310    i.HAL_FDCAN_ClockCalibrationCallback  stm32h7xx_hal_fdcan.o
    0x08001816   0x08001816   0x000000a8   Code   RO         1314    i.HAL_FDCAN_ConfigFilter  stm32h7xx_hal_fdcan.o
    0x080018be   0x080018be   0x00000034   Code   RO         1315    i.HAL_FDCAN_ConfigGlobalFilter  stm32h7xx_hal_fdcan.o
    0x080018f2   0x080018f2   0x00000002   Code   RO         1336    i.HAL_FDCAN_ErrorCallback  stm32h7xx_hal_fdcan.o
    0x080018f4   0x080018f4   0x0000001a   Code   RO         7077    i.HAL_FDCAN_ErrorStatusCallback  drv_can.o
    0x0800190e   0x0800190e   0x00000002   PAD
    0x08001910   0x08001910   0x000001f4   Code   RO         1348    i.HAL_FDCAN_GetRxMessage  stm32h7xx_hal_fdcan.o
    0x08001b04   0x08001b04   0x00000002   Code   RO         1354    i.HAL_FDCAN_HighPriorityMessageCallback  stm32h7xx_hal_fdcan.o
    0x08001b06   0x08001b06   0x00000002   PAD
    0x08001b08   0x08001b08   0x000003d4   Code   RO         1355    i.HAL_FDCAN_IRQHandler  stm32h7xx_hal_fdcan.o
    0x08001edc   0x08001edc   0x000002e0   Code   RO         1356    i.HAL_FDCAN_Init    stm32h7xx_hal_fdcan.o
    0x080021bc   0x080021bc   0x000000c0   Code   RO         6282    i.HAL_FDCAN_MspInit  fdcan.o
    0x0800227c   0x0800227c   0x00000002   Code   RO         1365    i.HAL_FDCAN_RxBufferNewMessageCallback  stm32h7xx_hal_fdcan.o
    0x0800227e   0x0800227e   0x00000002   PAD
    0x08002280   0x08002280   0x00000060   Code   RO         7078    i.HAL_FDCAN_RxFifo0Callback  drv_can.o
    0x080022e0   0x080022e0   0x00000002   Code   RO         1367    i.HAL_FDCAN_RxFifo1Callback  stm32h7xx_hal_fdcan.o
    0x080022e2   0x080022e2   0x00000034   Code   RO         1368    i.HAL_FDCAN_Start   stm32h7xx_hal_fdcan.o
    0x08002316   0x08002316   0x000000a2   Code   RO         1369    i.HAL_FDCAN_Stop    stm32h7xx_hal_fdcan.o
    0x080023b8   0x080023b8   0x00000002   Code   RO         1390    i.HAL_FDCAN_TT_GlobalTimeCallback  stm32h7xx_hal_fdcan.o
    0x080023ba   0x080023ba   0x00000002   Code   RO         1391    i.HAL_FDCAN_TT_ScheduleSyncCallback  stm32h7xx_hal_fdcan.o
    0x080023bc   0x080023bc   0x00000002   Code   RO         1396    i.HAL_FDCAN_TT_StopWatchCallback  stm32h7xx_hal_fdcan.o
    0x080023be   0x080023be   0x00000002   Code   RO         1397    i.HAL_FDCAN_TT_TimeMarkCallback  stm32h7xx_hal_fdcan.o
    0x080023c0   0x080023c0   0x00000002   Code   RO         1398    i.HAL_FDCAN_TimeoutOccurredCallback  stm32h7xx_hal_fdcan.o
    0x080023c2   0x080023c2   0x00000002   Code   RO         1399    i.HAL_FDCAN_TimestampWraparoundCallback  stm32h7xx_hal_fdcan.o
    0x080023c4   0x080023c4   0x00000002   Code   RO         1400    i.HAL_FDCAN_TxBufferAbortCallback  stm32h7xx_hal_fdcan.o
    0x080023c6   0x080023c6   0x00000002   Code   RO         1401    i.HAL_FDCAN_TxBufferCompleteCallback  stm32h7xx_hal_fdcan.o
    0x080023c8   0x080023c8   0x00000002   Code   RO         1402    i.HAL_FDCAN_TxEventFifoCallback  stm32h7xx_hal_fdcan.o
    0x080023ca   0x080023ca   0x00000002   Code   RO         1403    i.HAL_FDCAN_TxFifoEmptyCallback  stm32h7xx_hal_fdcan.o
    0x080023cc   0x080023cc   0x000001fc   Code   RO         2487    i.HAL_GPIO_Init     stm32h7xx_hal_gpio.o
    0x080025c8   0x080025c8   0x00000010   Code   RO         2489    i.HAL_GPIO_ReadPin  stm32h7xx_hal_gpio.o
    0x080025d8   0x080025d8   0x0000000c   Code   RO         2491    i.HAL_GPIO_WritePin  stm32h7xx_hal_gpio.o
    0x080025e4   0x080025e4   0x0000000c   Code   RO         3359    i.HAL_GetREVID      stm32h7xx_hal.o
    0x080025f0   0x080025f0   0x0000000c   Code   RO         3360    i.HAL_GetTick       stm32h7xx_hal.o
    0x080025fc   0x080025fc   0x00000018   Code   RO         3366    i.HAL_IncTick       stm32h7xx_hal.o
    0x08002614   0x08002614   0x00000060   Code   RO         3367    i.HAL_Init          stm32h7xx_hal.o
    0x08002674   0x08002674   0x00000094   Code   RO         6596    i.HAL_InitTick      stm32h7xx_hal_timebase_tim.o
    0x08002708   0x08002708   0x0000005c   Code   RO         1147    i.HAL_MPU_ConfigRegion  stm32h7xx_hal_cortex.o
    0x08002764   0x08002764   0x0000002c   Code   RO         1148    i.HAL_MPU_Disable   stm32h7xx_hal_cortex.o
    0x08002790   0x08002790   0x00000040   Code   RO         1150    i.HAL_MPU_Enable    stm32h7xx_hal_cortex.o
    0x080027d0   0x080027d0   0x00000030   Code   RO         6572    i.HAL_MspInit       stm32h7xx_hal_msp.o
    0x08002800   0x08002800   0x00000028   Code   RO         1154    i.HAL_NVIC_EnableIRQ  stm32h7xx_hal_cortex.o
    0x08002828   0x08002828   0x0000007a   Code   RO         1160    i.HAL_NVIC_SetPriority  stm32h7xx_hal_cortex.o
    0x080028a2   0x080028a2   0x00000002   PAD
    0x080028a4   0x080028a4   0x00000028   Code   RO         1161    i.HAL_NVIC_SetPriorityGrouping  stm32h7xx_hal_cortex.o
    0x080028cc   0x080028cc   0x00000060   Code   RO         3088    i.HAL_PWREx_ConfigSupply  stm32h7xx_hal_pwr_ex.o
    0x0800292c   0x0800292c   0x00000024   Code   RO         2038    i.HAL_RCCEx_GetD3PCLK1Freq  stm32h7xx_hal_rcc_ex.o
    0x08002950   0x08002950   0x00000230   Code   RO         2040    i.HAL_RCCEx_GetPLL2ClockFreq  stm32h7xx_hal_rcc_ex.o
    0x08002b80   0x08002b80   0x00000230   Code   RO         2041    i.HAL_RCCEx_GetPLL3ClockFreq  stm32h7xx_hal_rcc_ex.o
    0x08002db0   0x08002db0   0x00000d68   Code   RO         2047    i.HAL_RCCEx_PeriphCLKConfig  stm32h7xx_hal_rcc_ex.o
    0x08003b18   0x08003b18   0x00000320   Code   RO         1923    i.HAL_RCC_ClockConfig  stm32h7xx_hal_rcc.o
    0x08003e38   0x08003e38   0x0000006c   Code   RO         1927    i.HAL_RCC_GetClockConfig  stm32h7xx_hal_rcc.o
    0x08003ea4   0x08003ea4   0x0000004c   Code   RO         1928    i.HAL_RCC_GetHCLKFreq  stm32h7xx_hal_rcc.o
    0x08003ef0   0x08003ef0   0x00000024   Code   RO         1930    i.HAL_RCC_GetPCLK1Freq  stm32h7xx_hal_rcc.o
    0x08003f14   0x08003f14   0x00000024   Code   RO         1931    i.HAL_RCC_GetPCLK2Freq  stm32h7xx_hal_rcc.o
    0x08003f38   0x08003f38   0x0000022c   Code   RO         1932    i.HAL_RCC_GetSysClockFreq  stm32h7xx_hal_rcc.o
    0x08004164   0x08004164   0x00000858   Code   RO         1935    i.HAL_RCC_OscConfig  stm32h7xx_hal_rcc.o
    0x080049bc   0x080049bc   0x00000002   Code   RO          855    i.HAL_TIMEx_Break2Callback  stm32h7xx_hal_tim_ex.o
    0x080049be   0x080049be   0x00000002   Code   RO          856    i.HAL_TIMEx_BreakCallback  stm32h7xx_hal_tim_ex.o
    0x080049c0   0x080049c0   0x00000002   Code   RO          857    i.HAL_TIMEx_CommutCallback  stm32h7xx_hal_tim_ex.o
    0x080049c2   0x080049c2   0x00000002   PAD
    0x080049c4   0x080049c4   0x000000cc   Code   RO          877    i.HAL_TIMEx_MasterConfigSynchronization  stm32h7xx_hal_tim_ex.o
    0x08004a90   0x08004a90   0x0000006e   Code   RO           15    i.HAL_TIM_Base_Init  stm32h7xx_hal_tim.o
    0x08004afe   0x08004afe   0x00000002   PAD
    0x08004b00   0x08004b00   0x00000078   Code   RO         6345    i.HAL_TIM_Base_MspInit  tim.o
    0x08004b78   0x08004b78   0x000000b4   Code   RO           20    i.HAL_TIM_Base_Start_IT  stm32h7xx_hal_tim.o
    0x08004c2c   0x08004c2c   0x0000003e   Code   RO           23    i.HAL_TIM_Base_Stop_IT  stm32h7xx_hal_tim.o
    0x08004c6a   0x08004c6a   0x00000002   PAD
    0x08004c6c   0x08004c6c   0x00000134   Code   RO           24    i.HAL_TIM_ConfigClockSource  stm32h7xx_hal_tim.o
    0x08004da0   0x08004da0   0x00000002   Code   RO           49    i.HAL_TIM_IC_CaptureCallback  stm32h7xx_hal_tim.o
    0x08004da2   0x08004da2   0x00000198   Code   RO           63    i.HAL_TIM_IRQHandler  stm32h7xx_hal_tim.o
    0x08004f3a   0x08004f3a   0x00000002   Code   RO           66    i.HAL_TIM_OC_DelayElapsedCallback  stm32h7xx_hal_tim.o
    0x08004f3c   0x08004f3c   0x00000002   Code   RO           93    i.HAL_TIM_PWM_PulseFinishedCallback  stm32h7xx_hal_tim.o
    0x08004f3e   0x08004f3e   0x00000002   PAD
    0x08004f40   0x08004f40   0x00000038   Code   RO         7155    i.HAL_TIM_PeriodElapsedCallback  car.o
    0x08004f78   0x08004f78   0x00000002   Code   RO          106    i.HAL_TIM_TriggerCallback  stm32h7xx_hal_tim.o
    0x08004f7a   0x08004f7a   0x0000004e   Code   RO         4676    i.HAL_UARTEx_DisableFifoMode  stm32h7xx_hal_uart_ex.o
    0x08004fc8   0x08004fc8   0x00000002   Code   RO         4260    i.HAL_UARTEx_RxEventCallback  stm32h7xx_hal_uart.o
    0x08004fca   0x08004fca   0x00000002   Code   RO         4684    i.HAL_UARTEx_RxFifoFullCallback  stm32h7xx_hal_uart_ex.o
    0x08004fcc   0x08004fcc   0x0000005e   Code   RO         4685    i.HAL_UARTEx_SetRxFifoThreshold  stm32h7xx_hal_uart_ex.o
    0x0800502a   0x0800502a   0x0000005e   Code   RO         4686    i.HAL_UARTEx_SetTxFifoThreshold  stm32h7xx_hal_uart_ex.o
    0x08005088   0x08005088   0x00000002   Code   RO         4688    i.HAL_UARTEx_TxFifoEmptyCallback  stm32h7xx_hal_uart_ex.o
    0x0800508a   0x0800508a   0x00000002   Code   RO         4689    i.HAL_UARTEx_WakeupCallback  stm32h7xx_hal_uart_ex.o
    0x0800508c   0x0800508c   0x00000002   Code   RO         4264    i.HAL_UART_AbortReceiveCpltCallback  stm32h7xx_hal_uart.o
    0x0800508e   0x0800508e   0x00000002   PAD
    0x08005090   0x08005090   0x00000100   Code   RO         4265    i.HAL_UART_AbortReceive_IT  stm32h7xx_hal_uart.o
    0x08005190   0x08005190   0x0000002c   Code   RO         7323    i.HAL_UART_ErrorCallback  uart_protocol_test.o
    0x080051bc   0x080051bc   0x00000008   Code   RO         4277    i.HAL_UART_GetError  stm32h7xx_hal_uart.o
    0x080051c4   0x080051c4   0x000004b6   Code   RO         4279    i.HAL_UART_IRQHandler  stm32h7xx_hal_uart.o
    0x0800567a   0x0800567a   0x00000078   Code   RO         4280    i.HAL_UART_Init     stm32h7xx_hal_uart.o
    0x080056f2   0x080056f2   0x00000002   PAD
    0x080056f4   0x080056f4   0x000001c0   Code   RO         6393    i.HAL_UART_MspInit  usart.o
    0x080058b4   0x080058b4   0x0000005c   Code   RO         4285    i.HAL_UART_Receive_IT  stm32h7xx_hal_uart.o
    0x08005910   0x08005910   0x00000024   Code   RO         7324    i.HAL_UART_RxCpltCallback  uart_protocol_test.o
    0x08005934   0x08005934   0x000000c2   Code   RO         4289    i.HAL_UART_Transmit  stm32h7xx_hal_uart.o
    0x080059f6   0x080059f6   0x00000002   Code   RO         4292    i.HAL_UART_TxCpltCallback  stm32h7xx_hal_uart.o
    0x080059f8   0x080059f8   0x00000004   Code   RO         6467    i.HardFault_Handler  stm32h7xx_it.o
    0x080059fc   0x080059fc   0x00000056   Code   RO         6635    i.I2C_ReadReg       myi2c.o
    0x08005a52   0x08005a52   0x00000002   PAD
    0x08005a54   0x08005a54   0x0000006c   Code   RO         6730    i.JY901S_Acc        jy901s.o
    0x08005ac0   0x08005ac0   0x0000006c   Code   RO         6731    i.JY901S_Angle      jy901s.o
    0x08005b2c   0x08005b2c   0x00000090   Code   RO         6732    i.JY901S_Gyro       jy901s.o
    0x08005bbc   0x08005bbc   0x00000088   Code   RO         6283    i.MX_FDCAN1_Init    fdcan.o
    0x08005c44   0x08005c44   0x000000a4   Code   RO         6251    i.MX_GPIO_Init      gpio.o
    0x08005ce8   0x08005ce8   0x0000006c   Code   RO         6346    i.MX_TIM2_Init      tim.o
    0x08005d54   0x08005d54   0x00000070   Code   RO         6347    i.MX_TIM3_Init      tim.o
    0x08005dc4   0x08005dc4   0x0000006c   Code   RO         6394    i.MX_USART1_UART_Init  usart.o
    0x08005e30   0x08005e30   0x0000006c   Code   RO         6395    i.MX_USART2_UART_Init  usart.o
    0x08005e9c   0x08005e9c   0x0000006c   Code   RO         6396    i.MX_USART3_UART_Init  usart.o
    0x08005f08   0x08005f08   0x00000004   Code   RO         6468    i.MemManage_Handler  stm32h7xx_it.o
    0x08005f0c   0x08005f0c   0x00000014   Code   RO         6637    i.MyI2C_R_SDA       myi2c.o
    0x08005f20   0x08005f20   0x0000001e   Code   RO         6638    i.MyI2C_ReceiveAck  myi2c.o
    0x08005f3e   0x08005f3e   0x00000034   Code   RO         6639    i.MyI2C_ReceiveByte  myi2c.o
    0x08005f72   0x08005f72   0x00000018   Code   RO         6640    i.MyI2C_SendAck     myi2c.o
    0x08005f8a   0x08005f8a   0x0000002a   Code   RO         6641    i.MyI2C_SendByte    myi2c.o
    0x08005fb4   0x08005fb4   0x0000001c   Code   RO         6642    i.MyI2C_Start       myi2c.o
    0x08005fd0   0x08005fd0   0x00000016   Code   RO         6643    i.MyI2C_Stop        myi2c.o
    0x08005fe6   0x08005fe6   0x00000002   PAD
    0x08005fe8   0x08005fe8   0x0000001c   Code   RO         6644    i.MyI2C_W_SCL       myi2c.o
    0x08006004   0x08006004   0x0000001c   Code   RO         6645    i.MyI2C_W_SDA       myi2c.o
    0x08006020   0x08006020   0x00000004   Code   RO         6469    i.NMI_Handler       stm32h7xx_it.o
    0x08006024   0x08006024   0x00000164   Code   RO         2050    i.RCCEx_PLL2_Config  stm32h7xx_hal_rcc_ex.o
    0x08006188   0x08006188   0x00000164   Code   RO         2051    i.RCCEx_PLL3_Config  stm32h7xx_hal_rcc_ex.o
    0x080062ec   0x080062ec   0x00000010   Code   RO         6470    i.SysTick_Handler   stm32h7xx_it.o
    0x080062fc   0x080062fc   0x00000128   Code   RO         4801    i.SystemInit        system_stm32h7xx.o
    0x08006424   0x08006424   0x00000010   Code   RO         6471    i.TIM1_UP_IRQHandler  stm32h7xx_it.o
    0x08006434   0x08006434   0x00000010   Code   RO         6472    i.TIM2_IRQHandler   stm32h7xx_it.o
    0x08006444   0x08006444   0x00000010   Code   RO         6473    i.TIM3_IRQHandler   stm32h7xx_it.o
    0x08006454   0x08006454   0x000000d4   Code   RO          108    i.TIM_Base_SetConfig  stm32h7xx_hal_tim.o
    0x08006528   0x08006528   0x00000016   Code   RO          119    i.TIM_ETR_SetConfig  stm32h7xx_hal_tim.o
    0x0800653e   0x0800653e   0x00000002   PAD
    0x08006540   0x08006540   0x00000018   Code   RO          120    i.TIM_ITRx_SetConfig  stm32h7xx_hal_tim.o
    0x08006558   0x08006558   0x00000026   Code   RO          128    i.TIM_TI1_ConfigInputStage  stm32h7xx_hal_tim.o
    0x0800657e   0x0800657e   0x00000028   Code   RO          130    i.TIM_TI2_ConfigInputStage  stm32h7xx_hal_tim.o
    0x080065a6   0x080065a6   0x00000002   PAD
    0x080065a8   0x080065a8   0x00000058   Code   RO         4690    i.UARTEx_SetNbDataToProcess  stm32h7xx_hal_uart_ex.o
    0x08006600   0x08006600   0x000000f8   Code   RO         4294    i.UART_AdvFeatureConfig  stm32h7xx_hal_uart.o
    0x080066f8   0x080066f8   0x000000ea   Code   RO         4295    i.UART_CheckIdleState  stm32h7xx_hal_uart.o
    0x080067e2   0x080067e2   0x00000014   Code   RO         4296    i.UART_DMAAbortOnError  stm32h7xx_hal_uart.o
    0x080067f6   0x080067f6   0x00000030   Code   RO         4301    i.UART_DMARxOnlyAbortCallback  stm32h7xx_hal_uart.o
    0x08006826   0x08006826   0x00000002   PAD
    0x08006828   0x08006828   0x0000006c   Code   RO         4306    i.UART_EndRxTransfer  stm32h7xx_hal_uart.o
    0x08006894   0x08006894   0x00000030   Code   RO         4307    i.UART_EndTransmit_IT  stm32h7xx_hal_uart.o
    0x080068c4   0x080068c4   0x00000104   Code   RO         4309    i.UART_RxISR_16BIT  stm32h7xx_hal_uart.o
    0x080069c8   0x080069c8   0x00000200   Code   RO         4310    i.UART_RxISR_16BIT_FIFOEN  stm32h7xx_hal_uart.o
    0x08006bc8   0x08006bc8   0x00000104   Code   RO         4311    i.UART_RxISR_8BIT   stm32h7xx_hal_uart.o
    0x08006ccc   0x08006ccc   0x000001fc   Code   RO         4312    i.UART_RxISR_8BIT_FIFOEN  stm32h7xx_hal_uart.o
    0x08006ec8   0x08006ec8   0x0000058c   Code   RO         4313    i.UART_SetConfig    stm32h7xx_hal_uart.o
    0x08007454   0x08007454   0x0000015c   Code   RO         4315    i.UART_Start_Receive_IT  stm32h7xx_hal_uart.o
    0x080075b0   0x080075b0   0x000000ac   Code   RO         4320    i.UART_WaitOnFlagUntilTimeout  stm32h7xx_hal_uart.o
    0x0800765c   0x0800765c   0x00000010   Code   RO         6474    i.USART1_IRQHandler  stm32h7xx_it.o
    0x0800766c   0x0800766c   0x00000010   Code   RO         6475    i.USART2_IRQHandler  stm32h7xx_it.o
    0x0800767c   0x0800767c   0x000001a0   Code   RO         7325    i.UartProtocolTest_FillActuatorCommand  uart_protocol_test.o
    0x0800781c   0x0800781c   0x000000cc   Code   RO         7327    i.UartProtocolTest_GetStats  uart_protocol_test.o
    0x080078e8   0x080078e8   0x00000088   Code   RO         7328    i.UartProtocolTest_Init  uart_protocol_test.o
    0x08007970   0x08007970   0x00000008   Code   RO         7329    i.UartProtocolTest_Process  uart_protocol_test.o
    0x08007978   0x08007978   0x00000054   Code   RO         7330    i.UartProtocolTest_ResetStats  uart_protocol_test.o
    0x080079cc   0x080079cc   0x00000004   Code   RO         6476    i.UsageFault_Handler  stm32h7xx_it.o
    0x080079d0   0x080079d0   0x000000a0   Code   RO         7156    i._Z10Debug_TaskPv  car.o
    0x08007a70   0x08007a70   0x00000056   Code   RO         5938    i._Z10MPU_Configv   main.o
    0x08007ac6   0x08007ac6   0x00000010   Code   RO         7157    i._Z12Control_TaskPv  car.o
    0x08007ad6   0x08007ad6   0x00000002   PAD
    0x08007ad8   0x08007ad8   0x00000018   Code   RO         6802    i._Z16Math_BitsToFloatj  dvc_motor_dji.o
    0x08007af0   0x08007af0   0x00000050   Code   RO         7158    i._Z16Motor_Check_TaskPv  car.o
    0x08007b40   0x08007b40   0x0000005c   Code   RO         6803    i._Z16allocate_tx_dataPK19FDCAN_HandleTypeDefRK17Enum_Motor_DJI_ID  dvc_motor_dji.o
    0x08007b9c   0x08007b9c   0x0000002e   Code   RO         7079    i._Z17CAN_Transmit_DataP19FDCAN_HandleTypeDeftPht  drv_can.o
    0x08007bca   0x08007bca   0x00000002   PAD
    0x08007bcc   0x08007bcc   0x000001f8   Code   RO         7159    i._Z18Motor_Control_TaskPv  car.o
    0x08007dc4   0x08007dc4   0x000000d4   Code   RO         5939    i._Z18SystemClock_Configv  main.o
    0x08007e98   0x08007e98   0x00000048   Code   RO         7160    i._Z20Normalize_Deg_Signedf  car.o
    0x08007ee0   0x08007ee0   0x00000014   Code   RO         7743    i._Z21Basic_Math_Rad_To_Degf  alg_basic_1.o
    0x08007ef4   0x08007ef4   0x0000009c   Code   RO         7161    i._Z21Can_Callback_FunctionR21FDCAN_RxHeaderTypeDefPh  car.o
    0x08007f90   0x08007f90   0x00000078   Code   RO         7080    i._Z22can_filter_mask_configP19FDCAN_HandleTypeDef  drv_can.o
    0x08008008   0x08008008   0x00000022   Code   RO         7748    i._Z28Basic_Math_Endian_Reverse_16PvS_  alg_basic_1.o
    0x0800802a   0x0800802a   0x00000002   PAD
    0x0800802c   0x0800802c   0x00000074   Code   RO         7081    i._Z33TIM_1ms_CAN_PeriodElapsedCallbackv  drv_can.o
    0x080080a0   0x080080a0   0x00000020   Code   RO         7083    i._Z8CAN_InitP19FDCAN_HandleTypeDefPFvR21FDCAN_RxHeaderTypeDefPhE  drv_can.o
    0x080080c0   0x080080c0   0x000000e8   Code   RO         7162    i._Z8Car_Initv      car.o
    0x080081a8   0x080081a8   0x000000f4   Code   RO         7163    i._Z9Car_StartPv    car.o
    0x0800829c   0x0800829c   0x00000160   Code   RO         7164    i._Z9Data_TaskPv    car.o
    0x080083fc   0x080083fc   0x000000f0   Code   RO         6804    i._ZN20Class_Motor_DJI_C62012Data_ProcessEv  dvc_motor_dji.o
    0x080084ec   0x080084ec   0x0000000a   Code   RO         7269    i._ZN20Class_Motor_DJI_C62017Set_Target_TorqueERKf  car.o
    0x080084f6   0x080084f6   0x00000012   Code   RO         6805    i._ZN20Class_Motor_DJI_C62018CAN_RxCpltCallbackEv  dvc_motor_dji.o
    0x08008508   0x08008508   0x000000c0   Code   RO         6806    i._ZN20Class_Motor_DJI_C62035TIM_Calculate_PeriodElapsedCallbackEv  dvc_motor_dji.o
    0x080085c8   0x080085c8   0x0000001c   Code   RO         6807    i._ZN20Class_Motor_DJI_C62037TIM_100ms_Alive_PeriodElapsedCallbackEv  dvc_motor_dji.o
    0x080085e4   0x080085e4   0x0000001c   Code   RO         6808    i._ZN20Class_Motor_DJI_C6204InitEPK19FDCAN_HandleTypeDefRK17Enum_Motor_DJI_ID  dvc_motor_dji.o
    0x08008600   0x08008600   0x0000002c   Code   RO         6809    i._ZN20Class_Motor_DJI_C6206OutputEv  dvc_motor_dji.o
    0x0800862c   0x0800862c   0x00000070   Code   RO         7251    i._ZN20Class_Motor_DJI_C620C1Ev  car.o
    0x0800869c   0x0800869c   0x000000cc   Code   RO         6810    i._ZN23Class_Motor_DJI_GIM601012Data_ProcessEh  dvc_motor_dji.o
    0x08008768   0x08008768   0x0000000a   Code   RO         7275    i._ZN23Class_Motor_DJI_GIM601017Set_Target_TorqueERKf  car.o
    0x08008772   0x08008772   0x00000016   Code   RO         6811    i._ZN23Class_Motor_DJI_GIM601018CAN_RxCpltCallbackEh  dvc_motor_dji.o
    0x08008788   0x08008788   0x00000028   Code   RO         6812    i._ZN23Class_Motor_DJI_GIM601035TIM_Calculate_PeriodElapsedCallbackEv  dvc_motor_dji.o
    0x080087b0   0x080087b0   0x0000001c   Code   RO         6813    i._ZN23Class_Motor_DJI_GIM601037TIM_100ms_Alive_PeriodElapsedCallbackEv  dvc_motor_dji.o
    0x080087cc   0x080087cc   0x00000074   Code   RO         6814    i._ZN23Class_Motor_DJI_GIM60104InitEPK19FDCAN_HandleTypeDefRK17Enum_Motor_DJI_IDRKf  dvc_motor_dji.o
    0x08008840   0x08008840   0x00000032   Code   RO         6815    i._ZN23Class_Motor_DJI_GIM60106OutputEv  dvc_motor_dji.o
    0x08008872   0x08008872   0x00000002   PAD
    0x08008874   0x08008874   0x00000048   Code   RO         7245    i._ZN23Class_Motor_DJI_GIM6010C1Ev  car.o
    0x080088bc   0x080088bc   0x0000003c   Code   RO         6816    i._ZN41_GLOBAL__N__17_dvc_motor_dji_cpp_cb4cff4622NormalizeAnglePositiveEf  dvc_motor_dji.o
    0x080088f8   0x080088f8   0x00000120   Code   RO         6817    i._ZN41_GLOBAL__N__17_dvc_motor_dji_cpp_cb4cff4625MapGIM6010AngleToLegFrameE17Enum_Motor_DJI_IDffPfS1_  dvc_motor_dji.o
    0x08008a18   0x08008a18   0x00000028   Code   RO         7331    i._ZN46_GLOBAL__N__22_uart_protocol_test_cpp_cc01652910Crc16CcittEPKht  uart_protocol_test.o
    0x08008a40   0x08008a40   0x00000016   Code   RO         7332    i._ZN46_GLOBAL__N__22_uart_protocol_test_cpp_cc01652910WriteF32LeEPhf  uart_protocol_test.o
    0x08008a56   0x08008a56   0x00000008   Code   RO         7333    i._ZN46_GLOBAL__N__22_uart_protocol_test_cpp_cc01652910WriteU16LeEPht  uart_protocol_test.o
    0x08008a5e   0x08008a5e   0x00000010   Code   RO         7334    i._ZN46_GLOBAL__N__22_uart_protocol_test_cpp_cc01652910WriteU32LeEPhj  uart_protocol_test.o
    0x08008a6e   0x08008a6e   0x00000002   PAD
    0x08008a70   0x08008a70   0x00000144   Code   RO         7335    i._ZN46_GLOBAL__N__22_uart_protocol_test_cpp_cc01652911ConsumeByteEh  uart_protocol_test.o
    0x08008bb4   0x08008bb4   0x0000008c   Code   RO         7336    i._ZN46_GLOBAL__N__22_uart_protocol_test_cpp_cc01652911MarkFrameOkEv  uart_protocol_test.o
    0x08008c40   0x08008c40   0x00000034   Code   RO         7337    i._ZN46_GLOBAL__N__22_uart_protocol_test_cpp_cc01652911ResetParserEv  uart_protocol_test.o
    0x08008c74   0x08008c74   0x00000036   Code   RO         7338    i._ZN46_GLOBAL__N__22_uart_protocol_test_cpp_cc01652914ApplySlewLimitEfff  uart_protocol_test.o
    0x08008caa   0x08008caa   0x00000002   PAD
    0x08008cac   0x08008cac   0x00000028   Code   RO         7339    i._ZN46_GLOBAL__N__22_uart_protocol_test_cpp_cc01652914RestartReceiveEv  uart_protocol_test.o
    0x08008cd4   0x08008cd4   0x00000078   Code   RO         7340    i._ZN46_GLOBAL__N__22_uart_protocol_test_cpp_cc01652915BuildOnlineMaskEv  uart_protocol_test.o
    0x08008d4c   0x08008d4c   0x0000002c   Code   RO         7341    i._ZN46_GLOBAL__N__22_uart_protocol_test_cpp_cc01652916Crc16CcittUpdateEth  uart_protocol_test.o
    0x08008d78   0x08008d78   0x00000298   Code   RO         7342    i._ZN46_GLOBAL__N__22_uart_protocol_test_cpp_cc01652916FillStatePayloadEPNS_12StatePayloadEj  uart_protocol_test.o
    0x08009010   0x08009010   0x00000068   Code   RO         7343    i._ZN46_GLOBAL__N__22_uart_protocol_test_cpp_cc01652917CalculateFrameCrcEv  uart_protocol_test.o
    0x08009078   0x08009078   0x0000001e   Code   RO         7344    i._ZN46_GLOBAL__N__22_uart_protocol_test_cpp_cc01652918BuildCanErrorCountEh  uart_protocol_test.o
    0x08009096   0x08009096   0x0000002e   Code   RO         7345    i._ZN46_GLOBAL__N__22_uart_protocol_test_cpp_cc01652918ConstrainSymmetricEff  uart_protocol_test.o
    0x080090c4   0x080090c4   0x0000014e   Code   RO         7346    i._ZN46_GLOBAL__N__22_uart_protocol_test_cpp_cc01652918EncodeStatePayloadERKNS_12StatePayloadEPh  uart_protocol_test.o
    0x08009212   0x08009212   0x00000002   PAD
    0x08009214   0x08009214   0x00000178   Code   RO         7347    i._ZN46_GLOBAL__N__22_uart_protocol_test_cpp_cc01652918TrySendStatusFrameEv  uart_protocol_test.o
    0x0800938c   0x0800938c   0x00000094   Code   RO         7348    i._ZN46_GLOBAL__N__22_uart_protocol_test_cpp_cc01652920DecodeCommandPayloadEv  uart_protocol_test.o
    0x08009420   0x08009420   0x0000002c   Code   RO         7349    i._ZN46_GLOBAL__N__22_uart_protocol_test_cpp_cc0165299ReadF32LeEPKh  uart_protocol_test.o
    0x0800944c   0x0800944c   0x00000006   Code   RO         7521    i._ZNK20Class_Motor_DJI_C62013Get_Now_OmegaEv  uart_protocol_test.o
    0x08009452   0x08009452   0x00000006   Code   RO         7509    i._ZNK20Class_Motor_DJI_C62014Get_Now_TorqueEv  uart_protocol_test.o
    0x08009458   0x08009458   0x00000008   Code   RO         7527    i._ZNK23Class_Motor_DJI_GIM601010Get_StatusEv  uart_protocol_test.o
    0x08009460   0x08009460   0x00000006   Code   RO         7263    i._ZNK23Class_Motor_DJI_GIM601013Get_Now_AngleEv  car.o
    0x08009466   0x08009466   0x00000006   Code   RO         7257    i._ZNK23Class_Motor_DJI_GIM601013Get_Now_OmegaEv  car.o
    0x0800946c   0x0800946c   0x00000006   Code   RO         7515    i._ZNK23Class_Motor_DJI_GIM601014Get_Now_TorqueEv  uart_protocol_test.o
    0x08009472   0x08009472   0x00000002   PAD
    0x08009474   0x08009474   0x00000010   Code   RO         1167    i.__NVIC_GetPriorityGrouping  stm32h7xx_hal_cortex.o
    0x08009484   0x08009484   0x00000028   Code   RO         1168    i.__NVIC_SetPriority  stm32h7xx_hal_cortex.o
    0x080094ac   0x080094ac   0x00000040   Code   RO         7165    i.__sti___7_Car_cpp_3aa1ef0f  car.o
    0x080094ec   0x080094ec   0x0000000e   Code   RO        14515    i._is_digit         c_w.l(__printf_wp.o)
    0x080094fa   0x080094fa   0x00000006   Code   RO         6397    i.ferror            usart.o
    0x08009500   0x08009500   0x0000001c   Code   RO         6398    i.fputc             usart.o
    0x0800951c   0x0800951c   0x00000030   Code   RO         5940    i.main              main.o
    0x0800954c   0x0800954c   0x000000c0   Code   RO         5553    i.prvAddCurrentTaskToDelayedList  tasks.o
    0x0800960c   0x0800960c   0x000000ec   Code   RO         5554    i.prvAddNewTaskToReadyList  tasks.o
    0x080096f8   0x080096f8   0x00000048   Code   RO         5555    i.prvCheckTasksWaitingTermination  tasks.o
    0x08009740   0x08009740   0x00000012   Code   RO         5556    i.prvDeleteTCB      tasks.o
    0x08009752   0x08009752   0x00000002   PAD
    0x08009754   0x08009754   0x00000070   Code   RO         4932    i.prvHeapInit       heap_4.o
    0x080097c4   0x080097c4   0x00000028   Code   RO         5557    i.prvIdleTask       tasks.o
    0x080097ec   0x080097ec   0x000000d4   Code   RO         5558    i.prvInitialiseNewTask  tasks.o
    0x080098c0   0x080098c0   0x00000068   Code   RO         5559    i.prvInitialiseTaskLists  tasks.o
    0x08009928   0x08009928   0x00000068   Code   RO         4933    i.prvInsertBlockIntoFreeList  heap_4.o
    0x08009990   0x08009990   0x00000030   Code   RO         5561    i.prvResetNextTaskUnblockTime  tasks.o
    0x080099c0   0x080099c0   0x00000048   Code   RO         4840    i.prvTaskExitError  port.o
    0x08009a08   0x08009a08   0x00000134   Code   RO         4935    i.pvPortMalloc      heap_4.o
    0x08009b3c   0x08009b3c   0x0000002c   Code   RO         4841    i.pxPortInitialiseStack  port.o
    0x08009b68   0x08009b68   0x000000ac   Code   RO         5566    i.ulTaskGenericNotifyTake  tasks.o
    0x08009c14   0x08009c14   0x00000028   Code   RO         5133    i.uxListRemove      list.o
    0x08009c3c   0x08009c3c   0x0000001a   Code   RO         5134    i.vListInitialise   list.o
    0x08009c56   0x08009c56   0x00000006   Code   RO         5135    i.vListInitialiseItem  list.o
    0x08009c5c   0x08009c5c   0x00000034   Code   RO         5136    i.vListInsert       list.o
    0x08009c90   0x08009c90   0x00000018   Code   RO         5137    i.vListInsertEnd    list.o
    0x08009ca8   0x08009ca8   0x0000005c   Code   RO         4843    i.vPortEnterCritical  port.o
    0x08009d04   0x08009d04   0x00000040   Code   RO         4844    i.vPortExitCritical  port.o
    0x08009d44   0x08009d44   0x00000094   Code   RO         4936    i.vPortFree         heap_4.o
    0x08009dd8   0x08009dd8   0x00000028   Code   RO         4845    i.vPortSetupTimerInterrupt  port.o
    0x08009e00   0x08009e00   0x00000060   Code   RO         5574    i.vTaskDelay        tasks.o
    0x08009e60   0x08009e60   0x00000100   Code   RO         5575    i.vTaskDelete       tasks.o
    0x08009f60   0x08009f60   0x00000098   Code   RO         5590    i.vTaskStartScheduler  tasks.o
    0x08009ff8   0x08009ff8   0x00000010   Code   RO         5592    i.vTaskSuspendAll   tasks.o
    0x0800a008   0x0800a008   0x00000090   Code   RO         5593    i.vTaskSwitchContext  tasks.o
    0x0800a098   0x0800a098   0x00000114   Code   RO         4847    i.xPortStartScheduler  port.o
    0x0800a1ac   0x0800a1ac   0x00000038   Code   RO         4848    i.xPortSysTickHandler  port.o
    0x0800a1e4   0x0800a1e4   0x00000068   Code   RO         5596    i.xTaskCreate       tasks.o
    0x0800a24c   0x0800a24c   0x000000e4   Code   RO         5597    i.xTaskDelayUntil   tasks.o
    0x0800a330   0x0800a330   0x000001e0   Code   RO         5598    i.xTaskGenericNotify  tasks.o
    0x0800a510   0x0800a510   0x00000020   Code   RO         5603    i.xTaskGetSchedulerState  tasks.o
    0x0800a530   0x0800a530   0x0000000c   Code   RO         5604    i.xTaskGetTickCount  tasks.o
    0x0800a53c   0x0800a53c   0x000001c0   Code   RO         5606    i.xTaskIncrementTick  tasks.o
    0x0800a6fc   0x0800a6fc   0x0000017c   Code   RO         5610    i.xTaskResumeAll    tasks.o
    0x0800a878   0x0800a878   0x00000030   Code   RO         6913    t._Z20Basic_Math_ConstrainIfET_PS0_S0_S0_  dvc_motor_dji.o
    0x0800a8a8   0x0800a8a8   0x0000000a   Code   RO        14855    x$fpl$fpinit        fz_wv.l(fpinit.o)
    0x0800a8b2   0x0800a8b2   0x00000002   PAD
    0x0800a8b4   0x0800a8b4   0x0000005c   Data   RO         1404    .constdata          stm32h7xx_hal_fdcan.o
    0x0800a910   0x0800a910   0x00000018   Data   RO         4321    .constdata          stm32h7xx_hal_uart.o
    0x0800a928   0x0800a928   0x00000010   Data   RO         4692    .constdata          stm32h7xx_hal_uart_ex.o
    0x0800a938   0x0800a938   0x00000010   Data   RO         4802    .constdata          system_stm32h7xx.o
    0x0800a948   0x0800a948   0x00000010   Data   RO         7768    .constdata          alg_basic_1.o
    0x0800a958   0x0800a958   0x00000028   Data   RO        14488    .constdata          c_w.l(_printf_hex_int.o)
    0x0800a980   0x0800a980   0x00000011   Data   RO        14523    .constdata          c_w.l(__printf_flags_ss_wp.o)
    0x0800a991   0x0800a991   0x00000003   PAD
    0x0800a994   0x0800a994   0x000000b3   Data   RO         7178    .conststring        car.o
    0x0800aa47   0x0800aa47   0x00000001   PAD
    0x0800aa48   0x0800aa48   0x00000020   Data   RO        14957    Region$$Table       anon$$obj.o
    0x0800aa68   0x0800aa68   0x00000004   Data   RO         7180    .init_array         car.o
    0x0800aa6c   0x0800aa68   0x00000000   Data   RO        14550    .init_array         c_w.l(init_aeabi.o)


    Execution Region RW_IRAM1 (Exec base: 0x20000000, Load base: 0x0800aa6c, Size: 0x00000000, Max: 0x00020000, ABSOLUTE)

    **** No section assigned to this execution region ****


    Execution Region RW_IRAM2 (Exec base: 0x24000000, Load base: 0x0800aa6c, Size: 0x00007490, Max: 0x00080000, ABSOLUTE, COMPRESSED[0x00000018])

    Exec Addr    Load Addr    Size         Type   Attr      Idx    E Section Name        Object

    0x24000000   COMPRESSED   0x00000009   Data   RW         3389    .data               stm32h7xx_hal.o
    0x24000009   COMPRESSED   0x00000003   PAD
    0x2400000c   COMPRESSED   0x00000008   Data   RW         4803    .data               system_stm32h7xx.o
    0x24000014   COMPRESSED   0x0000000c   Data   RW         4849    .data               port.o
    0x24000020   COMPRESSED   0x0000001c   Data   RW         4942    .data               heap_4.o
    0x2400003c   COMPRESSED   0x00000040   Data   RW         5613    .data               tasks.o
    0x2400007c   COMPRESSED   0x00000004   Data   RW         6400    .data               usart.o
    0x24000080   COMPRESSED   0x00000001   Data   RW         6773    .data               delay.o
    0x24000081   COMPRESSED   0x00000003   PAD
    0x24000084   COMPRESSED   0x00000010   Data   RW         6834    .data               dvc_motor_dji.o
    0x24000094   COMPRESSED   0x0000002c   Data   RW         7092    .data               drv_can.o
    0x240000c0   COMPRESSED   0x0000006e   Data   RW         7179    .data               car.o
    0x2400012e   COMPRESSED   0x00000002   PAD
    0x24000130   COMPRESSED   0x00000078   Data   RW         7378    .data               uart_protocol_test.o
    0x240001a8        -       0x00006400   Zero   RW         4941    .bss                heap_4.o
    0x240065a8        -       0x000000f0   Zero   RW         5612    .bss                tasks.o
    0x24006698        -       0x000000a0   Zero   RW         6284    .bss                fdcan.o
    0x24006738        -       0x00000098   Zero   RW         6348    .bss                tim.o
    0x240067d0        -       0x000001bc   Zero   RW         6399    .bss                usart.o
    0x2400698c        -       0x0000004c   Zero   RW         6599    .bss                stm32h7xx_hal_timebase_tim.o
    0x240069d8        -       0x00000078   Zero   RW         7091    .bss                drv_can.o
    0x24006a50        -       0x00000208   Zero   RW         7177    .bss                car.o
    0x24006c58        -       0x000001d8   Zero   RW         7377    .bss                uart_protocol_test.o
    0x24006e30        -       0x00000060   Zero   RW        14864    .bss                c_w.l(libspace.o)
    0x24006e90        -       0x00000200   Zero   RW            2    HEAP                startup_stm32h743xx.o
    0x24007090        -       0x00000400   Zero   RW            1    STACK               startup_stm32h743xx.o


==============================================================================

Image component sizes


      Code (inc. data)   RO Data    RW Data    ZI Data      Debug   Object Name

        54          6         16          0          0       2266   alg_basic_1.o
      2152        466        183        110        520      18736   car.o
         0          0          0          0          0       6016   croutine.o
        52          8          0          1          0        775   delay.o
       436         54          0         44        120       5685   drv_can.o
      1522        124          0         16          0    1051299   dvc_motor_dji.o
         0          0          0          0          0       6020   event_groups.o
       328         24          0          0        160       2039   fdcan.o
       164          8          0          0          0       1123   gpio.o
       672         58          0         28      25600      10447   heap_4.o
       360         34          0          0          0       1994   jy901s.o
       148          0          0          0          0       3658   list.o
       352          8          0          0          0    1248336   main.o
       360         16          0          0          0       5651   myi2c.o
       838         72          0         12          0      12944   port.o
        72         30        664          0       1536        868   startup_stm32h743xx.o
       144         34          0          9          0      22293   stm32h7xx_hal.o
       458         40          0          0          0      41736   stm32h7xx_hal_cortex.o
      2164         34          0          0          0       4399   stm32h7xx_hal_dma.o
      3744         54         92          0          0      24033   stm32h7xx_hal_fdcan.o
       536         52          0          0          0       3003   stm32h7xx_hal_gpio.o
        48          6          0          0          0        982   stm32h7xx_hal_msp.o
        96          6          0          0          0        793   stm32h7xx_hal_pwr_ex.o
      3748        124          0          0          0       7857   stm32h7xx_hal_rcc.o
      5300        108          0          0          0       7557   stm32h7xx_hal_rcc_ex.o
      1412         86          0          0          0    1331338   stm32h7xx_hal_tim.o
       210         30          0          0          0       3368   stm32h7xx_hal_tim_ex.o
       148         20          0          0         76       1667   stm32h7xx_hal_timebase_tim.o
      6068        210         24          0          0      41212   stm32h7xx_hal_uart.o
       360         10         16          0          0       5726   stm32h7xx_hal_uart_ex.o
       150         42          0          0          0       7080   stm32h7xx_it.o
       332         46         16          8          0       1985   system_stm32h7xx.o
      3442        378          0         64        240      27803   tasks.o
       340         24          0          0        152       2619   tim.o
      3560        406          0        120        472    1109481   uart_protocol_test.o
       806         60          0          4        444       5833   usart.o

    ----------------------------------------------------------------------
     40628       2678       1044        424      29320    5028622   Object Totals
         0          0         32          0          0          0   (incl. Generated)
        52          0          1          8          0          0   (incl. Padding)

    ----------------------------------------------------------------------

      Code (inc. data)   RO Data    RW Data    ZI Data      Debug   Library Member Name

        90          0          0          0          0          0   __dczerorl2.o
         8          0          0          0          0         68   __main.o
       392          4         17          0          0         92   __printf_flags_ss_wp.o
        14          0          0          0          0         68   __printf_wp.o
         0          0          0          0          0          0   __rtentry.o
        12          0          0          0          0          0   __rtentry2.o
         6          0          0          0          0          0   __rtentry4.o
        52          8          0          0          0          0   __scatter.o
        28          0          0          0          0          0   __scatter_zi.o
        48          6          0          0          0         96   _printf_char_common.o
        36          4          0          0          0         80   _printf_char_file.o
       120         16          0          0          0         92   _printf_dec.o
        88          4         40          0          0         88   _printf_hex_int.o
       178          0          0          0          0         88   _printf_intcommon.o
        78          0          0          0          0        108   _printf_pad.o
         0          0          0          0          0          0   _printf_percent.o
         4          0          0          0          0          0   _printf_percent_end.o
         6          0          0          0          0          0   _printf_u.o
         6          0          0          0          0          0   _printf_x.o
        16          0          0          0          0         68   aeabi_memset.o
        18          0          0          0          0         80   exit.o
         6          0          0          0          0        152   heapauxi.o
         0          0          0          0          0          0   indicate_semi.o
        36         10          0          0          0         80   init_aeabi.o
         2          0          0          0          0          0   libinit.o
        10          0          0          0          0          0   libinit2.o
         2          0          0          0          0          0   libshutdown.o
         2          0          0          0          0          0   libshutdown2.o
         8          4          0          0         96         68   libspace.o
       238          0          0          0          0        100   lludivv7m.o
        24          4          0          0          0         84   noretval__2printf.o
        68          0          0          0          0         68   rt_memclr.o
        78          0          0          0          0         80   rt_memclr_w.o
       100          0          0          0          0         80   rt_memcpy_w.o
         2          0          0          0          0          0   rtexit.o
        10          0          0          0          0          0   rtexit2.o
        12          4          0          0          0         68   sys_exit.o
        74          0          0          0          0         80   sys_stackheap_outer.o
         2          0          0          0          0         68   use_no_semi.o
        10          0          0          0          0        116   fpinit.o

    ----------------------------------------------------------------------
      1896         64         60          0         96       1972   Library Totals
        12          0          3          0          0          0   (incl. Padding)

    ----------------------------------------------------------------------

      Code (inc. data)   RO Data    RW Data    ZI Data      Debug   Library Name

      1874         64         57          0         96       1856   c_w.l
        10          0          0          0          0        116   fz_wv.l

    ----------------------------------------------------------------------
      1896         64         60          0         96       1972   Library Totals

    ----------------------------------------------------------------------

==============================================================================


      Code (inc. data)   RO Data    RW Data    ZI Data      Debug   

     42524       2742       1104        424      29416    5004558   Grand Totals
     42524       2742       1104         24      29416    5004558   ELF Image Totals (compressed)
     42524       2742       1104         24          0          0   ROM Totals

==============================================================================

    Total RO  Size (Code + RO Data)                43628 (  42.61kB)
    Total RW  Size (RW Data + ZI Data)             29840 (  29.14kB)
    Total ROM Size (Code + RO Data + RW Data)      43652 (  42.63kB)

==============================================================================

